<?xml version="1.0" encoding="ISO-8859-1" ?>
<link_info>
   <banner>TI ARM Linker PC v20.2.5.LTS</banner>
   <copyright>Copyright (c) 1996-2018 Texas Instruments Incorporated</copyright>
   <link_time>0x61953d2f</link_time>
   <link_errors>0x0</link_errors>
   <output_file>DriverLibrary_Mod9.out</output_file>
   <entry_point>
      <name>_c_int00_noargs</name>
      <address>0x780d</address>
   </entry_point>
   <input_file_list>
      <input_file id="fl-2">
         <path>.\</path>
         <kind>object</kind>
         <file>Bump.obj</file>
         <name>Bump.obj</name>
      </input_file>
      <input_file id="fl-3">
         <path>.\</path>
         <kind>object</kind>
         <file>Clock_DL.obj</file>
         <name>Clock_DL.obj</name>
      </input_file>
      <input_file id="fl-4">
         <path>.\</path>
         <kind>object</kind>
         <file>FSM.obj</file>
         <name>FSM.obj</name>
      </input_file>
      <input_file id="fl-5">
         <path>.\</path>
         <kind>object</kind>
         <file>FSMSwitchDebounce.obj</file>
         <name>FSMSwitchDebounce.obj</name>
      </input_file>
      <input_file id="fl-6">
         <path>.\</path>
         <kind>object</kind>
         <file>LaunchPad.obj</file>
         <name>LaunchPad.obj</name>
      </input_file>
      <input_file id="fl-7">
         <path>.\</path>
         <kind>object</kind>
         <file>Motor_Skeleton.obj</file>
         <name>Motor_Skeleton.obj</name>
      </input_file>
      <input_file id="fl-8">
         <path>.\</path>
         <kind>object</kind>
         <file>Nokia5110_skeleton.obj</file>
         <name>Nokia5110_skeleton.obj</name>
      </input_file>
      <input_file id="fl-9">
         <path>.\</path>
         <kind>object</kind>
         <file>PWM.obj</file>
         <name>PWM.obj</name>
      </input_file>
      <input_file id="fl-a">
         <path>.\</path>
         <kind>object</kind>
         <file>Reflectance.obj</file>
         <name>Reflectance.obj</name>
      </input_file>
      <input_file id="fl-b">
         <path>.\</path>
         <kind>object</kind>
         <file>Switch.obj</file>
         <name>Switch.obj</name>
      </input_file>
      <input_file id="fl-c">
         <path>.\</path>
         <kind>object</kind>
         <file>TimerA1_skeleton.obj</file>
         <name>TimerA1_skeleton.obj</name>
      </input_file>
      <input_file id="fl-d">
         <path>.\</path>
         <kind>object</kind>
         <file>adc14.obj</file>
         <name>adc14.obj</name>
      </input_file>
      <input_file id="fl-e">
         <path>.\</path>
         <kind>object</kind>
         <file>aes256.obj</file>
         <name>aes256.obj</name>
      </input_file>
      <input_file id="fl-f">
         <path>.\</path>
         <kind>object</kind>
         <file>comp_e.obj</file>
         <name>comp_e.obj</name>
      </input_file>
      <input_file id="fl-10">
         <path>.\</path>
         <kind>object</kind>
         <file>cpu.obj</file>
         <name>cpu.obj</name>
      </input_file>
      <input_file id="fl-11">
         <path>.\</path>
         <kind>object</kind>
         <file>crc32.obj</file>
         <name>crc32.obj</name>
      </input_file>
      <input_file id="fl-12">
         <path>.\</path>
         <kind>object</kind>
         <file>cs.obj</file>
         <name>cs.obj</name>
      </input_file>
      <input_file id="fl-13">
         <path>.\</path>
         <kind>object</kind>
         <file>dma.obj</file>
         <name>dma.obj</name>
      </input_file>
      <input_file id="fl-14">
         <path>.\</path>
         <kind>object</kind>
         <file>flash.obj</file>
         <name>flash.obj</name>
      </input_file>
      <input_file id="fl-15">
         <path>.\</path>
         <kind>object</kind>
         <file>fpu.obj</file>
         <name>fpu.obj</name>
      </input_file>
      <input_file id="fl-16">
         <path>.\</path>
         <kind>object</kind>
         <file>gpio.obj</file>
         <name>gpio.obj</name>
      </input_file>
      <input_file id="fl-17">
         <path>.\</path>
         <kind>object</kind>
         <file>i2c.obj</file>
         <name>i2c.obj</name>
      </input_file>
      <input_file id="fl-18">
         <path>.\</path>
         <kind>object</kind>
         <file>interrupt.obj</file>
         <name>interrupt.obj</name>
      </input_file>
      <input_file id="fl-19">
         <path>.\</path>
         <kind>object</kind>
         <file>main.obj</file>
         <name>main.obj</name>
      </input_file>
      <input_file id="fl-1a">
         <path>.\</path>
         <kind>object</kind>
         <file>mpu.obj</file>
         <name>mpu.obj</name>
      </input_file>
      <input_file id="fl-1b">
         <path>.\</path>
         <kind>object</kind>
         <file>pcm.obj</file>
         <name>pcm.obj</name>
      </input_file>
      <input_file id="fl-1c">
         <path>.\</path>
         <kind>object</kind>
         <file>pmap.obj</file>
         <name>pmap.obj</name>
      </input_file>
      <input_file id="fl-1d">
         <path>.\</path>
         <kind>object</kind>
         <file>pss.obj</file>
         <name>pss.obj</name>
      </input_file>
      <input_file id="fl-1e">
         <path>.\</path>
         <kind>object</kind>
         <file>ref_a.obj</file>
         <name>ref_a.obj</name>
      </input_file>
      <input_file id="fl-1f">
         <path>.\</path>
         <kind>object</kind>
         <file>reset.obj</file>
         <name>reset.obj</name>
      </input_file>
      <input_file id="fl-20">
         <path>.\</path>
         <kind>object</kind>
         <file>rtc_c.obj</file>
         <name>rtc_c.obj</name>
      </input_file>
      <input_file id="fl-21">
         <path>.\</path>
         <kind>object</kind>
         <file>spi.obj</file>
         <name>spi.obj</name>
      </input_file>
      <input_file id="fl-22">
         <path>.\</path>
         <kind>object</kind>
         <file>startup_msp432p401r_ccs.obj</file>
         <name>startup_msp432p401r_ccs.obj</name>
      </input_file>
      <input_file id="fl-23">
         <path>.\</path>
         <kind>object</kind>
         <file>sysctl.obj</file>
         <name>sysctl.obj</name>
      </input_file>
      <input_file id="fl-24">
         <path>.\</path>
         <kind>object</kind>
         <file>system_msp432p401r.obj</file>
         <name>system_msp432p401r.obj</name>
      </input_file>
      <input_file id="fl-25">
         <path>.\</path>
         <kind>object</kind>
         <file>systick.obj</file>
         <name>systick.obj</name>
      </input_file>
      <input_file id="fl-26">
         <path>.\</path>
         <kind>object</kind>
         <file>timer32.obj</file>
         <name>timer32.obj</name>
      </input_file>
      <input_file id="fl-27">
         <path>.\</path>
         <kind>object</kind>
         <file>timer_a.obj</file>
         <name>timer_a.obj</name>
      </input_file>
      <input_file id="fl-28">
         <path>.\</path>
         <kind>object</kind>
         <file>uart.obj</file>
         <name>uart.obj</name>
      </input_file>
      <input_file id="fl-29">
         <path>.\</path>
         <kind>object</kind>
         <file>wdt_a.obj</file>
         <name>wdt_a.obj</name>
      </input_file>
      <input_file id="fl-2d">
         <kind>object</kind>
         <file>&lt;internal&gt;</file>
         <name>&lt;internal&gt;</name>
      </input_file>
      <input_file id="fl-e3">
         <path>C:\ti\ccs1040\ccs\tools\compiler\ti-cgt-arm_20.2.5.LTS\lib\</path>
         <kind>archive</kind>
         <file>rtsv7M4_T_le_v4SPD16_eabi.lib</file>
         <name>sprintf.c.obj</name>
      </input_file>
      <input_file id="fl-e4">
         <path>C:\ti\ccs1040\ccs\tools\compiler\ti-cgt-arm_20.2.5.LTS\lib\</path>
         <kind>archive</kind>
         <file>rtsv7M4_T_le_v4SPD16_eabi.lib</file>
         <name>memcpy_t2.asm.obj</name>
      </input_file>
      <input_file id="fl-e5">
         <path>C:\ti\ccs1040\ccs\tools\compiler\ti-cgt-arm_20.2.5.LTS\lib\</path>
         <kind>archive</kind>
         <file>rtsv7M4_T_le_v4SPD16_eabi.lib</file>
         <name>copy_zero_init.c.obj</name>
      </input_file>
      <input_file id="fl-e6">
         <path>C:\ti\ccs1040\ccs\tools\compiler\ti-cgt-arm_20.2.5.LTS\lib\</path>
         <kind>archive</kind>
         <file>rtsv7M4_T_le_v4SPD16_eabi.lib</file>
         <name>copy_decompress_none.c.obj</name>
      </input_file>
      <input_file id="fl-e7">
         <path>C:\ti\ccs1040\ccs\tools\compiler\ti-cgt-arm_20.2.5.LTS\lib\</path>
         <kind>archive</kind>
         <file>rtsv7M4_T_le_v4SPD16_eabi.lib</file>
         <name>copy_decompress_lzss.c.obj</name>
      </input_file>
      <input_file id="fl-e8">
         <path>C:\ti\ccs1040\ccs\tools\compiler\ti-cgt-arm_20.2.5.LTS\lib\</path>
         <kind>archive</kind>
         <file>rtsv7M4_T_le_v4SPD16_eabi.lib</file>
         <name>boot_cortex_m.c.obj</name>
      </input_file>
      <input_file id="fl-e9">
         <path>C:\ti\ccs1040\ccs\tools\compiler\ti-cgt-arm_20.2.5.LTS\lib\</path>
         <kind>archive</kind>
         <file>rtsv7M4_T_le_v4SPD16_eabi.lib</file>
         <name>_printfi.c.obj</name>
      </input_file>
      <input_file id="fl-ea">
         <path>C:\ti\ccs1040\ccs\tools\compiler\ti-cgt-arm_20.2.5.LTS\lib\</path>
         <kind>archive</kind>
         <file>rtsv7M4_T_le_v4SPD16_eabi.lib</file>
         <name>s_frexp.c.obj</name>
      </input_file>
      <input_file id="fl-eb">
         <path>C:\ti\ccs1040\ccs\tools\compiler\ti-cgt-arm_20.2.5.LTS\lib\</path>
         <kind>archive</kind>
         <file>rtsv7M4_T_le_v4SPD16_eabi.lib</file>
         <name>s_scalbn.c.obj</name>
      </input_file>
      <input_file id="fl-ec">
         <path>C:\ti\ccs1040\ccs\tools\compiler\ti-cgt-arm_20.2.5.LTS\lib\</path>
         <kind>archive</kind>
         <file>rtsv7M4_T_le_v4SPD16_eabi.lib</file>
         <name>wcslen.c.obj</name>
      </input_file>
      <input_file id="fl-ed">
         <path>C:\ti\ccs1040\ccs\tools\compiler\ti-cgt-arm_20.2.5.LTS\lib\</path>
         <kind>archive</kind>
         <file>rtsv7M4_T_le_v4SPD16_eabi.lib</file>
         <name>fd_add_t2.asm.obj</name>
      </input_file>
      <input_file id="fl-ee">
         <path>C:\ti\ccs1040\ccs\tools\compiler\ti-cgt-arm_20.2.5.LTS\lib\</path>
         <kind>archive</kind>
         <file>rtsv7M4_T_le_v4SPD16_eabi.lib</file>
         <name>fd_cmp_t2.asm.obj</name>
      </input_file>
      <input_file id="fl-ef">
         <path>C:\ti\ccs1040\ccs\tools\compiler\ti-cgt-arm_20.2.5.LTS\lib\</path>
         <kind>archive</kind>
         <file>rtsv7M4_T_le_v4SPD16_eabi.lib</file>
         <name>fd_div_t2.asm.obj</name>
      </input_file>
      <input_file id="fl-f0">
         <path>C:\ti\ccs1040\ccs\tools\compiler\ti-cgt-arm_20.2.5.LTS\lib\</path>
         <kind>archive</kind>
         <file>rtsv7M4_T_le_v4SPD16_eabi.lib</file>
         <name>fd_mul_t2.asm.obj</name>
      </input_file>
      <input_file id="fl-f1">
         <path>C:\ti\ccs1040\ccs\tools\compiler\ti-cgt-arm_20.2.5.LTS\lib\</path>
         <kind>archive</kind>
         <file>rtsv7M4_T_le_v4SPD16_eabi.lib</file>
         <name>fd_toi_t2.asm.obj</name>
      </input_file>
      <input_file id="fl-f2">
         <path>C:\ti\ccs1040\ccs\tools\compiler\ti-cgt-arm_20.2.5.LTS\lib\</path>
         <kind>archive</kind>
         <file>rtsv7M4_T_le_v4SPD16_eabi.lib</file>
         <name>i_tofd_t2.asm.obj</name>
      </input_file>
      <input_file id="fl-f3">
         <path>C:\ti\ccs1040\ccs\tools\compiler\ti-cgt-arm_20.2.5.LTS\lib\</path>
         <kind>archive</kind>
         <file>rtsv7M4_T_le_v4SPD16_eabi.lib</file>
         <name>ull_div_t2.asm.obj</name>
      </input_file>
      <input_file id="fl-f4">
         <path>C:\ti\ccs1040\ccs\tools\compiler\ti-cgt-arm_20.2.5.LTS\lib\</path>
         <kind>archive</kind>
         <file>rtsv7M4_T_le_v4SPD16_eabi.lib</file>
         <name>memset_t2.asm.obj</name>
      </input_file>
      <input_file id="fl-f5">
         <path>C:\ti\ccs1040\ccs\tools\compiler\ti-cgt-arm_20.2.5.LTS\lib\</path>
         <kind>archive</kind>
         <file>rtsv7M4_T_le_v4SPD16_eabi.lib</file>
         <name>autoinit.c.obj</name>
      </input_file>
      <input_file id="fl-f6">
         <path>C:\ti\ccs1040\ccs\tools\compiler\ti-cgt-arm_20.2.5.LTS\lib\</path>
         <kind>archive</kind>
         <file>rtsv7M4_T_le_v4SPD16_eabi.lib</file>
         <name>pre_init.c.obj</name>
      </input_file>
      <input_file id="fl-f7">
         <path>C:\ti\ccs1040\ccs\tools\compiler\ti-cgt-arm_20.2.5.LTS\lib\</path>
         <kind>archive</kind>
         <file>rtsv7M4_T_le_v4SPD16_eabi.lib</file>
         <name>cpy_tbl.c.obj</name>
      </input_file>
      <input_file id="fl-f8">
         <path>C:\ti\ccs1040\ccs\tools\compiler\ti-cgt-arm_20.2.5.LTS\lib\</path>
         <kind>archive</kind>
         <file>rtsv7M4_T_le_v4SPD16_eabi.lib</file>
         <name>exit.c.obj</name>
      </input_file>
      <input_file id="fl-f9">
         <path>C:\ti\ccs1040\ccs\tools\compiler\ti-cgt-arm_20.2.5.LTS\lib\</path>
         <kind>archive</kind>
         <file>rtsv7M4_T_le_v4SPD16_eabi.lib</file>
         <name>_lock.c.obj</name>
      </input_file>
      <input_file id="fl-fa">
         <path>C:\ti\ccs1040\ccs\tools\compiler\ti-cgt-arm_20.2.5.LTS\lib\</path>
         <kind>archive</kind>
         <file>rtsv7M4_T_le_v4SPD16_eabi.lib</file>
         <name>_ltoa.c.obj</name>
      </input_file>
      <input_file id="fl-fb">
         <path>C:\ti\ccs1040\ccs\tools\compiler\ti-cgt-arm_20.2.5.LTS\lib\</path>
         <kind>archive</kind>
         <file>rtsv7M4_T_le_v4SPD16_eabi.lib</file>
         <name>args_main.c.obj</name>
      </input_file>
      <input_file id="fl-fc">
         <path>C:\ti\ccs1040\ccs\tools\compiler\ti-cgt-arm_20.2.5.LTS\lib\</path>
         <kind>archive</kind>
         <file>rtsv7M4_T_le_v4SPD16_eabi.lib</file>
         <name>atoi.c.obj</name>
      </input_file>
      <input_file id="fl-fd">
         <path>C:\ti\ccs1040\ccs\tools\compiler\ti-cgt-arm_20.2.5.LTS\lib\</path>
         <kind>archive</kind>
         <file>rtsv7M4_T_le_v4SPD16_eabi.lib</file>
         <name>ctype.c.obj</name>
      </input_file>
      <input_file id="fl-fe">
         <path>C:\ti\ccs1040\ccs\tools\compiler\ti-cgt-arm_20.2.5.LTS\lib\</path>
         <kind>archive</kind>
         <file>rtsv7M4_T_le_v4SPD16_eabi.lib</file>
         <name>memccpy.c.obj</name>
      </input_file>
      <input_file id="fl-ff">
         <path>C:\ti\ccs1040\ccs\tools\compiler\ti-cgt-arm_20.2.5.LTS\lib\</path>
         <kind>archive</kind>
         <file>rtsv7M4_T_le_v4SPD16_eabi.lib</file>
         <name>strchr.c.obj</name>
      </input_file>
      <input_file id="fl-100">
         <path>C:\ti\ccs1040\ccs\tools\compiler\ti-cgt-arm_20.2.5.LTS\lib\</path>
         <kind>archive</kind>
         <file>rtsv7M4_T_le_v4SPD16_eabi.lib</file>
         <name>strlen.c.obj</name>
      </input_file>
      <input_file id="fl-101">
         <path>C:\ti\ccs1040\ccs\tools\compiler\ti-cgt-arm_20.2.5.LTS\lib\</path>
         <kind>archive</kind>
         <file>rtsv7M4_T_le_v4SPD16_eabi.lib</file>
         <name>errno.c.obj</name>
      </input_file>
      <input_file id="fl-102">
         <path>C:\ti\ccs1040\ccs\tools\compiler\ti-cgt-arm_20.2.5.LTS\lib\</path>
         <kind>archive</kind>
         <file>rtsv7M4_T_le_v4SPD16_eabi.lib</file>
         <name>s_copysign.c.obj</name>
      </input_file>
      <input_file id="fl-103">
         <path>C:\ti\ccs1040\ccs\tools\compiler\ti-cgt-arm_20.2.5.LTS\lib\</path>
         <kind>archive</kind>
         <file>rtsv7M4_T_le_v4SPD16_eabi.lib</file>
         <name>div0.asm.obj</name>
      </input_file>
   </input_file_list>
   <object_component_list>
      <object_component id="oc-26">
         <name>.intvecs:retain</name>
         <load_address>0x0</load_address>
         <run_address>0x0</run_address>
         <size>0xe4</size>
         <input_file_ref idref="fl-22"/>
      </object_component>
      <object_component id="oc-1c1">
         <name>.text</name>
         <load_address>0xe4</load_address>
         <run_address>0xe4</run_address>
         <size>0x15a8</size>
         <input_file_ref idref="fl-14"/>
      </object_component>
      <object_component id="oc-1b5">
         <name>.text</name>
         <load_address>0x168c</load_address>
         <run_address>0x168c</run_address>
         <size>0xc5c</size>
         <input_file_ref idref="fl-12"/>
      </object_component>
      <object_component id="oc-254">
         <name>.text:__TI_printfi</name>
         <load_address>0x22e8</load_address>
         <run_address>0x22e8</run_address>
         <size>0xa4e</size>
         <input_file_ref idref="fl-e9"/>
      </object_component>
      <object_component id="oc-3a2">
         <name>.text</name>
         <load_address>0x2d36</load_address>
         <run_address>0x2d36</run_address>
         <size>0x2</size>
         <input_file_ref idref="fl-103"/>
      </object_component>
      <object_component id="oc-1bb">
         <name>.text</name>
         <load_address>0x2d38</load_address>
         <run_address>0x2d38</run_address>
         <size>0x834</size>
         <input_file_ref idref="fl-1b"/>
      </object_component>
      <object_component id="oc-b8">
         <name>.text</name>
         <load_address>0x356c</load_address>
         <run_address>0x356c</run_address>
         <size>0x798</size>
         <input_file_ref idref="fl-27"/>
      </object_component>
      <object_component id="oc-10e">
         <name>.text</name>
         <load_address>0x3d04</load_address>
         <run_address>0x3d04</run_address>
         <size>0x590</size>
         <input_file_ref idref="fl-8"/>
      </object_component>
      <object_component id="oc-23a">
         <name>.text</name>
         <load_address>0x4294</load_address>
         <run_address>0x4294</run_address>
         <size>0x554</size>
         <input_file_ref idref="fl-20"/>
      </object_component>
      <object_component id="oc-f6">
         <name>.text</name>
         <load_address>0x47e8</load_address>
         <run_address>0x47e8</run_address>
         <size>0x528</size>
         <input_file_ref idref="fl-a"/>
      </object_component>
      <object_component id="oc-d5">
         <name>.text</name>
         <load_address>0x4d10</load_address>
         <run_address>0x4d10</run_address>
         <size>0x480</size>
         <input_file_ref idref="fl-16"/>
      </object_component>
      <object_component id="oc-be">
         <name>.text</name>
         <load_address>0x5190</load_address>
         <run_address>0x5190</run_address>
         <size>0x40c</size>
         <input_file_ref idref="fl-18"/>
      </object_component>
      <object_component id="oc-fc">
         <name>.text</name>
         <load_address>0x559c</load_address>
         <run_address>0x559c</run_address>
         <size>0x3f0</size>
         <input_file_ref idref="fl-4"/>
      </object_component>
      <object_component id="oc-b1">
         <name>.text</name>
         <load_address>0x598c</load_address>
         <run_address>0x598c</run_address>
         <size>0x334</size>
         <input_file_ref idref="fl-24"/>
      </object_component>
      <object_component id="oc-2df">
         <name>.text:_pconv_a</name>
         <load_address>0x5cc0</load_address>
         <run_address>0x5cc0</run_address>
         <size>0x270</size>
         <input_file_ref idref="fl-e9"/>
      </object_component>
      <object_component id="oc-22c">
         <name>.text</name>
         <load_address>0x5f30</load_address>
         <run_address>0x5f30</run_address>
         <size>0x248</size>
         <input_file_ref idref="fl-23"/>
      </object_component>
      <object_component id="oc-2cd">
         <name>.text:_pconv_g</name>
         <load_address>0x6178</load_address>
         <run_address>0x6178</run_address>
         <size>0x1d0</size>
         <input_file_ref idref="fl-e9"/>
      </object_component>
      <object_component id="oc-349">
         <name>.text</name>
         <load_address>0x6348</load_address>
         <run_address>0x6348</run_address>
         <size>0x1b6</size>
         <input_file_ref idref="fl-ed"/>
      </object_component>
      <object_component id="oc-73">
         <name>.text</name>
         <load_address>0x6500</load_address>
         <run_address>0x6500</run_address>
         <size>0x174</size>
         <input_file_ref idref="fl-2"/>
      </object_component>
      <object_component id="oc-2d9">
         <name>.text:_pconv_e</name>
         <load_address>0x6674</load_address>
         <run_address>0x6674</run_address>
         <size>0x13c</size>
         <input_file_ref idref="fl-e9"/>
      </object_component>
      <object_component id="oc-32f">
         <name>.text</name>
         <load_address>0x67b0</load_address>
         <run_address>0x67b0</run_address>
         <size>0x136</size>
         <input_file_ref idref="fl-ef"/>
      </object_component>
      <object_component id="oc-35b">
         <name>.text:fcvt</name>
         <load_address>0x68e8</load_address>
         <run_address>0x68e8</run_address>
         <size>0x124</size>
         <input_file_ref idref="fl-e9"/>
      </object_component>
      <object_component id="oc-36f">
         <name>.text:scalbn</name>
         <load_address>0x6a0c</load_address>
         <run_address>0x6a0c</run_address>
         <size>0x110</size>
         <input_file_ref idref="fl-eb"/>
      </object_component>
      <object_component id="oc-108">
         <name>.text</name>
         <load_address>0x6b1c</load_address>
         <run_address>0x6b1c</run_address>
         <size>0x108</size>
         <input_file_ref idref="fl-7"/>
      </object_component>
      <object_component id="oc-32a">
         <name>.text</name>
         <load_address>0x6c24</load_address>
         <run_address>0x6c24</run_address>
         <size>0xfc</size>
         <input_file_ref idref="fl-f0"/>
      </object_component>
      <object_component id="oc-1c8">
         <name>.text</name>
         <load_address>0x6d20</load_address>
         <run_address>0x6d20</run_address>
         <size>0xf4</size>
         <input_file_ref idref="fl-9"/>
      </object_component>
      <object_component id="oc-234">
         <name>.text</name>
         <load_address>0x6e14</load_address>
         <run_address>0x6e14</run_address>
         <size>0xd8</size>
         <input_file_ref idref="fl-29"/>
      </object_component>
      <object_component id="oc-9f">
         <name>.text</name>
         <load_address>0x6eec</load_address>
         <run_address>0x6eec</run_address>
         <size>0xbc</size>
         <input_file_ref idref="fl-19"/>
      </object_component>
      <object_component id="oc-102">
         <name>.text</name>
         <load_address>0x6fa8</load_address>
         <run_address>0x6fa8</run_address>
         <size>0xb4</size>
         <input_file_ref idref="fl-3"/>
      </object_component>
      <object_component id="oc-2c2">
         <name>.text:_ltostr</name>
         <load_address>0x705c</load_address>
         <run_address>0x705c</run_address>
         <size>0xb1</size>
         <input_file_ref idref="fl-e9"/>
      </object_component>
      <object_component id="oc-37">
         <name>.text</name>
         <load_address>0x710e</load_address>
         <run_address>0x710e</run_address>
         <size>0x9c</size>
         <input_file_ref idref="fl-e4"/>
      </object_component>
      <object_component id="oc-323">
         <name>.text</name>
         <load_address>0x71aa</load_address>
         <run_address>0x71aa</run_address>
         <size>0x96</size>
         <input_file_ref idref="fl-f3"/>
      </object_component>
      <object_component id="oc-2c8">
         <name>.text:__aeabi_cdcmple</name>
         <load_address>0x7240</load_address>
         <run_address>0x7240</run_address>
         <size>0x86</size>
         <input_file_ref idref="fl-ee"/>
      </object_component>
      <object_component id="oc-334">
         <name>.text:__aeabi_cdrcmple</name>
         <load_address>0x72c6</load_address>
         <run_address>0x72c6</run_address>
         <size>0x86</size>
         <input_file_ref idref="fl-ee"/>
      </object_component>
      <object_component id="oc-6d">
         <name>.text</name>
         <load_address>0x734c</load_address>
         <run_address>0x734c</run_address>
         <size>0x7c</size>
         <input_file_ref idref="fl-c"/>
      </object_component>
      <object_component id="oc-93">
         <name>.text</name>
         <load_address>0x73c8</load_address>
         <run_address>0x73c8</run_address>
         <size>0x7a</size>
         <input_file_ref idref="fl-f4"/>
      </object_component>
      <object_component id="oc-354">
         <name>.text:_mcpy</name>
         <load_address>0x7442</load_address>
         <run_address>0x7442</run_address>
         <size>0x6e</size>
         <input_file_ref idref="fl-e9"/>
      </object_component>
      <object_component id="oc-17">
         <name>.text:decompress:lzss:__TI_decompress_lzss</name>
         <load_address>0x74b0</load_address>
         <run_address>0x74b0</run_address>
         <size>0x68</size>
         <input_file_ref idref="fl-e7"/>
      </object_component>
      <object_component id="oc-369">
         <name>.text:frexp</name>
         <load_address>0x7518</load_address>
         <run_address>0x7518</run_address>
         <size>0x64</size>
         <input_file_ref idref="fl-ea"/>
      </object_component>
      <object_component id="oc-2d3">
         <name>.text:_pconv_f</name>
         <load_address>0x757c</load_address>
         <run_address>0x757c</run_address>
         <size>0x56</size>
         <input_file_ref idref="fl-e9"/>
      </object_component>
      <object_component id="oc-33e">
         <name>.text:__TI_ltoa</name>
         <load_address>0x75d2</load_address>
         <run_address>0x75d2</run_address>
         <size>0x54</size>
         <input_file_ref idref="fl-fa"/>
      </object_component>
      <object_component id="oc-34e">
         <name>.text:_ecpy</name>
         <load_address>0x7626</load_address>
         <run_address>0x7626</run_address>
         <size>0x52</size>
         <input_file_ref idref="fl-e9"/>
      </object_component>
      <object_component id="oc-2bc">
         <name>.text:atoi</name>
         <load_address>0x7678</load_address>
         <run_address>0x7678</run_address>
         <size>0x4c</size>
         <input_file_ref idref="fl-fc"/>
      </object_component>
      <object_component id="oc-339">
         <name>.text</name>
         <load_address>0x76c4</load_address>
         <run_address>0x76c4</run_address>
         <size>0x48</size>
         <input_file_ref idref="fl-f1"/>
      </object_component>
      <object_component id="oc-12d">
         <name>.text:__TI_auto_init_nobinit_nopinit:__TI_auto_init_nobinit_nopinit</name>
         <load_address>0x770c</load_address>
         <run_address>0x770c</run_address>
         <size>0x44</size>
         <input_file_ref idref="fl-f5"/>
      </object_component>
      <object_component id="oc-1cf">
         <name>.text:sprintf</name>
         <load_address>0x7750</load_address>
         <run_address>0x7750</run_address>
         <size>0x40</size>
         <input_file_ref idref="fl-e3"/>
      </object_component>
      <object_component id="oc-361">
         <name>.text:_fcpy</name>
         <load_address>0x7790</load_address>
         <run_address>0x7790</run_address>
         <size>0x3e</size>
         <input_file_ref idref="fl-e9"/>
      </object_component>
      <object_component id="oc-16a">
         <name>.text</name>
         <load_address>0x77ce</load_address>
         <run_address>0x77ce</run_address>
         <size>0x3e</size>
         <input_file_ref idref="fl-10"/>
      </object_component>
      <object_component id="oc-55">
         <name>.text:_c_int00_noargs:_c_int00_noargs</name>
         <load_address>0x780c</load_address>
         <run_address>0x780c</run_address>
         <size>0x34</size>
         <input_file_ref idref="fl-e8"/>
      </object_component>
      <object_component id="oc-344">
         <name>.text</name>
         <load_address>0x7840</load_address>
         <run_address>0x7840</run_address>
         <size>0x2e</size>
         <input_file_ref idref="fl-f2"/>
      </object_component>
      <object_component id="oc-43">
         <name>.text:decompress:ZI:__TI_zero_init_nomemset:__TI_zero_init_nomemset</name>
         <load_address>0x786e</load_address>
         <run_address>0x786e</run_address>
         <size>0x1c</size>
         <input_file_ref idref="fl-e5"/>
      </object_component>
      <object_component id="oc-2e5">
         <name>.text:memccpy</name>
         <load_address>0x788a</load_address>
         <run_address>0x788a</run_address>
         <size>0x1c</size>
         <input_file_ref idref="fl-fe"/>
      </object_component>
      <object_component id="oc-3bb">
         <name>.text:copysign</name>
         <load_address>0x78a6</load_address>
         <run_address>0x78a6</run_address>
         <size>0x1a</size>
         <input_file_ref idref="fl-102"/>
      </object_component>
      <object_component id="oc-25a">
         <name>.text:_outs</name>
         <load_address>0x78c0</load_address>
         <run_address>0x78c0</run_address>
         <size>0x18</size>
         <input_file_ref idref="fl-e3"/>
      </object_component>
      <object_component id="oc-375">
         <name>.text:strchr</name>
         <load_address>0x78d8</load_address>
         <run_address>0x78d8</run_address>
         <size>0x16</size>
         <input_file_ref idref="fl-ff"/>
      </object_component>
      <object_component id="oc-2b6">
         <name>.text:strlen</name>
         <load_address>0x78ee</load_address>
         <run_address>0x78ee</run_address>
         <size>0x14</size>
         <input_file_ref idref="fl-100"/>
      </object_component>
      <object_component id="oc-2eb">
         <name>.text:wcslen</name>
         <load_address>0x7902</load_address>
         <run_address>0x7902</run_address>
         <size>0x12</size>
         <input_file_ref idref="fl-ec"/>
      </object_component>
      <object_component id="oc-1d">
         <name>.text:decompress:none:__TI_decompress_none</name>
         <load_address>0x7914</load_address>
         <run_address>0x7914</run_address>
         <size>0xe</size>
         <input_file_ref idref="fl-e6"/>
      </object_component>
      <object_component id="oc-67">
         <name>.text</name>
         <load_address>0x7922</load_address>
         <run_address>0x7922</run_address>
         <size>0xe</size>
         <input_file_ref idref="fl-22"/>
      </object_component>
      <object_component id="oc-260">
         <name>.text:_outc</name>
         <load_address>0x7930</load_address>
         <run_address>0x7930</run_address>
         <size>0xa</size>
         <input_file_ref idref="fl-e3"/>
      </object_component>
      <object_component id="oc-2f1">
         <name>.text:__aeabi_errno_addr</name>
         <load_address>0x793c</load_address>
         <run_address>0x793c</run_address>
         <size>0x8</size>
         <input_file_ref idref="fl-101"/>
      </object_component>
      <object_component id="oc-99">
         <name>.text:_system_pre_init</name>
         <load_address>0x7944</load_address>
         <run_address>0x7944</run_address>
         <size>0x4</size>
         <input_file_ref idref="fl-f6"/>
      </object_component>
      <object_component id="oc-121">
         <name>.text:abort:abort</name>
         <load_address>0x7948</load_address>
         <run_address>0x7948</run_address>
         <size>0x4</size>
         <input_file_ref idref="fl-f8"/>
      </object_component>
      <object_component id="oc-1d5">
         <name>.const:ASCII</name>
         <load_address>0x794c</load_address>
         <run_address>0x794c</run_address>
         <size>0x1e0</size>
         <input_file_ref idref="fl-8"/>
      </object_component>
      <object_component id="oc-31e">
         <name>.const:.string:_ctypes_</name>
         <load_address>0x7b2c</load_address>
         <run_address>0x7b2c</run_address>
         <size>0x101</size>
         <input_file_ref idref="fl-fd"/>
      </object_component>
      <object_component id="oc-176">
         <name>.const:g_pulRegs</name>
         <load_address>0x7c30</load_address>
         <run_address>0x7c30</run_address>
         <size>0x50</size>
         <input_file_ref idref="fl-18"/>
      </object_component>
      <object_component id="oc-19f">
         <name>.const:GPIO_PORT_TO_BASE</name>
         <load_address>0x7c80</load_address>
         <run_address>0x7c80</run_address>
         <size>0x30</size>
         <input_file_ref idref="fl-16"/>
      </object_component>
      <object_component id="oc-1ae">
         <name>.const:$P$T0$1</name>
         <load_address>0x7cb0</load_address>
         <run_address>0x7cb0</run_address>
         <size>0x20</size>
         <input_file_ref idref="fl-a"/>
      </object_component>
      <object_component id="oc-173">
         <name>.const:g_pulPriority</name>
         <load_address>0x7cd0</load_address>
         <run_address>0x7cd0</run_address>
         <size>0x20</size>
         <input_file_ref idref="fl-18"/>
      </object_component>
      <object_component id="oc-1a2">
         <name>.const:GPIO_PORT_TO_INT</name>
         <load_address>0x7cf0</load_address>
         <run_address>0x7cf0</run_address>
         <size>0x1c</size>
         <input_file_ref idref="fl-16"/>
      </object_component>
      <object_component id="oc-c7">
         <name>.const:$P$T0$1</name>
         <load_address>0x7d0c</load_address>
         <run_address>0x7d0c</run_address>
         <size>0x18</size>
         <input_file_ref idref="fl-c"/>
      </object_component>
      <object_component id="oc-1db">
         <name>.const:.string:Masks</name>
         <load_address>0x7d24</load_address>
         <run_address>0x7d24</run_address>
         <size>0x8</size>
         <input_file_ref idref="fl-8"/>
      </object_component>
      <object_component id="oc-17c">
         <name>.const:g_pulDisRegs</name>
         <load_address>0x7d2c</load_address>
         <run_address>0x7d2c</run_address>
         <size>0x8</size>
         <input_file_ref idref="fl-18"/>
      </object_component>
      <object_component id="oc-179">
         <name>.const:g_pulEnRegs</name>
         <load_address>0x7d34</load_address>
         <run_address>0x7d34</run_address>
         <size>0x8</size>
         <input_file_ref idref="fl-18"/>
      </object_component>
      <object_component id="oc-17f">
         <name>.const:g_pulPendRegs</name>
         <load_address>0x7d3c</load_address>
         <run_address>0x7d3c</run_address>
         <size>0x8</size>
         <input_file_ref idref="fl-18"/>
      </object_component>
      <object_component id="oc-182">
         <name>.const:g_pulUnpendRegs</name>
         <load_address>0x7d44</load_address>
         <run_address>0x7d44</run_address>
         <size>0x8</size>
         <input_file_ref idref="fl-18"/>
      </object_component>
      <object_component id="oc-41a">
         <name>.cinit..data.load</name>
         <load_address>0x7d50</load_address>
         <run_address>0x7d50</run_address>
         <size>0x5c</size>
      </object_component>
      <object_component id="oc-417">
         <name>__TI_handler_table</name>
         <load_address>0x7dac</load_address>
         <run_address>0x7dac</run_address>
         <size>0xc</size>
      </object_component>
      <object_component id="oc-41b">
         <name>.cinit..bss.load</name>
         <load_address>0x7db8</load_address>
         <run_address>0x7db8</run_address>
         <size>0x8</size>
      </object_component>
      <object_component id="oc-419">
         <name>.cinit..vtable.load</name>
         <load_address>0x7dc0</load_address>
         <run_address>0x7dc0</run_address>
         <size>0x8</size>
      </object_component>
      <object_component id="oc-418">
         <name>__TI_cinit_table</name>
         <load_address>0x7dc8</load_address>
         <run_address>0x7dc8</run_address>
         <size>0x18</size>
      </object_component>
      <object_component id="oc-3eb">
         <name>.binit</name>
         <load_address>0x0</load_address>
         <run_address>0x0</run_address>
         <size>0x0</size>
      </object_component>
      <object_component id="oc-170">
         <name>.vtable</name>
         <uninitialized>true</uninitialized>
         <run_address>0x20000000</run_address>
         <size>0xe8</size>
         <input_file_ref idref="fl-18"/>
      </object_component>
      <object_component id="oc-247">
         <name>.data</name>
         <load_address>0x2000036c</load_address>
         <run_address>0x2000036c</run_address>
         <size>0x4</size>
         <input_file_ref idref="fl-9"/>
      </object_component>
      <object_component id="oc-24a">
         <name>.data:upDownConfig</name>
         <load_address>0x20000334</load_address>
         <run_address>0x20000334</run_address>
         <size>0x18</size>
         <input_file_ref idref="fl-9"/>
      </object_component>
      <object_component id="oc-24d">
         <name>.data:compareConfig_PWM1</name>
         <load_address>0x2000034c</load_address>
         <run_address>0x2000034c</run_address>
         <size>0x10</size>
         <input_file_ref idref="fl-9"/>
      </object_component>
      <object_component id="oc-250">
         <name>.data:compareConfig_PWM2</name>
         <load_address>0x2000035c</load_address>
         <run_address>0x2000035c</run_address>
         <size>0x10</size>
         <input_file_ref idref="fl-9"/>
      </object_component>
      <object_component id="oc-242">
         <name>.data:__getBurstProgramRegs</name>
         <load_address>0x200002f4</load_address>
         <run_address>0x200002f4</run_address>
         <size>0x40</size>
         <input_file_ref idref="fl-14"/>
      </object_component>
      <object_component id="oc-114">
         <name>.data</name>
         <load_address>0x20000370</load_address>
         <run_address>0x20000370</run_address>
         <size>0x4</size>
         <input_file_ref idref="fl-19"/>
      </object_component>
      <object_component id="oc-15f">
         <name>.data</name>
         <load_address>0x20000378</load_address>
         <run_address>0x20000378</run_address>
         <size>0x4</size>
         <input_file_ref idref="fl-24"/>
      </object_component>
      <object_component id="oc-385">
         <name>.data</name>
         <load_address>0x20000374</load_address>
         <run_address>0x20000374</run_address>
         <size>0x4</size>
         <input_file_ref idref="fl-101"/>
      </object_component>
      <object_component id="oc-229">
         <name>.bss</name>
         <uninitialized>true</uninitialized>
         <run_address>0x200002e0</run_address>
         <size>0x8</size>
         <input_file_ref idref="fl-12"/>
      </object_component>
      <object_component id="oc-db">
         <name>.common:BumpTask</name>
         <uninitialized>true</uninitialized>
         <run_address>0x200002e8</run_address>
         <size>0x4</size>
      </object_component>
      <object_component id="oc-1d8">
         <name>.common:Screen</name>
         <uninitialized>true</uninitialized>
         <run_address>0x200000e8</run_address>
         <size>0x1f8</size>
      </object_component>
      <object_component id="oc-c4">
         <name>.common:TimerTask</name>
         <uninitialized>true</uninitialized>
         <run_address>0x200002ec</run_address>
         <size>0x4</size>
      </object_component>
      <object_component id="oc-117">
         <name>.common:ReflectanceRead</name>
         <uninitialized>true</uninitialized>
         <run_address>0x200002f0</run_address>
         <size>0x1</size>
      </object_component>
      <object_component id="oc-11a">
         <name>.common:bumpData</name>
         <uninitialized>true</uninitialized>
         <run_address>0x200002f1</run_address>
         <size>0x1</size>
      </object_component>
      <object_component id="oc-29">
         <name>.stack</name>
         <uninitialized>true</uninitialized>
         <run_address>0x2000fe00</run_address>
         <size>0x4</size>
         <input_file_ref idref="fl-e8"/>
      </object_component>
      <object_component id="oc-41d">
         <name>.stack</name>
         <uninitialized>true</uninitialized>
         <run_address>0x2000fe00</run_address>
         <size>0x0</size>
      </object_component>
      <object_component id="oc-dc">
         <name>.debug_info</name>
         <load_address>0x0</load_address>
         <run_address>0x0</run_address>
         <size>0x774</size>
         <input_file_ref idref="fl-2"/>
      </object_component>
      <object_component id="oc-75">
         <name>.debug_info</name>
         <load_address>0x774</load_address>
         <run_address>0x774</run_address>
         <size>0x49a</size>
         <input_file_ref idref="fl-2"/>
      </object_component>
      <object_component id="oc-e1">
         <name>.debug_info</name>
         <load_address>0xc0e</load_address>
         <run_address>0xc0e</run_address>
         <size>0x26b</size>
         <input_file_ref idref="fl-2"/>
      </object_component>
      <object_component id="oc-193">
         <name>.debug_info</name>
         <load_address>0xe79</load_address>
         <run_address>0xe79</run_address>
         <size>0x1055</size>
         <input_file_ref idref="fl-2"/>
      </object_component>
      <object_component id="oc-1a9">
         <name>.debug_info</name>
         <load_address>0x1ece</load_address>
         <run_address>0x1ece</run_address>
         <size>0x37e2</size>
         <input_file_ref idref="fl-2"/>
      </object_component>
      <object_component id="oc-29a">
         <name>.debug_info</name>
         <load_address>0x56b0</load_address>
         <run_address>0x56b0</run_address>
         <size>0x1b5</size>
         <input_file_ref idref="fl-2"/>
      </object_component>
      <object_component id="oc-2a3">
         <name>.debug_info</name>
         <load_address>0x5865</load_address>
         <run_address>0x5865</run_address>
         <size>0xc6</size>
         <input_file_ref idref="fl-2"/>
      </object_component>
      <object_component id="oc-cb">
         <name>.debug_info</name>
         <load_address>0x592b</load_address>
         <run_address>0x592b</run_address>
         <size>0x341</size>
         <input_file_ref idref="fl-2"/>
      </object_component>
      <object_component id="oc-32">
         <name>.debug_info</name>
         <load_address>0x5c6c</load_address>
         <run_address>0x5c6c</run_address>
         <size>0x84</size>
         <input_file_ref idref="fl-2"/>
      </object_component>
      <object_component id="oc-19a">
         <name>.debug_info</name>
         <load_address>0x5cf0</load_address>
         <run_address>0x5cf0</run_address>
         <size>0x2a4</size>
         <input_file_ref idref="fl-2"/>
      </object_component>
      <object_component id="oc-164">
         <name>.debug_info</name>
         <load_address>0x5f94</load_address>
         <run_address>0x5f94</run_address>
         <size>0xef</size>
         <input_file_ref idref="fl-2"/>
      </object_component>
      <object_component id="oc-d0">
         <name>.debug_info</name>
         <load_address>0x6083</load_address>
         <run_address>0x6083</run_address>
         <size>0xbb</size>
         <input_file_ref idref="fl-2"/>
      </object_component>
      <object_component id="oc-103">
         <name>.debug_info</name>
         <load_address>0x613e</load_address>
         <run_address>0x613e</run_address>
         <size>0x3e2</size>
         <input_file_ref idref="fl-3"/>
      </object_component>
      <object_component id="oc-186">
         <name>.debug_info</name>
         <load_address>0x6520</load_address>
         <run_address>0x6520</run_address>
         <size>0x8b</size>
         <input_file_ref idref="fl-3"/>
      </object_component>
      <object_component id="oc-1b4">
         <name>.debug_info</name>
         <load_address>0x65ab</load_address>
         <run_address>0x65ab</run_address>
         <size>0x6d9</size>
         <input_file_ref idref="fl-4"/>
      </object_component>
      <object_component id="oc-fd">
         <name>.debug_info</name>
         <load_address>0x6c84</load_address>
         <run_address>0x6c84</run_address>
         <size>0x7f2</size>
         <input_file_ref idref="fl-4"/>
      </object_component>
      <object_component id="oc-11c">
         <name>.debug_info</name>
         <load_address>0x7476</load_address>
         <run_address>0x7476</run_address>
         <size>0xea</size>
         <input_file_ref idref="fl-4"/>
      </object_component>
      <object_component id="oc-1e3">
         <name>.debug_info</name>
         <load_address>0x7560</load_address>
         <run_address>0x7560</run_address>
         <size>0xaf</size>
         <input_file_ref idref="fl-4"/>
      </object_component>
      <object_component id="oc-10b">
         <name>.debug_info</name>
         <load_address>0x760f</load_address>
         <run_address>0x760f</run_address>
         <size>0x738</size>
         <input_file_ref idref="fl-7"/>
      </object_component>
      <object_component id="oc-1d9">
         <name>.debug_info</name>
         <load_address>0x7d47</load_address>
         <run_address>0x7d47</run_address>
         <size>0x6da</size>
         <input_file_ref idref="fl-8"/>
      </object_component>
      <object_component id="oc-1d6">
         <name>.debug_info</name>
         <load_address>0x8421</load_address>
         <run_address>0x8421</run_address>
         <size>0xe6</size>
         <input_file_ref idref="fl-8"/>
      </object_component>
      <object_component id="oc-1dc">
         <name>.debug_info</name>
         <load_address>0x8507</load_address>
         <run_address>0x8507</run_address>
         <size>0xe8</size>
         <input_file_ref idref="fl-8"/>
      </object_component>
      <object_component id="oc-10f">
         <name>.debug_info</name>
         <load_address>0x85ef</load_address>
         <run_address>0x85ef</run_address>
         <size>0x104a</size>
         <input_file_ref idref="fl-8"/>
      </object_component>
      <object_component id="oc-268">
         <name>.debug_info</name>
         <load_address>0x9639</load_address>
         <run_address>0x9639</run_address>
         <size>0x2c</size>
         <input_file_ref idref="fl-8"/>
      </object_component>
      <object_component id="oc-248">
         <name>.debug_info</name>
         <load_address>0x9665</load_address>
         <run_address>0x9665</run_address>
         <size>0xea</size>
         <input_file_ref idref="fl-9"/>
      </object_component>
      <object_component id="oc-24b">
         <name>.debug_info</name>
         <load_address>0x974f</load_address>
         <run_address>0x974f</run_address>
         <size>0xe6</size>
         <input_file_ref idref="fl-9"/>
      </object_component>
      <object_component id="oc-24e">
         <name>.debug_info</name>
         <load_address>0x9835</load_address>
         <run_address>0x9835</run_address>
         <size>0xf2</size>
         <input_file_ref idref="fl-9"/>
      </object_component>
      <object_component id="oc-251">
         <name>.debug_info</name>
         <load_address>0x9927</load_address>
         <run_address>0x9927</run_address>
         <size>0xf2</size>
         <input_file_ref idref="fl-9"/>
      </object_component>
      <object_component id="oc-1ca">
         <name>.debug_info</name>
         <load_address>0x9a19</load_address>
         <run_address>0x9a19</run_address>
         <size>0x42a</size>
         <input_file_ref idref="fl-9"/>
      </object_component>
      <object_component id="oc-1b2">
         <name>.debug_info</name>
         <load_address>0x9e43</load_address>
         <run_address>0x9e43</run_address>
         <size>0x6df</size>
         <input_file_ref idref="fl-a"/>
      </object_component>
      <object_component id="oc-1af">
         <name>.debug_info</name>
         <load_address>0xa522</load_address>
         <run_address>0xa522</run_address>
         <size>0xe4</size>
         <input_file_ref idref="fl-a"/>
      </object_component>
      <object_component id="oc-f9">
         <name>.debug_info</name>
         <load_address>0xa606</load_address>
         <run_address>0xa606</run_address>
         <size>0xf16</size>
         <input_file_ref idref="fl-a"/>
      </object_component>
      <object_component id="oc-18e">
         <name>.debug_info</name>
         <load_address>0xb51c</load_address>
         <run_address>0xb51c</run_address>
         <size>0x37e2</size>
         <input_file_ref idref="fl-a"/>
      </object_component>
      <object_component id="oc-c5">
         <name>.debug_info</name>
         <load_address>0xecfe</load_address>
         <run_address>0xecfe</run_address>
         <size>0x6ae</size>
         <input_file_ref idref="fl-c"/>
      </object_component>
      <object_component id="oc-c8">
         <name>.debug_info</name>
         <load_address>0xf3ac</load_address>
         <run_address>0xf3ac</run_address>
         <size>0xe8</size>
         <input_file_ref idref="fl-c"/>
      </object_component>
      <object_component id="oc-70">
         <name>.debug_info</name>
         <load_address>0xf494</load_address>
         <run_address>0xf494</run_address>
         <size>0x302</size>
         <input_file_ref idref="fl-c"/>
      </object_component>
      <object_component id="oc-16e">
         <name>.debug_info</name>
         <load_address>0xf796</load_address>
         <run_address>0xf796</run_address>
         <size>0x2c2</size>
         <input_file_ref idref="fl-10"/>
      </object_component>
      <object_component id="oc-233">
         <name>.debug_info</name>
         <load_address>0xfa58</load_address>
         <run_address>0xfa58</run_address>
         <size>0x77b</size>
         <input_file_ref idref="fl-12"/>
      </object_component>
      <object_component id="oc-22a">
         <name>.debug_info</name>
         <load_address>0x101d3</load_address>
         <run_address>0x101d3</run_address>
         <size>0xfc</size>
         <input_file_ref idref="fl-12"/>
      </object_component>
      <object_component id="oc-1b7">
         <name>.debug_info</name>
         <load_address>0x102cf</load_address>
         <run_address>0x102cf</run_address>
         <size>0x1cee</size>
         <input_file_ref idref="fl-12"/>
      </object_component>
      <object_component id="oc-246">
         <name>.debug_info</name>
         <load_address>0x11fbd</load_address>
         <run_address>0x11fbd</run_address>
         <size>0x799</size>
         <input_file_ref idref="fl-14"/>
      </object_component>
      <object_component id="oc-243">
         <name>.debug_info</name>
         <load_address>0x12756</load_address>
         <run_address>0x12756</run_address>
         <size>0xf9</size>
         <input_file_ref idref="fl-14"/>
      </object_component>
      <object_component id="oc-1c3">
         <name>.debug_info</name>
         <load_address>0x1284f</load_address>
         <run_address>0x1284f</run_address>
         <size>0x367d</size>
         <input_file_ref idref="fl-14"/>
      </object_component>
      <object_component id="oc-1a6">
         <name>.debug_info</name>
         <load_address>0x15ecc</load_address>
         <run_address>0x15ecc</run_address>
         <size>0x684</size>
         <input_file_ref idref="fl-16"/>
      </object_component>
      <object_component id="oc-1a3">
         <name>.debug_info</name>
         <load_address>0x16550</load_address>
         <run_address>0x16550</run_address>
         <size>0xee</size>
         <input_file_ref idref="fl-16"/>
      </object_component>
      <object_component id="oc-1a0">
         <name>.debug_info</name>
         <load_address>0x1663e</load_address>
         <run_address>0x1663e</run_address>
         <size>0xf0</size>
         <input_file_ref idref="fl-16"/>
      </object_component>
      <object_component id="oc-d6">
         <name>.debug_info</name>
         <load_address>0x1672e</load_address>
         <run_address>0x1672e</run_address>
         <size>0x16a4</size>
         <input_file_ref idref="fl-16"/>
      </object_component>
      <object_component id="oc-18b">
         <name>.debug_info</name>
         <load_address>0x17dd2</load_address>
         <run_address>0x17dd2</run_address>
         <size>0x612</size>
         <input_file_ref idref="fl-18"/>
      </object_component>
      <object_component id="oc-174">
         <name>.debug_info</name>
         <load_address>0x183e4</load_address>
         <run_address>0x183e4</run_address>
         <size>0xed</size>
         <input_file_ref idref="fl-18"/>
      </object_component>
      <object_component id="oc-177">
         <name>.debug_info</name>
         <load_address>0x184d1</load_address>
         <run_address>0x184d1</run_address>
         <size>0xe5</size>
         <input_file_ref idref="fl-18"/>
      </object_component>
      <object_component id="oc-17a">
         <name>.debug_info</name>
         <load_address>0x185b6</load_address>
         <run_address>0x185b6</run_address>
         <size>0xe9</size>
         <input_file_ref idref="fl-18"/>
      </object_component>
      <object_component id="oc-17d">
         <name>.debug_info</name>
         <load_address>0x1869f</load_address>
         <run_address>0x1869f</run_address>
         <size>0xeb</size>
         <input_file_ref idref="fl-18"/>
      </object_component>
      <object_component id="oc-180">
         <name>.debug_info</name>
         <load_address>0x1878a</load_address>
         <run_address>0x1878a</run_address>
         <size>0xed</size>
         <input_file_ref idref="fl-18"/>
      </object_component>
      <object_component id="oc-183">
         <name>.debug_info</name>
         <load_address>0x18877</load_address>
         <run_address>0x18877</run_address>
         <size>0xf1</size>
         <input_file_ref idref="fl-18"/>
      </object_component>
      <object_component id="oc-171">
         <name>.debug_info</name>
         <load_address>0x18968</load_address>
         <run_address>0x18968</run_address>
         <size>0xf2</size>
         <input_file_ref idref="fl-18"/>
      </object_component>
      <object_component id="oc-bf">
         <name>.debug_info</name>
         <load_address>0x18a5a</load_address>
         <run_address>0x18a5a</run_address>
         <size>0xe93</size>
         <input_file_ref idref="fl-18"/>
      </object_component>
      <object_component id="oc-118">
         <name>.debug_info</name>
         <load_address>0x198ed</load_address>
         <run_address>0x198ed</run_address>
         <size>0x79e</size>
         <input_file_ref idref="fl-19"/>
      </object_component>
      <object_component id="oc-115">
         <name>.debug_info</name>
         <load_address>0x1a08b</load_address>
         <run_address>0x1a08b</run_address>
         <size>0xd9</size>
         <input_file_ref idref="fl-19"/>
      </object_component>
      <object_component id="oc-a1">
         <name>.debug_info</name>
         <load_address>0x1a164</load_address>
         <run_address>0x1a164</run_address>
         <size>0x2a0</size>
         <input_file_ref idref="fl-19"/>
      </object_component>
      <object_component id="oc-241">
         <name>.debug_info</name>
         <load_address>0x1a404</load_address>
         <run_address>0x1a404</run_address>
         <size>0x736</size>
         <input_file_ref idref="fl-1b"/>
      </object_component>
      <object_component id="oc-1bf">
         <name>.debug_info</name>
         <load_address>0x1ab3a</load_address>
         <run_address>0x1ab3a</run_address>
         <size>0x1e6e</size>
         <input_file_ref idref="fl-1b"/>
      </object_component>
      <object_component id="oc-2a2">
         <name>.debug_info</name>
         <load_address>0x1c9a8</load_address>
         <run_address>0x1c9a8</run_address>
         <size>0x66f</size>
         <input_file_ref idref="fl-20"/>
      </object_component>
      <object_component id="oc-23e">
         <name>.debug_info</name>
         <load_address>0x1d017</load_address>
         <run_address>0x1d017</run_address>
         <size>0x1112</size>
         <input_file_ref idref="fl-20"/>
      </object_component>
      <object_component id="oc-7b">
         <name>.debug_info</name>
         <load_address>0x1e129</load_address>
         <run_address>0x1e129</run_address>
         <size>0x2d6</size>
         <input_file_ref idref="fl-22"/>
      </object_component>
      <object_component id="oc-27">
         <name>.debug_info</name>
         <load_address>0x1e3ff</load_address>
         <run_address>0x1e3ff</run_address>
         <size>0x102</size>
         <input_file_ref idref="fl-22"/>
      </object_component>
      <object_component id="oc-69">
         <name>.debug_info</name>
         <load_address>0x1e501</load_address>
         <run_address>0x1e501</run_address>
         <size>0x1c9</size>
         <input_file_ref idref="fl-22"/>
      </object_component>
      <object_component id="oc-297">
         <name>.debug_info</name>
         <load_address>0x1e6ca</load_address>
         <run_address>0x1e6ca</run_address>
         <size>0x54a</size>
         <input_file_ref idref="fl-23"/>
      </object_component>
      <object_component id="oc-230">
         <name>.debug_info</name>
         <load_address>0x1ec14</load_address>
         <run_address>0x1ec14</run_address>
         <size>0xba2</size>
         <input_file_ref idref="fl-23"/>
      </object_component>
      <object_component id="oc-160">
         <name>.debug_info</name>
         <load_address>0x1f7b6</load_address>
         <run_address>0x1f7b6</run_address>
         <size>0xfb</size>
         <input_file_ref idref="fl-24"/>
      </object_component>
      <object_component id="oc-b3">
         <name>.debug_info</name>
         <load_address>0x1f8b1</load_address>
         <run_address>0x1f8b1</run_address>
         <size>0x26d</size>
         <input_file_ref idref="fl-24"/>
      </object_component>
      <object_component id="oc-169">
         <name>.debug_info</name>
         <load_address>0x1fb1e</load_address>
         <run_address>0x1fb1e</run_address>
         <size>0x6a8</size>
         <input_file_ref idref="fl-27"/>
      </object_component>
      <object_component id="oc-b9">
         <name>.debug_info</name>
         <load_address>0x201c6</load_address>
         <run_address>0x201c6</run_address>
         <size>0x2002</size>
         <input_file_ref idref="fl-27"/>
      </object_component>
      <object_component id="oc-2a0">
         <name>.debug_info</name>
         <load_address>0x221c8</load_address>
         <run_address>0x221c8</run_address>
         <size>0x712</size>
         <input_file_ref idref="fl-29"/>
      </object_component>
      <object_component id="oc-235">
         <name>.debug_info</name>
         <load_address>0x228da</load_address>
         <run_address>0x228da</run_address>
         <size>0x72a</size>
         <input_file_ref idref="fl-29"/>
      </object_component>
      <object_component id="oc-267">
         <name>.debug_info</name>
         <load_address>0x23004</load_address>
         <run_address>0x23004</run_address>
         <size>0x333</size>
         <input_file_ref idref="fl-e3"/>
      </object_component>
      <object_component id="oc-1d1">
         <name>.debug_info</name>
         <load_address>0x23337</load_address>
         <run_address>0x23337</run_address>
         <size>0x1d1</size>
         <input_file_ref idref="fl-e3"/>
      </object_component>
      <object_component id="oc-25d">
         <name>.debug_info</name>
         <load_address>0x23508</load_address>
         <run_address>0x23508</run_address>
         <size>0x18d</size>
         <input_file_ref idref="fl-e3"/>
      </object_component>
      <object_component id="oc-263">
         <name>.debug_info</name>
         <load_address>0x23695</load_address>
         <run_address>0x23695</run_address>
         <size>0x16d</size>
         <input_file_ref idref="fl-e3"/>
      </object_component>
      <object_component id="oc-38c">
         <name>.debug_info</name>
         <load_address>0x23802</load_address>
         <run_address>0x23802</run_address>
         <size>0x2c</size>
         <input_file_ref idref="fl-e3"/>
      </object_component>
      <object_component id="oc-3a">
         <name>.debug_info</name>
         <load_address>0x2382e</load_address>
         <run_address>0x2382e</run_address>
         <size>0x119</size>
         <input_file_ref idref="fl-e4"/>
      </object_component>
      <object_component id="oc-92">
         <name>.debug_info</name>
         <load_address>0x23947</load_address>
         <run_address>0x23947</run_address>
         <size>0x2d4</size>
         <input_file_ref idref="fl-e5"/>
      </object_component>
      <object_component id="oc-47">
         <name>.debug_info</name>
         <load_address>0x23c1b</load_address>
         <run_address>0x23c1b</run_address>
         <size>0x1d2</size>
         <input_file_ref idref="fl-e5"/>
      </object_component>
      <object_component id="oc-8d">
         <name>.debug_info</name>
         <load_address>0x23ded</load_address>
         <run_address>0x23ded</run_address>
         <size>0x46</size>
         <input_file_ref idref="fl-e5"/>
      </object_component>
      <object_component id="oc-ed">
         <name>.debug_info</name>
         <load_address>0x23e33</load_address>
         <run_address>0x23e33</run_address>
         <size>0x2c</size>
         <input_file_ref idref="fl-e5"/>
      </object_component>
      <object_component id="oc-42">
         <name>.debug_info</name>
         <load_address>0x23e5f</load_address>
         <run_address>0x23e5f</run_address>
         <size>0x2a8</size>
         <input_file_ref idref="fl-e6"/>
      </object_component>
      <object_component id="oc-1e">
         <name>.debug_info</name>
         <load_address>0x24107</load_address>
         <run_address>0x24107</run_address>
         <size>0x1ea</size>
         <input_file_ref idref="fl-e6"/>
      </object_component>
      <object_component id="oc-3d">
         <name>.debug_info</name>
         <load_address>0x242f1</load_address>
         <run_address>0x242f1</run_address>
         <size>0x46</size>
         <input_file_ref idref="fl-e6"/>
      </object_component>
      <object_component id="oc-85">
         <name>.debug_info</name>
         <load_address>0x24337</load_address>
         <run_address>0x24337</run_address>
         <size>0x2c</size>
         <input_file_ref idref="fl-e6"/>
      </object_component>
      <object_component id="oc-83">
         <name>.debug_info</name>
         <load_address>0x24363</load_address>
         <run_address>0x24363</run_address>
         <size>0x29e</size>
         <input_file_ref idref="fl-e7"/>
      </object_component>
      <object_component id="oc-1b">
         <name>.debug_info</name>
         <load_address>0x24601</load_address>
         <run_address>0x24601</run_address>
         <size>0x250</size>
         <input_file_ref idref="fl-e7"/>
      </object_component>
      <object_component id="oc-2d">
         <name>.debug_info</name>
         <load_address>0x24851</load_address>
         <run_address>0x24851</run_address>
         <size>0x60</size>
         <input_file_ref idref="fl-e7"/>
      </object_component>
      <object_component id="oc-e6">
         <name>.debug_info</name>
         <load_address>0x248b1</load_address>
         <run_address>0x248b1</run_address>
         <size>0x46</size>
         <input_file_ref idref="fl-e7"/>
      </object_component>
      <object_component id="oc-7e">
         <name>.debug_info</name>
         <load_address>0x248f7</load_address>
         <run_address>0x248f7</run_address>
         <size>0x39</size>
         <input_file_ref idref="fl-e7"/>
      </object_component>
      <object_component id="oc-2a">
         <name>.debug_info</name>
         <load_address>0x24930</load_address>
         <run_address>0x24930</run_address>
         <size>0x10b</size>
         <input_file_ref idref="fl-e8"/>
      </object_component>
      <object_component id="oc-56">
         <name>.debug_info</name>
         <load_address>0x24a3b</load_address>
         <run_address>0x24a3b</run_address>
         <size>0x1a9</size>
         <input_file_ref idref="fl-e8"/>
      </object_component>
      <object_component id="oc-2f8">
         <name>.debug_info</name>
         <load_address>0x24be4</load_address>
         <run_address>0x24be4</run_address>
         <size>0x590</size>
         <input_file_ref idref="fl-e9"/>
      </object_component>
      <object_component id="oc-2c4">
         <name>.debug_info</name>
         <load_address>0x25174</load_address>
         <run_address>0x25174</run_address>
         <size>0x21e</size>
         <input_file_ref idref="fl-e9"/>
      </object_component>
      <object_component id="oc-351">
         <name>.debug_info</name>
         <load_address>0x25392</load_address>
         <run_address>0x25392</run_address>
         <size>0x1b3</size>
         <input_file_ref idref="fl-e9"/>
      </object_component>
      <object_component id="oc-357">
         <name>.debug_info</name>
         <load_address>0x25545</load_address>
         <run_address>0x25545</run_address>
         <size>0x21b</size>
         <input_file_ref idref="fl-e9"/>
      </object_component>
      <object_component id="oc-2cf">
         <name>.debug_info</name>
         <load_address>0x25760</load_address>
         <run_address>0x25760</run_address>
         <size>0x3c0</size>
         <input_file_ref idref="fl-e9"/>
      </object_component>
      <object_component id="oc-35d">
         <name>.debug_info</name>
         <load_address>0x25b20</load_address>
         <run_address>0x25b20</run_address>
         <size>0x30a</size>
         <input_file_ref idref="fl-e9"/>
      </object_component>
      <object_component id="oc-363">
         <name>.debug_info</name>
         <load_address>0x25e2a</load_address>
         <run_address>0x25e2a</run_address>
         <size>0x215</size>
         <input_file_ref idref="fl-e9"/>
      </object_component>
      <object_component id="oc-2d5">
         <name>.debug_info</name>
         <load_address>0x2603f</load_address>
         <run_address>0x2603f</run_address>
         <size>0x215</size>
         <input_file_ref idref="fl-e9"/>
      </object_component>
      <object_component id="oc-2db">
         <name>.debug_info</name>
         <load_address>0x26254</load_address>
         <run_address>0x26254</run_address>
         <size>0x304</size>
         <input_file_ref idref="fl-e9"/>
      </object_component>
      <object_component id="oc-2e1">
         <name>.debug_info</name>
         <load_address>0x26558</load_address>
         <run_address>0x26558</run_address>
         <size>0x4b5</size>
         <input_file_ref idref="fl-e9"/>
      </object_component>
      <object_component id="oc-256">
         <name>.debug_info</name>
         <load_address>0x26a0d</load_address>
         <run_address>0x26a0d</run_address>
         <size>0x5f4</size>
         <input_file_ref idref="fl-e9"/>
      </object_component>
      <object_component id="oc-2f9">
         <name>.debug_info</name>
         <load_address>0x27001</load_address>
         <run_address>0x27001</run_address>
         <size>0x86</size>
         <input_file_ref idref="fl-e9"/>
      </object_component>
      <object_component id="oc-391">
         <name>.debug_info</name>
         <load_address>0x27087</load_address>
         <run_address>0x27087</run_address>
         <size>0x39</size>
         <input_file_ref idref="fl-e9"/>
      </object_component>
      <object_component id="oc-3d2">
         <name>.debug_info</name>
         <load_address>0x270c0</load_address>
         <run_address>0x270c0</run_address>
         <size>0xb6</size>
         <input_file_ref idref="fl-e9"/>
      </object_component>
      <object_component id="oc-396">
         <name>.debug_info</name>
         <load_address>0x27176</load_address>
         <run_address>0x27176</run_address>
         <size>0x46</size>
         <input_file_ref idref="fl-e9"/>
      </object_component>
      <object_component id="oc-2fe">
         <name>.debug_info</name>
         <load_address>0x271bc</load_address>
         <run_address>0x271bc</run_address>
         <size>0x46</size>
         <input_file_ref idref="fl-e9"/>
      </object_component>
      <object_component id="oc-3b5">
         <name>.debug_info</name>
         <load_address>0x27202</load_address>
         <run_address>0x27202</run_address>
         <size>0x295</size>
         <input_file_ref idref="fl-ea"/>
      </object_component>
      <object_component id="oc-36a">
         <name>.debug_info</name>
         <load_address>0x27497</load_address>
         <run_address>0x27497</run_address>
         <size>0x195</size>
         <input_file_ref idref="fl-ea"/>
      </object_component>
      <object_component id="oc-3de">
         <name>.debug_info</name>
         <load_address>0x2762c</load_address>
         <run_address>0x2762c</run_address>
         <size>0x39</size>
         <input_file_ref idref="fl-ea"/>
      </object_component>
      <object_component id="oc-3b6">
         <name>.debug_info</name>
         <load_address>0x27665</load_address>
         <run_address>0x27665</run_address>
         <size>0x2c</size>
         <input_file_ref idref="fl-ea"/>
      </object_component>
      <object_component id="oc-3c2">
         <name>.debug_info</name>
         <load_address>0x27691</load_address>
         <run_address>0x27691</run_address>
         <size>0x2f8</size>
         <input_file_ref idref="fl-eb"/>
      </object_component>
      <object_component id="oc-370">
         <name>.debug_info</name>
         <load_address>0x27989</load_address>
         <run_address>0x27989</run_address>
         <size>0x225</size>
         <input_file_ref idref="fl-eb"/>
      </object_component>
      <object_component id="oc-384">
         <name>.debug_info</name>
         <load_address>0x27bae</load_address>
         <run_address>0x27bae</run_address>
         <size>0x28f</size>
         <input_file_ref idref="fl-ec"/>
      </object_component>
      <object_component id="oc-2ee">
         <name>.debug_info</name>
         <load_address>0x27e3d</load_address>
         <run_address>0x27e3d</run_address>
         <size>0x15a</size>
         <input_file_ref idref="fl-ec"/>
      </object_component>
      <object_component id="oc-3c7">
         <name>.debug_info</name>
         <load_address>0x27f97</load_address>
         <run_address>0x27f97</run_address>
         <size>0x46</size>
         <input_file_ref idref="fl-ec"/>
      </object_component>
      <object_component id="oc-37f">
         <name>.debug_info</name>
         <load_address>0x27fdd</load_address>
         <run_address>0x27fdd</run_address>
         <size>0x39</size>
         <input_file_ref idref="fl-ec"/>
      </object_component>
      <object_component id="oc-34a">
         <name>.debug_info</name>
         <load_address>0x28016</load_address>
         <run_address>0x28016</run_address>
         <size>0x14c</size>
         <input_file_ref idref="fl-ed"/>
      </object_component>
      <object_component id="oc-2ca">
         <name>.debug_info</name>
         <load_address>0x28162</load_address>
         <run_address>0x28162</run_address>
         <size>0x128</size>
         <input_file_ref idref="fl-ee"/>
      </object_component>
      <object_component id="oc-335">
         <name>.debug_info</name>
         <load_address>0x2828a</load_address>
         <run_address>0x2828a</run_address>
         <size>0x12a</size>
         <input_file_ref idref="fl-ee"/>
      </object_component>
      <object_component id="oc-332">
         <name>.debug_info</name>
         <load_address>0x283b4</load_address>
         <run_address>0x283b4</run_address>
         <size>0x13a</size>
         <input_file_ref idref="fl-ef"/>
      </object_component>
      <object_component id="oc-32b">
         <name>.debug_info</name>
         <load_address>0x284ee</load_address>
         <run_address>0x284ee</run_address>
         <size>0x13a</size>
         <input_file_ref idref="fl-f0"/>
      </object_component>
      <object_component id="oc-33a">
         <name>.debug_info</name>
         <load_address>0x28628</load_address>
         <run_address>0x28628</run_address>
         <size>0x12e</size>
         <input_file_ref idref="fl-f1"/>
      </object_component>
      <object_component id="oc-345">
         <name>.debug_info</name>
         <load_address>0x28756</load_address>
         <run_address>0x28756</run_address>
         <size>0x12c</size>
         <input_file_ref idref="fl-f2"/>
      </object_component>
      <object_component id="oc-325">
         <name>.debug_info</name>
         <load_address>0x28882</load_address>
         <run_address>0x28882</run_address>
         <size>0x134</size>
         <input_file_ref idref="fl-f3"/>
      </object_component>
      <object_component id="oc-95">
         <name>.debug_info</name>
         <load_address>0x289b6</load_address>
         <run_address>0x289b6</run_address>
         <size>0x147</size>
         <input_file_ref idref="fl-f4"/>
      </object_component>
      <object_component id="oc-1f3">
         <name>.debug_info</name>
         <load_address>0x28afd</load_address>
         <run_address>0x28afd</run_address>
         <size>0x4b3</size>
         <input_file_ref idref="fl-f5"/>
      </object_component>
      <object_component id="oc-130">
         <name>.debug_info</name>
         <load_address>0x28fb0</load_address>
         <run_address>0x28fb0</run_address>
         <size>0x1a6</size>
         <input_file_ref idref="fl-f5"/>
      </object_component>
      <object_component id="oc-283">
         <name>.debug_info</name>
         <load_address>0x29156</load_address>
         <run_address>0x29156</run_address>
         <size>0x39</size>
         <input_file_ref idref="fl-f5"/>
      </object_component>
      <object_component id="oc-30a">
         <name>.debug_info</name>
         <load_address>0x2918f</load_address>
         <run_address>0x2918f</run_address>
         <size>0x39</size>
         <input_file_ref idref="fl-f5"/>
      </object_component>
      <object_component id="oc-288">
         <name>.debug_info</name>
         <load_address>0x291c8</load_address>
         <run_address>0x291c8</run_address>
         <size>0x39</size>
         <input_file_ref idref="fl-f5"/>
      </object_component>
      <object_component id="oc-28d">
         <name>.debug_info</name>
         <load_address>0x29201</load_address>
         <run_address>0x29201</run_address>
         <size>0xcd</size>
         <input_file_ref idref="fl-f5"/>
      </object_component>
      <object_component id="oc-9d">
         <name>.debug_info</name>
         <load_address>0x292ce</load_address>
         <run_address>0x292ce</run_address>
         <size>0x153</size>
         <input_file_ref idref="fl-f6"/>
      </object_component>
      <object_component id="oc-122">
         <name>.debug_info</name>
         <load_address>0x29421</load_address>
         <run_address>0x29421</run_address>
         <size>0x122</size>
         <input_file_ref idref="fl-f8"/>
      </object_component>
      <object_component id="oc-3ad">
         <name>.debug_info</name>
         <load_address>0x29543</load_address>
         <run_address>0x29543</run_address>
         <size>0x29c</size>
         <input_file_ref idref="fl-fa"/>
      </object_component>
      <object_component id="oc-33f">
         <name>.debug_info</name>
         <load_address>0x297df</load_address>
         <run_address>0x297df</run_address>
         <size>0x1da</size>
         <input_file_ref idref="fl-fa"/>
      </object_component>
      <object_component id="oc-322">
         <name>.debug_info</name>
         <load_address>0x299b9</load_address>
         <run_address>0x299b9</run_address>
         <size>0x2b9</size>
         <input_file_ref idref="fl-fc"/>
      </object_component>
      <object_component id="oc-2bf">
         <name>.debug_info</name>
         <load_address>0x29c72</load_address>
         <run_address>0x29c72</run_address>
         <size>0x17c</size>
         <input_file_ref idref="fl-fc"/>
      </object_component>
      <object_component id="oc-39f">
         <name>.debug_info</name>
         <load_address>0x29dee</load_address>
         <run_address>0x29dee</run_address>
         <size>0xf9</size>
         <input_file_ref idref="fl-fd"/>
      </object_component>
      <object_component id="oc-31f">
         <name>.debug_info</name>
         <load_address>0x29ee7</load_address>
         <run_address>0x29ee7</run_address>
         <size>0x105</size>
         <input_file_ref idref="fl-fd"/>
      </object_component>
      <object_component id="oc-37d">
         <name>.debug_info</name>
         <load_address>0x29fec</load_address>
         <run_address>0x29fec</run_address>
         <size>0x2a7</size>
         <input_file_ref idref="fl-fe"/>
      </object_component>
      <object_component id="oc-2e9">
         <name>.debug_info</name>
         <load_address>0x2a293</load_address>
         <run_address>0x2a293</run_address>
         <size>0x1b8</size>
         <input_file_ref idref="fl-fe"/>
      </object_component>
      <object_component id="oc-3c4">
         <name>.debug_info</name>
         <load_address>0x2a44b</load_address>
         <run_address>0x2a44b</run_address>
         <size>0x29a</size>
         <input_file_ref idref="fl-ff"/>
      </object_component>
      <object_component id="oc-377">
         <name>.debug_info</name>
         <load_address>0x2a6e5</load_address>
         <run_address>0x2a6e5</run_address>
         <size>0x262</size>
         <input_file_ref idref="fl-ff"/>
      </object_component>
      <object_component id="oc-31d">
         <name>.debug_info</name>
         <load_address>0x2a947</load_address>
         <run_address>0x2a947</run_address>
         <size>0x28f</size>
         <input_file_ref idref="fl-100"/>
      </object_component>
      <object_component id="oc-2b9">
         <name>.debug_info</name>
         <load_address>0x2abd6</load_address>
         <run_address>0x2abd6</run_address>
         <size>0x245</size>
         <input_file_ref idref="fl-100"/>
      </object_component>
      <object_component id="oc-389">
         <name>.debug_info</name>
         <load_address>0x2ae1b</load_address>
         <run_address>0x2ae1b</run_address>
         <size>0x289</size>
         <input_file_ref idref="fl-101"/>
      </object_component>
      <object_component id="oc-386">
         <name>.debug_info</name>
         <load_address>0x2b0a4</load_address>
         <run_address>0x2b0a4</run_address>
         <size>0x10e</size>
         <input_file_ref idref="fl-101"/>
      </object_component>
      <object_component id="oc-2f2">
         <name>.debug_info</name>
         <load_address>0x2b1b2</load_address>
         <run_address>0x2b1b2</run_address>
         <size>0x14e</size>
         <input_file_ref idref="fl-101"/>
      </object_component>
      <object_component id="oc-3bc">
         <name>.debug_info</name>
         <load_address>0x2b300</load_address>
         <run_address>0x2b300</run_address>
         <size>0x161</size>
         <input_file_ref idref="fl-102"/>
      </object_component>
      <object_component id="oc-3a5">
         <name>.debug_info</name>
[...]
         <name>Timer_A_getOutputForOutputModeOutBitValue</name>
         <value>0x38e3</value>
         <object_component_ref idref="oc-b8"/>
      </symbol>
      <symbol id="sm-85e">
         <name>Timer_A_enableCaptureCompareInterrupt</name>
         <value>0x3a99</value>
         <object_component_ref idref="oc-b8"/>
      </symbol>
      <symbol id="sm-85f">
         <name>Timer_A_getCounterValue</name>
         <value>0x3853</value>
         <object_component_ref idref="oc-b8"/>
      </symbol>
      <symbol id="sm-860">
         <name>Timer_A_setCompareValue</name>
         <value>0x39f5</value>
         <object_component_ref idref="oc-b8"/>
      </symbol>
      <symbol id="sm-861">
         <name>Timer_A_clearCaptureCompareInterrupt</name>
         <value>0x3a37</value>
         <object_component_ref idref="oc-b8"/>
      </symbol>
      <symbol id="sm-862">
         <name>Timer_A_registerInterrupt</name>
         <value>0x3b69</value>
         <object_component_ref idref="oc-b8"/>
      </symbol>
      <symbol id="sm-863">
         <name>Timer_A_initCompare</name>
         <value>0x3805</value>
         <object_component_ref idref="oc-b8"/>
      </symbol>
      <symbol id="sm-864">
         <name>Timer_A_generatePWM</name>
         <value>0x396b</value>
         <object_component_ref idref="oc-b8"/>
      </symbol>
      <symbol id="sm-865">
         <name>Timer_A_startCounter</name>
         <value>0x36b1</value>
         <object_component_ref idref="oc-b8"/>
      </symbol>
      <symbol id="sm-866">
         <name>Timer_A_initCapture</name>
         <value>0x37b3</value>
         <object_component_ref idref="oc-b8"/>
      </symbol>
      <symbol id="sm-867">
         <name>Timer_A_getCaptureCompareCount</name>
         <value>0x3911</value>
         <object_component_ref idref="oc-b8"/>
      </symbol>
      <symbol id="sm-868">
         <name>Timer_A_disableCaptureCompareInterrupt</name>
         <value>0x3ac5</value>
         <object_component_ref idref="oc-b8"/>
      </symbol>
      <symbol id="sm-869">
         <name>Timer_A_stopTimer</name>
         <value>0x39e1</value>
         <object_component_ref idref="oc-b8"/>
      </symbol>
      <symbol id="sm-86a">
         <name>Timer_A_getCaptureCompareInterruptStatus</name>
         <value>0x3aed</value>
         <object_component_ref idref="oc-b8"/>
      </symbol>
      <symbol id="sm-86b">
         <name>Timer_A_clearTimer</name>
         <value>0x389f</value>
         <object_component_ref idref="oc-b8"/>
      </symbol>
      <symbol id="sm-86c">
         <name>Timer_A_clearInterruptFlag</name>
         <value>0x3a21</value>
         <object_component_ref idref="oc-b8"/>
      </symbol>
      <symbol id="sm-86d">
         <name>Timer_A_configureUpDownMode</name>
         <value>0x3755</value>
         <object_component_ref idref="oc-b8"/>
      </symbol>
      <symbol id="sm-86e">
         <name>Timer_A_getSynchronizedCaptureCompareInput</name>
         <value>0x38b3</value>
         <object_component_ref idref="oc-b8"/>
      </symbol>
      <symbol id="sm-86f">
         <name>Timer_A_configureUpMode</name>
         <value>0x36f7</value>
         <object_component_ref idref="oc-b8"/>
      </symbol>
      <symbol id="sm-870">
         <name>Timer_A_getEnabledInterruptStatus</name>
         <value>0x3b15</value>
         <object_component_ref idref="oc-b8"/>
      </symbol>
      <symbol id="sm-871">
         <name>Timer_A_disableInterrupt</name>
         <value>0x3a73</value>
         <object_component_ref idref="oc-b8"/>
      </symbol>
      <symbol id="sm-872">
         <name>Timer_A_configureContinuousMode</name>
         <value>0x36c7</value>
         <object_component_ref idref="oc-b8"/>
      </symbol>
      <symbol id="sm-873">
         <name>Timer_A_getCaptureCompareEnabledInterruptStatus</name>
         <value>0x3b2d</value>
         <object_component_ref idref="oc-b8"/>
      </symbol>
      <symbol id="sm-874">
         <name>Timer_A_getInterruptStatus</name>
         <value>0x3a87</value>
         <object_component_ref idref="oc-b8"/>
      </symbol>
      <symbol id="sm-875">
         <name>Timer_A_enableInterrupt</name>
         <value>0x3a5f</value>
         <object_component_ref idref="oc-b8"/>
      </symbol>
      <symbol id="sm-876">
         <name>Timer_A_unregisterInterrupt</name>
         <value>0x3c3b</value>
         <object_component_ref idref="oc-b8"/>
      </symbol>
      <symbol id="sm-88e">
         <name>WDT_A_setTimeoutReset</name>
         <value>0x6eb9</value>
         <object_component_ref idref="oc-234"/>
      </symbol>
      <symbol id="sm-88f">
         <name>WDT_A_registerInterrupt</name>
         <value>0x6ec5</value>
         <object_component_ref idref="oc-234"/>
      </symbol>
      <symbol id="sm-890">
         <name>WDT_A_setPasswordViolationReset</name>
         <value>0x6ead</value>
         <object_component_ref idref="oc-234"/>
      </symbol>
      <symbol id="sm-891">
         <name>WDT_A_initIntervalTimer</name>
         <value>0x6e91</value>
         <object_component_ref idref="oc-234"/>
      </symbol>
      <symbol id="sm-892">
         <name>WDT_A_clearTimer</name>
         <value>0x6e55</value>
         <object_component_ref idref="oc-234"/>
      </symbol>
      <symbol id="sm-893">
         <name>WDT_A_holdTimer</name>
         <value>0x6e15</value>
         <object_component_ref idref="oc-234"/>
      </symbol>
      <symbol id="sm-894">
         <name>WDT_A_initWatchdogTimer</name>
         <value>0x6e75</value>
         <object_component_ref idref="oc-234"/>
      </symbol>
      <symbol id="sm-895">
         <name>WDT_A_startTimer</name>
         <value>0x6e35</value>
         <object_component_ref idref="oc-234"/>
      </symbol>
      <symbol id="sm-896">
         <name>WDT_A_unregisterInterrupt</name>
         <value>0x6ed9</value>
         <object_component_ref idref="oc-234"/>
      </symbol>
      <symbol id="sm-8bd">
         <name>sprintf</name>
         <value>0x7751</value>
         <object_component_ref idref="oc-1cf"/>
      </symbol>
      <symbol id="sm-8d8">
         <name>memcpy</name>
         <value>0x710f</value>
         <object_component_ref idref="oc-37"/>
      </symbol>
      <symbol id="sm-8d9">
         <name>__aeabi_memcpy</name>
         <value>0x710f</value>
         <object_component_ref idref="oc-37"/>
      </symbol>
      <symbol id="sm-8da">
         <name>__aeabi_memcpy8</name>
         <value>0x710f</value>
         <object_component_ref idref="oc-37"/>
      </symbol>
      <symbol id="sm-8db">
         <name>__aeabi_memcpy4</name>
         <value>0x710f</value>
         <object_component_ref idref="oc-37"/>
      </symbol>
      <symbol id="sm-8f4">
         <name>__TI_zero_init_nomemset</name>
         <value>0x786f</value>
         <object_component_ref idref="oc-43"/>
      </symbol>
      <symbol id="sm-90b">
         <name>__TI_decompress_none</name>
         <value>0x7915</value>
         <object_component_ref idref="oc-1d"/>
      </symbol>
      <symbol id="sm-92e">
         <name>__TI_decompress_lzss</name>
         <value>0x74b1</value>
         <object_component_ref idref="oc-17"/>
      </symbol>
      <symbol id="sm-941">
         <name>__stack</name>
         <value>0x2000fe00</value>
         <object_component_ref idref="oc-29"/>
      </symbol>
      <symbol id="sm-942">
         <name>_c_int00_noargs</name>
         <value>0x780d</value>
         <object_component_ref idref="oc-55"/>
      </symbol>
      <symbol id="sm-aa7">
         <name>__TI_printfi</name>
         <value>0x22e9</value>
         <object_component_ref idref="oc-254"/>
      </symbol>
      <symbol id="sm-ac7">
         <name>frexpl</name>
         <value>0x7519</value>
         <object_component_ref idref="oc-369"/>
      </symbol>
      <symbol id="sm-ac8">
         <name>frexp</name>
         <value>0x7519</value>
         <object_component_ref idref="oc-369"/>
      </symbol>
      <symbol id="sm-ae5">
         <name>scalbn</name>
         <value>0x6a0d</value>
         <object_component_ref idref="oc-36f"/>
      </symbol>
      <symbol id="sm-ae6">
         <name>scalbnl</name>
         <value>0x6a0d</value>
         <object_component_ref idref="oc-36f"/>
      </symbol>
      <symbol id="sm-ae7">
         <name>ldexpl</name>
         <value>0x6a0d</value>
         <object_component_ref idref="oc-36f"/>
      </symbol>
      <symbol id="sm-ae8">
         <name>ldexp</name>
         <value>0x6a0d</value>
         <object_component_ref idref="oc-36f"/>
      </symbol>
      <symbol id="sm-b01">
         <name>wcslen</name>
         <value>0x7903</value>
         <object_component_ref idref="oc-2eb"/>
      </symbol>
      <symbol id="sm-b18">
         <name>__aeabi_dsub</name>
         <value>0x6349</value>
         <object_component_ref idref="oc-349"/>
      </symbol>
      <symbol id="sm-b19">
         <name>__aeabi_dadd</name>
         <value>0x6353</value>
         <object_component_ref idref="oc-349"/>
      </symbol>
      <symbol id="sm-b3b">
         <name>__aeabi_cdcmpeq</name>
         <value>0x7241</value>
         <object_component_ref idref="oc-2c8"/>
      </symbol>
      <symbol id="sm-b3c">
         <name>__aeabi_cdcmple</name>
         <value>0x7241</value>
         <object_component_ref idref="oc-2c8"/>
      </symbol>
      <symbol id="sm-b3d">
         <name>__aeabi_cdrcmple</name>
         <value>0x72c7</value>
         <object_component_ref idref="oc-334"/>
      </symbol>
      <symbol id="sm-b51">
         <name>__aeabi_ddiv</name>
         <value>0x67b1</value>
         <object_component_ref idref="oc-32f"/>
      </symbol>
      <symbol id="sm-b5c">
         <name>__aeabi_dmul</name>
         <value>0x6c25</value>
         <object_component_ref idref="oc-32a"/>
      </symbol>
      <symbol id="sm-b66">
         <name>__aeabi_d2iz</name>
         <value>0x76c5</value>
         <object_component_ref idref="oc-339"/>
      </symbol>
      <symbol id="sm-b70">
         <name>__aeabi_i2d</name>
         <value>0x7841</value>
         <object_component_ref idref="oc-344"/>
      </symbol>
      <symbol id="sm-b7d">
         <name>__aeabi_uldivmod</name>
         <value>0x71ab</value>
         <object_component_ref idref="oc-323"/>
      </symbol>
      <symbol id="sm-b8c">
         <name>__aeabi_memset</name>
         <value>0x73cb</value>
         <object_component_ref idref="oc-93"/>
      </symbol>
      <symbol id="sm-b8d">
         <name>memset</name>
         <value>0x73d1</value>
         <object_component_ref idref="oc-93"/>
      </symbol>
      <symbol id="sm-b8e">
         <name>__aeabi_memset8</name>
         <value>0x73cb</value>
         <object_component_ref idref="oc-93"/>
      </symbol>
      <symbol id="sm-b8f">
         <name>__aeabi_memset4</name>
         <value>0x73cb</value>
         <object_component_ref idref="oc-93"/>
      </symbol>
      <symbol id="sm-b90">
         <name>__aeabi_memclr8</name>
         <value>0x73c9</value>
         <object_component_ref idref="oc-93"/>
      </symbol>
      <symbol id="sm-b91">
         <name>__aeabi_memclr4</name>
         <value>0x73c9</value>
         <object_component_ref idref="oc-93"/>
      </symbol>
      <symbol id="sm-b92">
         <name>__aeabi_memclr</name>
         <value>0x73c9</value>
         <object_component_ref idref="oc-93"/>
      </symbol>
      <symbol id="sm-bba">
         <name>__TI_auto_init_nobinit_nopinit</name>
         <value>0x770d</value>
         <object_component_ref idref="oc-12d"/>
      </symbol>
      <symbol id="sm-bc4">
         <name>_system_pre_init</name>
         <value>0x7945</value>
         <object_component_ref idref="oc-99"/>
      </symbol>
      <symbol id="sm-bd0">
         <name>C$$EXIT</name>
         <value>0x7949</value>
         <object_component_ref idref="oc-121"/>
      </symbol>
      <symbol id="sm-bd1">
         <name>abort</name>
         <value>0x7949</value>
         <object_component_ref idref="oc-121"/>
      </symbol>
      <symbol id="sm-be1">
         <name>__TI_ltoa</name>
         <value>0x75d3</value>
         <object_component_ref idref="oc-33e"/>
      </symbol>
      <symbol id="sm-bf8">
         <name>atoi</name>
         <value>0x7679</value>
         <object_component_ref idref="oc-2bc"/>
      </symbol>
      <symbol id="sm-c03">
         <name>_ctypes_</name>
         <value>0x7b2c</value>
         <object_component_ref idref="oc-31e"/>
      </symbol>
      <symbol id="sm-c13">
         <name>memccpy</name>
         <value>0x788b</value>
         <object_component_ref idref="oc-2e5"/>
      </symbol>
      <symbol id="sm-c23">
         <name>strchr</name>
         <value>0x78d9</value>
         <object_component_ref idref="oc-375"/>
      </symbol>
      <symbol id="sm-c31">
         <name>strlen</name>
         <value>0x78ef</value>
         <object_component_ref idref="oc-2b6"/>
      </symbol>
      <symbol id="sm-c47">
         <name>__aeabi_errno_addr</name>
         <value>0x793d</value>
         <object_component_ref idref="oc-2f1"/>
      </symbol>
      <symbol id="sm-c48">
         <name>errno</name>
         <value>0x20000374</value>
         <object_component_ref idref="oc-385"/>
      </symbol>
      <symbol id="sm-c52">
         <name>copysign</name>
         <value>0x78a7</value>
         <object_component_ref idref="oc-3bb"/>
      </symbol>
      <symbol id="sm-c53">
         <name>copysignl</name>
         <value>0x78a7</value>
         <object_component_ref idref="oc-3bb"/>
      </symbol>
      <symbol id="sm-c5d">
         <name>__aeabi_idiv0</name>
         <value>0x2d37</value>
         <object_component_ref idref="oc-3a2"/>
      </symbol>
      <symbol id="sm-c5e">
         <name>__aeabi_ldiv0</name>
         <value>0x2d37</value>
         <object_component_ref idref="oc-3a2"/>
      </symbol>
      <symbol id="sm-c5f">
         <name>__TI_static_base__</name>
         <value>0x0</value>
      </symbol>
      <symbol id="sm-c62">
         <name>__mpu_init</name>
         <value>0x0</value>
      </symbol>
      <symbol id="sm-c63">
         <name>_system_post_cinit</name>
         <value>0x0</value>
      </symbol>
      <symbol id="sm-c64">
         <name>NMI_Handler</name>
         <value>0x792f</value>
      </symbol>
      <symbol id="sm-c65">
         <name>HardFault_Handler</name>
         <value>0x792f</value>
      </symbol>
      <symbol id="sm-c66">
         <name>MemManage_Handler</name>
         <value>0x792f</value>
      </symbol>
      <symbol id="sm-c67">
         <name>BusFault_Handler</name>
         <value>0x792f</value>
      </symbol>
      <symbol id="sm-c68">
         <name>UsageFault_Handler</name>
         <value>0x792f</value>
      </symbol>
      <symbol id="sm-c69">
         <name>SVC_Handler</name>
         <value>0x792f</value>
      </symbol>
      <symbol id="sm-c6a">
         <name>DebugMon_Handler</name>
         <value>0x792f</value>
      </symbol>
      <symbol id="sm-c6b">
         <name>PendSV_Handler</name>
         <value>0x792f</value>
      </symbol>
      <symbol id="sm-c6c">
         <name>SysTick_Handler</name>
         <value>0x792f</value>
      </symbol>
      <symbol id="sm-c6d">
         <name>PSS_IRQHandler</name>
         <value>0x792f</value>
      </symbol>
      <symbol id="sm-c6e">
         <name>CS_IRQHandler</name>
         <value>0x792f</value>
      </symbol>
      <symbol id="sm-c6f">
         <name>PCM_IRQHandler</name>
         <value>0x792f</value>
      </symbol>
      <symbol id="sm-c70">
         <name>WDT_A_IRQHandler</name>
         <value>0x792f</value>
      </symbol>
      <symbol id="sm-c71">
         <name>FPU_IRQHandler</name>
         <value>0x792f</value>
      </symbol>
      <symbol id="sm-c72">
         <name>FLCTL_IRQHandler</name>
         <value>0x792f</value>
      </symbol>
      <symbol id="sm-c73">
         <name>COMP_E0_IRQHandler</name>
         <value>0x792f</value>
      </symbol>
      <symbol id="sm-c74">
         <name>COMP_E1_IRQHandler</name>
         <value>0x792f</value>
      </symbol>
      <symbol id="sm-c75">
         <name>TA0_0_IRQHandler</name>
         <value>0x792f</value>
      </symbol>
      <symbol id="sm-c76">
         <name>TA0_N_IRQHandler</name>
         <value>0x792f</value>
      </symbol>
      <symbol id="sm-c77">
         <name>TA1_0_IRQHandler</name>
         <value>0x73ab</value>
      </symbol>
      <symbol id="sm-c78">
         <name>TA1_N_IRQHandler</name>
         <value>0x792f</value>
      </symbol>
      <symbol id="sm-c79">
         <name>TA2_0_IRQHandler</name>
         <value>0x792f</value>
      </symbol>
      <symbol id="sm-c7a">
         <name>TA2_N_IRQHandler</name>
         <value>0x792f</value>
      </symbol>
      <symbol id="sm-c7b">
         <name>TA3_0_IRQHandler</name>
         <value>0x792f</value>
      </symbol>
      <symbol id="sm-c7c">
         <name>TA3_N_IRQHandler</name>
         <value>0x792f</value>
      </symbol>
      <symbol id="sm-c7d">
         <name>EUSCIA0_IRQHandler</name>
         <value>0x792f</value>
      </symbol>
      <symbol id="sm-c7e">
         <name>EUSCIA1_IRQHandler</name>
         <value>0x792f</value>
      </symbol>
      <symbol id="sm-c7f">
         <name>EUSCIA2_IRQHandler</name>
         <value>0x792f</value>
      </symbol>
      <symbol id="sm-c80">
         <name>EUSCIA3_IRQHandler</name>
         <value>0x792f</value>
      </symbol>
      <symbol id="sm-c81">
         <name>EUSCIB0_IRQHandler</name>
         <value>0x792f</value>
      </symbol>
      <symbol id="sm-c82">
         <name>EUSCIB1_IRQHandler</name>
         <value>0x792f</value>
      </symbol>
      <symbol id="sm-c83">
         <name>EUSCIB2_IRQHandler</name>
         <value>0x792f</value>
      </symbol>
      <symbol id="sm-c84">
         <name>EUSCIB3_IRQHandler</name>
         <value>0x792f</value>
      </symbol>
      <symbol id="sm-c85">
         <name>ADC14_IRQHandler</name>
         <value>0x792f</value>
      </symbol>
      <symbol id="sm-c86">
         <name>T32_INT1_IRQHandler</name>
         <value>0x792f</value>
      </symbol>
      <symbol id="sm-c87">
         <name>T32_INT2_IRQHandler</name>
         <value>0x792f</value>
      </symbol>
      <symbol id="sm-c88">
         <name>T32_INTC_IRQHandler</name>
         <value>0x792f</value>
      </symbol>
      <symbol id="sm-c89">
         <name>AES256_IRQHandler</name>
         <value>0x792f</value>
      </symbol>
      <symbol id="sm-c8a">
         <name>RTC_C_IRQHandler</name>
         <value>0x792f</value>
      </symbol>
      <symbol id="sm-c8b">
         <name>DMA_ERR_IRQHandler</name>
         <value>0x792f</value>
      </symbol>
      <symbol id="sm-c8c">
         <name>DMA_INT3_IRQHandler</name>
         <value>0x792f</value>
      </symbol>
      <symbol id="sm-c8d">
         <name>DMA_INT2_IRQHandler</name>
         <value>0x792f</value>
      </symbol>
      <symbol id="sm-c8e">
         <name>DMA_INT1_IRQHandler</name>
         <value>0x792f</value>
      </symbol>
      <symbol id="sm-c8f">
         <name>DMA_INT0_IRQHandler</name>
         <value>0x792f</value>
      </symbol>
      <symbol id="sm-c90">
         <name>PORT1_IRQHandler</name>
         <value>0x792f</value>
      </symbol>
      <symbol id="sm-c91">
         <name>PORT2_IRQHandler</name>
         <value>0x792f</value>
      </symbol>
      <symbol id="sm-c92">
         <name>PORT3_IRQHandler</name>
         <value>0x792f</value>
      </symbol>
      <symbol id="sm-c93">
         <name>PORT4_IRQHandler</name>
         <value>0x6647</value>
      </symbol>
      <symbol id="sm-c94">
         <name>PORT5_IRQHandler</name>
         <value>0x792f</value>
      </symbol>
      <symbol id="sm-c95">
         <name>PORT6_IRQHandler</name>
         <value>0x792f</value>
      </symbol>
   </symbol_table>
   <title>Link successful</title>
</link_info>
