******************************************************************************
                  TI ARM Linker PC v20.2.5                     
******************************************************************************
>> Linked Wed Nov  3 12:08:14 2021

OUTPUT FILE NAME:   <DriverLibrary.out>
ENTRY POINT SYMBOL: "_c_int00_noargs"  address: 00006c3d


MEMORY CONFIGURATION

         name            origin    length      used     unused   attr    fill
----------------------  --------  ---------  --------  --------  ----  --------
  MAIN                  00000000   00040000  00007200  00038e00  R  X
  INFO                  00200000   00004000  00000000  00004000  R  X
  SRAM_CODE             01000000   00010000  00000538  0000fac8  RW X
  SRAM_DATA             20000000   00010000  00000538  0000fac8  RW  


SEGMENT ALLOCATION MAP

run origin  load origin   length   init length attrs members
----------  ----------- ---------- ----------- ----- -------
00000000    00000000    00007200   00007200    r-x
  00000000    00000000    000000e4   000000e4    r-- .intvecs
  000000e4    000000e4    00006cc4   00006cc4    r-x .text
  00006da8    00006da8    000003e0   000003e0    r-- .const
  00007188    00007188    00000078   00000078    r-- .cinit
20000000    20000000    00000338   00000000    rw-
  20000000    20000000    000000e8   00000000    rw- .vtable
  200000e8    200000e8    00000208   00000000    rw- .bss
  200002f0    200002f0    00000048   00000000    rw- .data
2000fe00    2000fe00    00000200   00000000    rw-
  2000fe00    2000fe00    00000200   00000000    rw- .stack


SECTION ALLOCATION MAP

 output                                  attributes/
section   page    origin      length       input sections
--------  ----  ----------  ----------   ----------------
.intvecs   0    00000000    000000e4     
                  00000000    000000e4     startup_msp432p401r_ccs.obj (.intvecs:retain)

.text      0    000000e4    00006cc4     
                  000000e4    000015a8     flash.obj (.text)
                  0000168c    00000c5c     cs.obj (.text)
                  000022e8    00000a4e     rtsv7M4_T_le_v4SPD16_eabi.lib : _printfi.c.obj (.text:__TI_printfi)
                  00002d36    00000002                                   : div0.asm.obj (.text)
                  00002d38    00000834     pcm.obj (.text)
                  0000356c    00000798     timer_a.obj (.text)
                  00003d04    00000590     Nokia5110_skeleton.obj (.text)
                  00004294    00000554     rtc_c.obj (.text)
                  000047e8    00000480     gpio.obj (.text)
                  00004c68    0000040c     interrupt.obj (.text)
                  00005074    00000334     system_msp432p401r.obj (.text)
                  000053a8    00000270     rtsv7M4_T_le_v4SPD16_eabi.lib : _printfi.c.obj (.text:_pconv_a)
                  00005618    00000248     sysctl.obj (.text)
                  00005860    000001d0     rtsv7M4_T_le_v4SPD16_eabi.lib : _printfi.c.obj (.text:_pconv_g)
                  00005a30    000001b6                                   : fd_add_t2.asm.obj (.text)
                  00005be6    00000002     --HOLE-- [fill = 0]
                  00005be8    00000174     Bump.obj (.text)
                  00005d5c    0000013c     rtsv7M4_T_le_v4SPD16_eabi.lib : _printfi.c.obj (.text:_pconv_e)
                  00005e98    00000136                                   : fd_div_t2.asm.obj (.text)
                  00005fce    00000002     --HOLE-- [fill = 0]
                  00005fd0    00000124                                   : _printfi.c.obj (.text:fcvt)
                  000060f4    00000110                                   : s_scalbn.c.obj (.text:scalbn)
                  00006204    000000fc                                   : fd_mul_t2.asm.obj (.text)
                  00006300    000000d8     wdt_a.obj (.text)
                  000063d8    000000b4     Clock_DL.obj (.text)
                  0000648c    000000b1     rtsv7M4_T_le_v4SPD16_eabi.lib : _printfi.c.obj (.text:_ltostr)
                  0000653d    00000001     --HOLE-- [fill = 0]
                  0000653e    0000009c                                   : memcpy_t2.asm.obj (.text)
                  000065da    00000096                                   : ull_div_t2.asm.obj (.text)
                  00006670    00000086                                   : fd_cmp_t2.asm.obj (.text:__aeabi_cdcmple)
                  000066f6    00000086                                   : fd_cmp_t2.asm.obj (.text:__aeabi_cdrcmple)
                  0000677c    0000007c     TimerA1_skeleton.obj (.text)
                  000067f8    0000007a     rtsv7M4_T_le_v4SPD16_eabi.lib : memset_t2.asm.obj (.text)
                  00006872    0000006e                                   : _printfi.c.obj (.text:_mcpy)
                  000068e0    00000068                                   : copy_decompress_lzss.c.obj (.text:decompress:lzss:__TI_decompress_lzss)
                  00006948    00000064                                   : s_frexp.c.obj (.text:frexp)
                  000069ac    00000056                                   : _printfi.c.obj (.text:_pconv_f)
                  00006a02    00000054                                   : _ltoa.c.obj (.text:__TI_ltoa)
                  00006a56    00000052                                   : _printfi.c.obj (.text:_ecpy)
                  00006aa8    0000004c                                   : atoi.c.obj (.text:atoi)
                  00006af4    00000048                                   : fd_toi_t2.asm.obj (.text)
                  00006b3c    00000044                                   : autoinit.c.obj (.text:__TI_auto_init_nobinit_nopinit:__TI_auto_init_nobinit_nopinit)
                  00006b80    00000040                                   : sprintf.c.obj (.text:sprintf)
                  00006bc0    0000003e                                   : _printfi.c.obj (.text:_fcpy)
                  00006bfe    0000003e     cpu.obj (.text)
                  00006c3c    00000034     rtsv7M4_T_le_v4SPD16_eabi.lib : boot_cortex_m.c.obj (.text:_c_int00_noargs:_c_int00_noargs)
                  00006c70    0000002e                                   : i_tofd_t2.asm.obj (.text)
                  00006c9e    00000002     --HOLE-- [fill = 0]
                  00006ca0    0000002c     main.obj (.text)
                  00006ccc    0000001c     rtsv7M4_T_le_v4SPD16_eabi.lib : copy_zero_init.c.obj (.text:decompress:ZI:__TI_zero_init_nomemset:__TI_zero_init_nomemset)
                  00006ce8    0000001c                                   : memccpy.c.obj (.text:memccpy)
                  00006d04    0000001a                                   : s_copysign.c.obj (.text:copysign)
                  00006d1e    00000018                                   : sprintf.c.obj (.text:_outs)
                  00006d36    00000016                                   : strchr.c.obj (.text:strchr)
                  00006d4c    00000014                                   : strlen.c.obj (.text:strlen)
                  00006d60    00000012                                   : wcslen.c.obj (.text:wcslen)
                  00006d72    0000000e                                   : copy_decompress_none.c.obj (.text:decompress:none:__TI_decompress_none)
                  00006d80    0000000e     startup_msp432p401r_ccs.obj (.text)
                  00006d8e    0000000a     rtsv7M4_T_le_v4SPD16_eabi.lib : sprintf.c.obj (.text:_outc)
                  00006d98    00000008                                   : errno.c.obj (.text:__aeabi_errno_addr)
                  00006da0    00000004                                   : pre_init.c.obj (.text:_system_pre_init)
                  00006da4    00000004                                   : exit.c.obj (.text:abort:abort)

.const     0    00006da8    000003e0     
                  00006da8    000001e0     Nokia5110_skeleton.obj (.const:ASCII)
                  00006f88    00000101     rtsv7M4_T_le_v4SPD16_eabi.lib : ctype.c.obj (.const:.string:_ctypes_)
                  00007089    00000003     --HOLE-- [fill = 0]
                  0000708c    00000050     interrupt.obj (.const:g_pulRegs)
                  000070dc    00000030     gpio.obj (.const:GPIO_PORT_TO_BASE)
                  0000710c    00000020     interrupt.obj (.const:g_pulPriority)
                  0000712c    0000001c     gpio.obj (.const:GPIO_PORT_TO_INT)
                  00007148    00000018     TimerA1_skeleton.obj (.const:$P$T0$1)
                  00007160    00000008     Nokia5110_skeleton.obj (.const:.string:Masks)
                  00007168    00000008     interrupt.obj (.const:g_pulDisRegs)
                  00007170    00000008     interrupt.obj (.const:g_pulEnRegs)
                  00007178    00000008     interrupt.obj (.const:g_pulPendRegs)
                  00007180    00000008     interrupt.obj (.const:g_pulUnpendRegs)

.cinit     0    00007188    00000078     
                  00007188    00000041     (.cinit..data.load) [load image, compression = lzss]
                  000071c9    00000003     --HOLE-- [fill = 0]
                  000071cc    0000000c     (__TI_handler_table)
                  000071d8    00000008     (.cinit..bss.load) [load image, compression = zero_init]
                  000071e0    00000008     (.cinit..vtable.load) [load image, compression = zero_init]
                  000071e8    00000018     (__TI_cinit_table)

.init_array 
*          0    00000000    00000000     UNINITIALIZED

.binit     0    00000000    00000000     

.vtable    0    20000000    000000e8     UNINITIALIZED
                  20000000    000000e8     interrupt.obj (.vtable)

.bss       0    200000e8    00000208     UNINITIALIZED
                  200000e8    000001f8     (.common:Screen)
                  200002e0    00000008     cs.obj (.bss)
                  200002e8    00000004     (.common:BumpTask)
                  200002ec    00000004     (.common:TimerTask)

.data      0    200002f0    00000048     UNINITIALIZED
                  200002f0    00000040     flash.obj (.data:__getBurstProgramRegs)
                  20000330    00000004     rtsv7M4_T_le_v4SPD16_eabi.lib : errno.c.obj (.data)
                  20000334    00000004     system_msp432p401r.obj (.data)

.stack     0    2000fe00    00000200     UNINITIALIZED
                  2000fe00    00000004     rtsv7M4_T_le_v4SPD16_eabi.lib : boot_cortex_m.c.obj (.stack)
                  2000fe04    000001fc     --HOLE--

__llvm_prf_cnts 
*          0    20000000    00000000     UNINITIALIZED

MODULE SUMMARY

       Module                        code    ro data   rw data
       ------                        ----    -------   -------
    .\
       flash.obj                     5544    0         128    
       cs.obj                        3164    0         16     
       Nokia5110_skeleton.obj        1424    488       1008   
       pcm.obj                       2100    0         0      
       timer_a.obj                   1944    0         0      
       interrupt.obj                 1036    144       464    
       rtc_c.obj                     1364    0         0      
       gpio.obj                      1152    76        0      
       system_msp432p401r.obj        820     0         8      
       sysctl.obj                    584     0         0      
       Bump.obj                      372     0         8      
       startup_msp432p401r_ccs.obj   14      228       0      
       wdt_a.obj                     216     0         0      
       Clock_DL.obj                  180     0         0      
       TimerA1_skeleton.obj          124     24        8      
       cpu.obj                       62      0         0      
       main.obj                      44      0         0      
    +--+-----------------------------+-------+---------+---------+
       Total:                        20144   960       1640   
                                                              
    C:\ti\ccs1040\ccs\tools\compiler\ti-cgt-arm_20.2.5.LTS\lib\rtsv7M4_T_le_v4SPD16_eabi.lib
       _printfi.c.obj                4851    0         0      
       fd_add_t2.asm.obj             438     0         0      
       fd_div_t2.asm.obj             310     0         0      
       s_scalbn.c.obj                272     0         0      
       fd_cmp_t2.asm.obj             268     0         0      
       ctype.c.obj                   0       257       0      
       fd_mul_t2.asm.obj             252     0         0      
       memcpy_t2.asm.obj             156     0         0      
       ull_div_t2.asm.obj            150     0         0      
       memset_t2.asm.obj             122     0         0      
       copy_decompress_lzss.c.obj    104     0         0      
       s_frexp.c.obj                 100     0         0      
       sprintf.c.obj                 98      0         0      
       _ltoa.c.obj                   84      0         0      
       atoi.c.obj                    76      0         0      
       fd_toi_t2.asm.obj             72      0         0      
       autoinit.c.obj                68      0         0      
       boot_cortex_m.c.obj           52      0         0      
       i_tofd_t2.asm.obj             46      0         0      
       copy_zero_init.c.obj          28      0         0      
       memccpy.c.obj                 28      0         0      
       s_copysign.c.obj              26      0         0      
       strchr.c.obj                  22      0         0      
       strlen.c.obj                  20      0         0      
       wcslen.c.obj                  18      0         0      
       errno.c.obj                   8       0         8      
       copy_decompress_none.c.obj    14      0         0      
       exit.c.obj                    4       0         0      
       pre_init.c.obj                4       0         0      
       div0.asm.obj                  2       0         0      
    +--+-----------------------------+-------+---------+---------+
       Total:                        7693    257       8      
                                                              
       Stack:                        0       0         1024   
       Linker Generated:             0       117       0      
    +--+-----------------------------+-------+---------+---------+
       Grand Total:                  27837   1334      2672   


LINKER GENERATED COPY TABLES

__TI_cinit_table @ 000071e8 records: 3, size/record: 8, table size: 24
	.data: load addr=00007188, load size=00000041 bytes, run addr=200002f0, run size=00000048 bytes, compression=lzss
	.bss: load addr=000071d8, load size=00000008 bytes, run addr=200000e8, run size=00000208 bytes, compression=zero_init
	.vtable: load addr=000071e0, load size=00000008 bytes, run addr=20000000, run size=000000e8 bytes, compression=zero_init


LINKER GENERATED HANDLER TABLE

__TI_handler_table @ 000071cc records: 3, size/record: 4, table size: 12
	index: 0, handler: __TI_zero_init
	index: 1, handler: __TI_decompress_lzss
	index: 2, handler: __TI_decompress_none


GLOBAL SYMBOLS: SORTED ALPHABETICALLY BY Name 

address   name                                           
-------   ----                                           
00006d8d  ADC14_IRQHandler                               
00006d8d  AES256_IRQHandler                              
200002e8  BumpTask                                       
00005be9  Bump_Init                                      
00005cf3  Bump_Interrupt_Init                            
00005bf5  Bump_Read                                      
00006d8d  BusFault_Handler                               
00006da5  C$$EXIT                                        
00006d8d  COMP_E0_IRQHandler                             
00006d8d  COMP_E1_IRQHandler                             
00006c33  CPU_basepriGet                                 
00006c25  CPU_basepriSet                                 
00006bff  CPU_cpsid                                      
00006c15  CPU_cpsie                                      
00006c0b  CPU_primask                                    
00006c21  CPU_wfi                                        
00006d8d  CS_IRQHandler                                  
0000225d  CS_clearInterruptFlag                          
00001c35  CS_disableClockRequest                         
00001d13  CS_disableDCOExternalResistor                  
00002145  CS_disableFaultCounter                         
0000220d  CS_disableInterrupt                            
00001c0d  CS_enableClockRequest                          
00001c7d  CS_enableDCOExternalResistor                   
00002119  CS_enableFaultCounter                          
000021e1  CS_enableInterrupt                             
000020ab  CS_getACLK                                     
0000206b  CS_getBCLK                                     
00001df1  CS_getDCOFrequency                             
0000223d  CS_getEnabledInterruptStatus                   
00002087  CS_getHSMCLK                                   
0000222f  CS_getInterruptStatus                          
000020f1  CS_getMCLK                                     
000020cf  CS_getSMCLK                                    
0000192d  CS_initClockSignal                             
00002289  CS_registerInterrupt                           
00002171  CS_resetFaultCounter                           
00001d31  CS_setDCOCenteredFrequency                     
00001ca5  CS_setDCOExternalResistorCalibration           
00001f09  CS_setDCOFrequency                             
000018f1  CS_setExternalClockSourceFrequency             
00001c57  CS_setReferenceOscillatorFrequency             
0000219d  CS_startFaultCounter                           
00001a31  CS_startHFXT                                   
00001a55  CS_startHFXTWithTimeout                        
00001b19  CS_startLFXT                                   
00001b3d  CS_startLFXTWithTimeout                        
00001d61  CS_tuneDCOFrequency                            
000022a1  CS_unregisterInterrupt                         
0000646b  Clock_Delay1ms                                 
00006433  Clock_Delay1us                                 
000063ef  Clock_Init                                     
00006d8d  DMA_ERR_IRQHandler                             
00006d8d  DMA_INT0_IRQHandler                            
00006d8d  DMA_INT1_IRQHandler                            
00006d8d  DMA_INT2_IRQHandler                            
00006d8d  DMA_INT3_IRQHandler                            
00006d8d  DebugMon_Handler                               
00006d8d  Default_Handler                                
00006d8d  EUSCIA0_IRQHandler                             
00006d8d  EUSCIA1_IRQHandler                             
00006d8d  EUSCIA2_IRQHandler                             
00006d8d  EUSCIA3_IRQHandler                             
00006d8d  EUSCIB0_IRQHandler                             
00006d8d  EUSCIB1_IRQHandler                             
00006d8d  EUSCIB2_IRQHandler                             
00006d8d  EUSCIB3_IRQHandler                             
00006d8d  FLCTL_IRQHandler                               
00006d8d  FPU_IRQHandler                                 
0000112b  FlashCtl_clearInterruptFlag                    
00000fef  FlashCtl_clearProgramVerification              
00001101  FlashCtl_disableInterrupt                      
00000661  FlashCtl_disableReadBuffering                  
00001059  FlashCtl_disableWordProgramming                
000010ed  FlashCtl_enableInterrupt                       
0000060d  FlashCtl_enableReadBuffering                   
00001029  FlashCtl_enableWordProgramming                 
00000c91  FlashCtl_eraseSector                           
0000111b  FlashCtl_getEnabledInterruptStatus             
00001115  FlashCtl_getInterruptStatus                    
0000028f  FlashCtl_getMemoryInfo                         
00000af1  FlashCtl_getReadMode                           
000010bf  FlashCtl_getWaitState                          
00000b1f  FlashCtl_initiateMassErase                     
00000db9  FlashCtl_initiateSectorErase                   
0000078d  FlashCtl_isSectorProtected                     
00001061  FlashCtl_isWordProgrammingEnabled              
00000b45  FlashCtl_performMassErase                      
00000e49  FlashCtl_programMemory                         
0000072d  FlashCtl_protectSector                         
0000113f  FlashCtl_registerInterrupt                     
00000fb5  FlashCtl_setProgramVerification                
00000a81  FlashCtl_setReadMode                           
00001081  FlashCtl_setWaitState                          
000006bd  FlashCtl_unprotectSector                       
00001153  FlashCtl_unregisterInterrupt                   
00000819  FlashCtl_verifyMemory                          
00004b0b  GPIO_clearInterruptFlag                        
00004acb  GPIO_disableInterrupt                          
00004aa9  GPIO_enableInterrupt                           
00004b63  GPIO_getEnabledInterruptStatus                 
00004a7b  GPIO_getInputPinValue                          
00004aed  GPIO_getInterruptStatus                        
00004b2d  GPIO_interruptEdgeSelect                       
00004c23  GPIO_registerInterrupt                         
00004823  GPIO_setAsInputPin                             
000049d7  GPIO_setAsInputPinWithPullDownResistor         
00004a29  GPIO_setAsInputPinWithPullUpResistor           
000047e9  GPIO_setAsOutputPin                            
000048ed  GPIO_setAsPeripheralModuleFunctionInputPin     
00004869  GPIO_setAsPeripheralModuleFunctionOutputPin    
00004bdf  GPIO_setDriveStrengthHigh                      
00004c01  GPIO_setDriveStrengthLow                       
00004971  GPIO_setOutputHighOnPin                        
00004993  GPIO_setOutputLowOnPin                         
000049b5  GPIO_toggleOutputOnPin                         
00004c43  GPIO_unregisterInterrupt                       
000063d9  HFXT_Init                                      
00006d8d  HardFault_Handler                              
00004e49  Interrupt_disableInterrupt                     
00004c7b  Interrupt_disableMaster                        
00005045  Interrupt_disableSleepOnIsrExit                
00004dd7  Interrupt_enableInterrupt                      
00004c6b  Interrupt_enableMaster                         
00005033  Interrupt_enableSleepOnIsrExit                 
00004db1  Interrupt_getPriority                          
00004d29  Interrupt_getPriorityGrouping                  
00005013  Interrupt_getPriorityMask                      
0000502d  Interrupt_getVectorTableAddress                
00004ebb  Interrupt_isEnabled                            
00004f45  Interrupt_pendInterrupt                        
00004c8b  Interrupt_registerInterrupt                    
00004d61  Interrupt_setPriority                          
00004cf1  Interrupt_setPriorityGrouping                  
00005003  Interrupt_setPriorityMask                      
0000501d  Interrupt_setVectorTableAddress                
00004fb5  Interrupt_unpendInterrupt                      
00004cdd  Interrupt_unregisterInterrupt                  
00007160  Masks                                          
00006d8d  MemManage_Handler                              
00006d8d  NMI_Handler                                    
00003fb3  Nokia5110_Clear                                
0000420d  Nokia5110_ClearBuffer                          
00004241  Nokia5110_ClrPxl                               
00004237  Nokia5110_DisplayBuffer                        
00003fdf  Nokia5110_DrawFullImage                        
00003de7  Nokia5110_Init                                 
00003e4b  Nokia5110_OutChar                              
00003ecb  Nokia5110_OutSDec                              
00003e8b  Nokia5110_OutString                            
00003ead  Nokia5110_OutUDec                              
00003ee9  Nokia5110_OutUFix1                             
00004021  Nokia5110_PrintBMP                             
00003f77  Nokia5110_SetCursor                            
00004267  Nokia5110_SetPxl                               
00006d8d  PCM_IRQHandler                                 
0000350f  PCM_clearInterruptFlag                         
000034e5  PCM_disableInterrupt                           
000034bd  PCM_disableRudeMode                            
000034d1  PCM_enableInterrupt                            
000034ab  PCM_enableRudeMode                             
00002ebb  PCM_getCoreVoltageLevel                        
000034ff  PCM_getEnabledInterruptStatus                  
000034f9  PCM_getInterruptStatus                         
00002e61  PCM_getPowerMode                               
0000349d  PCM_getPowerState                              
000033d5  PCM_gotoLPM0                                   
000033f3  PCM_gotoLPM0InterruptSafe                      
0000340f  PCM_gotoLPM3                                   
00003481  PCM_gotoLPM3InterruptSafe                      
000033a9  PCM_gotoLPM4                                   
000033b9  PCM_gotoLPM4InterruptSafe                      
00003523  PCM_registerInterrupt                          
00002e2f  PCM_setCoreVoltageLevel                        
00002e51  PCM_setCoreVoltageLevelNonBlocking             
00002e3f  PCM_setCoreVoltageLevelWithTimeout             
00003061  PCM_setPowerMode                               
00003071  PCM_setPowerModeNonBlocking                    
00003081  PCM_setPowerModeWithTimeout                    
00003333  PCM_setPowerState                              
00003355  PCM_setPowerStateNonBlocking                   
00003343  PCM_setPowerStateWithTimeout                   
00003365  PCM_shutdownDevice                             
00003537  PCM_unregisterInterrupt                        
00006d8d  PORT1_IRQHandler                               
00006d8d  PORT2_IRQHandler                               
00006d8d  PORT3_IRQHandler                               
00005d2f  PORT4_IRQHandler                               
00005d2f  PORT4_IRQHandler                               
00006d8d  PORT5_IRQHandler                               
00006d8d  PORT6_IRQHandler                               
00006d8d  PSS_IRQHandler                                 
00006d8d  PendSV_Handler                                 
00006d8d  RTC_C_IRQHandler                               
00004741  RTC_C_clearInterruptFlag                       
00004553  RTC_C_convertBCDToBinary                       
0000456b  RTC_C_convertBinaryToBCD                       
00004497  RTC_C_definePrescaleEvent                      
000045ed  RTC_C_disableInterrupt                         
00004589  RTC_C_enableInterrupt                          
000043c9  RTC_C_getCalendarTime                          
000046bd  RTC_C_getEnabledInterruptStatus                
00004659  RTC_C_getInterruptStatus                       
000044d7  RTC_C_getPrescaleValue                         
000042b3  RTC_C_holdClock                                
00004357  RTC_C_initCalendar                             
00004787  RTC_C_registerInterrupt                        
0000442f  RTC_C_setCalendarAlarm                         
00004467  RTC_C_setCalendarEvent                         
00004301  RTC_C_setCalibrationData                       
000042d1  RTC_C_setCalibrationFrequency                  
00004503  RTC_C_setPrescaleValue                         
0000432d  RTC_C_setTemperatureCompensation               
00004295  RTC_C_startClock                               
0000479b  RTC_C_unregisterInterrupt                      
00006d81  Reset_Handler                                  
00006d8d  SVC_Handler                                    
200000e8  Screen                                         
0000580f  SysCtl_disableGlitchFilter                     
0000569b  SysCtl_disableNMISource                        
000057a7  SysCtl_disablePeripheralAtCPUHalt              
000056e9  SysCtl_disableSRAMBank                         
0000576d  SysCtl_disableSRAMBankRetention                
00005803  SysCtl_enableGlitchFilter                      
000056af  SysCtl_enableNMISource                         
00005793  SysCtl_enablePeripheralAtCPUHalt               
000056cd  SysCtl_enableSRAMBank                          
00005751  SysCtl_enableSRAMBankRetention                 
00005695  SysCtl_getFlashSize                            
000056c3  SysCtl_getNMISourceStatus                      
0000568f  SysCtl_getSRAMSize                             
00005619  SysCtl_getTLVInfo                              
0000581b  SysCtl_getTempCalibrationConstant              
00005789  SysCtl_rebootDevice                            
000057df  SysCtl_setWDTPasswordViolationResetType        
000057bb  SysCtl_setWDTTimeoutResetType                  
00006d8d  SysTick_Handler                                
20000334  SystemCoreClock                                
00005075  SystemCoreClockUpdate                          
000052ed  SystemInit                                     
00006d8d  T32_INT1_IRQHandler                            
00006d8d  T32_INT2_IRQHandler                            
00006d8d  T32_INTC_IRQHandler                            
00006d8d  TA0_0_IRQHandler                               
00006d8d  TA0_N_IRQHandler                               
000067db  TA1_0_IRQHandler                               
000067db  TA1_0_IRQHandler                               
00006d8d  TA1_N_IRQHandler                               
00006d8d  TA2_0_IRQHandler                               
00006d8d  TA2_N_IRQHandler                               
00006d8d  TA3_0_IRQHandler                               
00006d8d  TA3_N_IRQHandler                               
0000677d  TimerA1_Init                                   
000067bd  TimerA1_Stop                                   
200002ec  TimerTask                                      
00003a37  Timer_A_clearCaptureCompareInterrupt           
00003a21  Timer_A_clearInterruptFlag                     
0000389f  Timer_A_clearTimer                             
000036c7  Timer_A_configureContinuousMode                
00003755  Timer_A_configureUpDownMode                    
000036f7  Timer_A_configureUpMode                        
00003ac5  Timer_A_disableCaptureCompareInterrupt         
00003a73  Timer_A_disableInterrupt                       
00003a99  Timer_A_enableCaptureCompareInterrupt          
00003a5f  Timer_A_enableInterrupt                        
0000396b  Timer_A_generatePWM                            
00003911  Timer_A_getCaptureCompareCount                 
00003b2d  Timer_A_getCaptureCompareEnabledInterruptStatus
00003aed  Timer_A_getCaptureCompareInterruptStatus       
00003853  Timer_A_getCounterValue                        
00003b15  Timer_A_getEnabledInterruptStatus              
00003a87  Timer_A_getInterruptStatus                     
000038e3  Timer_A_getOutputForOutputModeOutBitValue      
000038b3  Timer_A_getSynchronizedCaptureCompareInput     
000037b3  Timer_A_initCapture                            
00003805  Timer_A_initCompare                            
00003b69  Timer_A_registerInterrupt                      
000039f5  Timer_A_setCompareValue                        
00003933  Timer_A_setOutputForOutputModeOutBitValue      
000036b1  Timer_A_startCounter                           
000039e1  Timer_A_stopTimer                              
00003c3b  Timer_A_unregisterInterrupt                    
00006d8d  UsageFault_Handler                             
4000480c  WDTCTL_SYM                                     
00006d8d  WDT_A_IRQHandler                               
00006341  WDT_A_clearTimer                               
00006301  WDT_A_holdTimer                                
0000637d  WDT_A_initIntervalTimer                        
00006361  WDT_A_initWatchdogTimer                        
000063b1  WDT_A_registerInterrupt                        
00006399  WDT_A_setPasswordViolationReset                
000063a5  WDT_A_setTimeoutReset                          
00006321  WDT_A_startTimer                               
000063c5  WDT_A_unregisterInterrupt                      
0000155f  __FlashCtl_remaskBurstDataPost                 
0000143d  __FlashCtl_remaskBurstDataPre                  
00001281  __FlashCtl_remaskData32Post                    
00001365  __FlashCtl_remaskData32Pre                     
00001163  __FlashCtl_remaskData8Post                     
000011e3  __FlashCtl_remaskData8Pre                      
20010000  __STACK_END                                    
00000200  __STACK_SIZE                                   
000071e8  __TI_CINIT_Base                                
00007200  __TI_CINIT_Limit                               
000071cc  __TI_Handler_Table_Base                        
000071d8  __TI_Handler_Table_Limit                       
00006b3d  __TI_auto_init_nobinit_nopinit                 
000068e1  __TI_decompress_lzss                           
00006d73  __TI_decompress_none                           
00006a03  __TI_ltoa                                      
ffffffff  __TI_pprof_out_hndl                            
000022e9  __TI_printfi                                   
ffffffff  __TI_prof_data_size                            
ffffffff  __TI_prof_data_start                           
00000000  __TI_static_base__                             
00006ccd  __TI_zero_init_nomemset                        
00006671  __aeabi_cdcmpeq                                
00006671  __aeabi_cdcmple                                
000066f7  __aeabi_cdrcmple                               
00006af5  __aeabi_d2iz                                   
00005a3b  __aeabi_dadd                                   
00005e99  __aeabi_ddiv                                   
00006205  __aeabi_dmul                                   
00005a31  __aeabi_dsub                                   
00006d99  __aeabi_errno_addr                             
00006c71  __aeabi_i2d                                    
00002d37  __aeabi_idiv0                                  
00002d37  __aeabi_ldiv0                                  
000067f9  __aeabi_memclr                                 
000067f9  __aeabi_memclr4                                
000067f9  __aeabi_memclr8                                
0000653f  __aeabi_memcpy                                 
0000653f  __aeabi_memcpy4                                
0000653f  __aeabi_memcpy8                                
000067fb  __aeabi_memset                                 
000067fb  __aeabi_memset4                                
000067fb  __aeabi_memset8                                
000065db  __aeabi_uldivmod                               
ffffffff  __binit__                                      
ffffffff  __c_args__                                     
UNDEFED   __mpu_init                                     
2000fe00  __stack                                        
20000000  __start___llvm_prf_cnts                        
20000000  __stop___llvm_prf_cnts                         
00006c3d  _c_int00_noargs                                
00006f88  _ctypes_                                       
UNDEFED   _system_post_cinit                             
00006da1  _system_pre_init                               
00006da5  abort                                          
00006aa9  atoi                                           
ffffffff  binit                                          
00006d05  copysign                                       
00006d05  copysignl                                      
0000645d  delay                                          
20000330  errno                                          
00006949  frexp                                          
00006949  frexpl                                         
20000000  g_pfnRAMVectors                                
00000000  interruptVectors                               
000060f5  ldexp                                          
000060f5  ldexpl                                         
00006ca1  main                                           
00006ce9  memccpy                                        
0000653f  memcpy                                         
00006801  memset                                         
000060f5  scalbn                                         
000060f5  scalbnl                                        
00006b81  sprintf                                        
00006d37  strchr                                         
00006d4d  strlen                                         
00006d61  wcslen                                         


GLOBAL SYMBOLS: SORTED BY Symbol Address 

address   name                                           
-------   ----                                           
00000000  __TI_static_base__                             
00000000  interruptVectors                               
00000200  __STACK_SIZE                                   
0000028f  FlashCtl_getMemoryInfo                         
0000060d  FlashCtl_enableReadBuffering                   
00000661  FlashCtl_disableReadBuffering                  
000006bd  FlashCtl_unprotectSector                       
0000072d  FlashCtl_protectSector                         
0000078d  FlashCtl_isSectorProtected                     
00000819  FlashCtl_verifyMemory                          
00000a81  FlashCtl_setReadMode                           
00000af1  FlashCtl_getReadMode                           
00000b1f  FlashCtl_initiateMassErase                     
00000b45  FlashCtl_performMassErase                      
00000c91  FlashCtl_eraseSector                           
00000db9  FlashCtl_initiateSectorErase                   
00000e49  FlashCtl_programMemory                         
00000fb5  FlashCtl_setProgramVerification                
00000fef  FlashCtl_clearProgramVerification              
00001029  FlashCtl_enableWordProgramming                 
00001059  FlashCtl_disableWordProgramming                
00001061  FlashCtl_isWordProgrammingEnabled              
00001081  FlashCtl_setWaitState                          
000010bf  FlashCtl_getWaitState                          
000010ed  FlashCtl_enableInterrupt                       
00001101  FlashCtl_disableInterrupt                      
00001115  FlashCtl_getInterruptStatus                    
0000111b  FlashCtl_getEnabledInterruptStatus             
0000112b  FlashCtl_clearInterruptFlag                    
0000113f  FlashCtl_registerInterrupt                     
00001153  FlashCtl_unregisterInterrupt                   
00001163  __FlashCtl_remaskData8Post                     
000011e3  __FlashCtl_remaskData8Pre                      
00001281  __FlashCtl_remaskData32Post                    
00001365  __FlashCtl_remaskData32Pre                     
0000143d  __FlashCtl_remaskBurstDataPre                  
0000155f  __FlashCtl_remaskBurstDataPost                 
000018f1  CS_setExternalClockSourceFrequency             
0000192d  CS_initClockSignal                             
00001a31  CS_startHFXT                                   
00001a55  CS_startHFXTWithTimeout                        
00001b19  CS_startLFXT                                   
00001b3d  CS_startLFXTWithTimeout                        
00001c0d  CS_enableClockRequest                          
00001c35  CS_disableClockRequest                         
00001c57  CS_setReferenceOscillatorFrequency             
00001c7d  CS_enableDCOExternalResistor                   
00001ca5  CS_setDCOExternalResistorCalibration           
00001d13  CS_disableDCOExternalResistor                  
00001d31  CS_setDCOCenteredFrequency                     
00001d61  CS_tuneDCOFrequency                            
00001df1  CS_getDCOFrequency                             
00001f09  CS_setDCOFrequency                             
0000206b  CS_getBCLK                                     
00002087  CS_getHSMCLK                                   
000020ab  CS_getACLK                                     
000020cf  CS_getSMCLK                                    
000020f1  CS_getMCLK                                     
00002119  CS_enableFaultCounter                          
00002145  CS_disableFaultCounter                         
00002171  CS_resetFaultCounter                           
0000219d  CS_startFaultCounter                           
000021e1  CS_enableInterrupt                             
0000220d  CS_disableInterrupt                            
0000222f  CS_getInterruptStatus                          
0000223d  CS_getEnabledInterruptStatus                   
0000225d  CS_clearInterruptFlag                          
00002289  CS_registerInterrupt                           
000022a1  CS_unregisterInterrupt                         
000022e9  __TI_printfi                                   
00002d37  __aeabi_idiv0                                  
00002d37  __aeabi_ldiv0                                  
00002e2f  PCM_setCoreVoltageLevel                        
00002e3f  PCM_setCoreVoltageLevelWithTimeout             
00002e51  PCM_setCoreVoltageLevelNonBlocking             
00002e61  PCM_getPowerMode                               
00002ebb  PCM_getCoreVoltageLevel                        
00003061  PCM_setPowerMode                               
00003071  PCM_setPowerModeNonBlocking                    
00003081  PCM_setPowerModeWithTimeout                    
00003333  PCM_setPowerState                              
00003343  PCM_setPowerStateWithTimeout                   
00003355  PCM_setPowerStateNonBlocking                   
00003365  PCM_shutdownDevice                             
000033a9  PCM_gotoLPM4                                   
000033b9  PCM_gotoLPM4InterruptSafe                      
000033d5  PCM_gotoLPM0                                   
000033f3  PCM_gotoLPM0InterruptSafe                      
0000340f  PCM_gotoLPM3                                   
00003481  PCM_gotoLPM3InterruptSafe                      
0000349d  PCM_getPowerState                              
000034ab  PCM_enableRudeMode                             
000034bd  PCM_disableRudeMode                            
000034d1  PCM_enableInterrupt                            
000034e5  PCM_disableInterrupt                           
000034f9  PCM_getInterruptStatus                         
000034ff  PCM_getEnabledInterruptStatus                  
0000350f  PCM_clearInterruptFlag                         
00003523  PCM_registerInterrupt                          
00003537  PCM_unregisterInterrupt                        
000036b1  Timer_A_startCounter                           
000036c7  Timer_A_configureContinuousMode                
000036f7  Timer_A_configureUpMode                        
00003755  Timer_A_configureUpDownMode                    
000037b3  Timer_A_initCapture                            
00003805  Timer_A_initCompare                            
00003853  Timer_A_getCounterValue                        
0000389f  Timer_A_clearTimer                             
000038b3  Timer_A_getSynchronizedCaptureCompareInput     
000038e3  Timer_A_getOutputForOutputModeOutBitValue      
00003911  Timer_A_getCaptureCompareCount                 
00003933  Timer_A_setOutputForOutputModeOutBitValue      
0000396b  Timer_A_generatePWM                            
000039e1  Timer_A_stopTimer                              
000039f5  Timer_A_setCompareValue                        
00003a21  Timer_A_clearInterruptFlag                     
00003a37  Timer_A_clearCaptureCompareInterrupt           
00003a5f  Timer_A_enableInterrupt                        
00003a73  Timer_A_disableInterrupt                       
00003a87  Timer_A_getInterruptStatus                     
00003a99  Timer_A_enableCaptureCompareInterrupt          
00003ac5  Timer_A_disableCaptureCompareInterrupt         
00003aed  Timer_A_getCaptureCompareInterruptStatus       
00003b15  Timer_A_getEnabledInterruptStatus              
00003b2d  Timer_A_getCaptureCompareEnabledInterruptStatus
00003b69  Timer_A_registerInterrupt                      
00003c3b  Timer_A_unregisterInterrupt                    
00003de7  Nokia5110_Init                                 
00003e4b  Nokia5110_OutChar                              
00003e8b  Nokia5110_OutString                            
00003ead  Nokia5110_OutUDec                              
00003ecb  Nokia5110_OutSDec                              
00003ee9  Nokia5110_OutUFix1                             
00003f77  Nokia5110_SetCursor                            
00003fb3  Nokia5110_Clear                                
00003fdf  Nokia5110_DrawFullImage                        
00004021  Nokia5110_PrintBMP                             
0000420d  Nokia5110_ClearBuffer                          
00004237  Nokia5110_DisplayBuffer                        
00004241  Nokia5110_ClrPxl                               
00004267  Nokia5110_SetPxl                               
00004295  RTC_C_startClock                               
000042b3  RTC_C_holdClock                                
000042d1  RTC_C_setCalibrationFrequency                  
00004301  RTC_C_setCalibrationData                       
0000432d  RTC_C_setTemperatureCompensation               
00004357  RTC_C_initCalendar                             
000043c9  RTC_C_getCalendarTime                          
0000442f  RTC_C_setCalendarAlarm                         
00004467  RTC_C_setCalendarEvent                         
00004497  RTC_C_definePrescaleEvent                      
000044d7  RTC_C_getPrescaleValue                         
00004503  RTC_C_setPrescaleValue                         
00004553  RTC_C_convertBCDToBinary                       
0000456b  RTC_C_convertBinaryToBCD                       
00004589  RTC_C_enableInterrupt                          
000045ed  RTC_C_disableInterrupt                         
00004659  RTC_C_getInterruptStatus                       
000046bd  RTC_C_getEnabledInterruptStatus                
00004741  RTC_C_clearInterruptFlag                       
00004787  RTC_C_registerInterrupt                        
0000479b  RTC_C_unregisterInterrupt                      
000047e9  GPIO_setAsOutputPin                            
00004823  GPIO_setAsInputPin                             
00004869  GPIO_setAsPeripheralModuleFunctionOutputPin    
000048ed  GPIO_setAsPeripheralModuleFunctionInputPin     
00004971  GPIO_setOutputHighOnPin                        
00004993  GPIO_setOutputLowOnPin                         
000049b5  GPIO_toggleOutputOnPin                         
000049d7  GPIO_setAsInputPinWithPullDownResistor         
00004a29  GPIO_setAsInputPinWithPullUpResistor           
00004a7b  GPIO_getInputPinValue                          
00004aa9  GPIO_enableInterrupt                           
00004acb  GPIO_disableInterrupt                          
00004aed  GPIO_getInterruptStatus                        
00004b0b  GPIO_clearInterruptFlag                        
00004b2d  GPIO_interruptEdgeSelect                       
00004b63  GPIO_getEnabledInterruptStatus                 
00004bdf  GPIO_setDriveStrengthHigh                      
00004c01  GPIO_setDriveStrengthLow                       
00004c23  GPIO_registerInterrupt                         
00004c43  GPIO_unregisterInterrupt                       
00004c6b  Interrupt_enableMaster                         
00004c7b  Interrupt_disableMaster                        
00004c8b  Interrupt_registerInterrupt                    
00004cdd  Interrupt_unregisterInterrupt                  
00004cf1  Interrupt_setPriorityGrouping                  
00004d29  Interrupt_getPriorityGrouping                  
00004d61  Interrupt_setPriority                          
00004db1  Interrupt_getPriority                          
00004dd7  Interrupt_enableInterrupt                      
00004e49  Interrupt_disableInterrupt                     
00004ebb  Interrupt_isEnabled                            
00004f45  Interrupt_pendInterrupt                        
00004fb5  Interrupt_unpendInterrupt                      
00005003  Interrupt_setPriorityMask                      
00005013  Interrupt_getPriorityMask                      
0000501d  Interrupt_setVectorTableAddress                
0000502d  Interrupt_getVectorTableAddress                
00005033  Interrupt_enableSleepOnIsrExit                 
00005045  Interrupt_disableSleepOnIsrExit                
00005075  SystemCoreClockUpdate                          
000052ed  SystemInit                                     
00005619  SysCtl_getTLVInfo                              
0000568f  SysCtl_getSRAMSize                             
00005695  SysCtl_getFlashSize                            
0000569b  SysCtl_disableNMISource                        
000056af  SysCtl_enableNMISource                         
000056c3  SysCtl_getNMISourceStatus                      
000056cd  SysCtl_enableSRAMBank                          
000056e9  SysCtl_disableSRAMBank                         
00005751  SysCtl_enableSRAMBankRetention                 
0000576d  SysCtl_disableSRAMBankRetention                
00005789  SysCtl_rebootDevice                            
00005793  SysCtl_enablePeripheralAtCPUHalt               
000057a7  SysCtl_disablePeripheralAtCPUHalt              
000057bb  SysCtl_setWDTTimeoutResetType                  
000057df  SysCtl_setWDTPasswordViolationResetType        
00005803  SysCtl_enableGlitchFilter                      
0000580f  SysCtl_disableGlitchFilter                     
0000581b  SysCtl_getTempCalibrationConstant              
00005a31  __aeabi_dsub                                   
00005a3b  __aeabi_dadd                                   
00005be9  Bump_Init                                      
00005bf5  Bump_Read                                      
00005cf3  Bump_Interrupt_Init                            
00005d2f  PORT4_IRQHandler                               
00005d2f  PORT4_IRQHandler                               
00005e99  __aeabi_ddiv                                   
000060f5  ldexp                                          
000060f5  ldexpl                                         
000060f5  scalbn                                         
000060f5  scalbnl                                        
00006205  __aeabi_dmul                                   
00006301  WDT_A_holdTimer                                
00006321  WDT_A_startTimer                               
00006341  WDT_A_clearTimer                               
00006361  WDT_A_initWatchdogTimer                        
0000637d  WDT_A_initIntervalTimer                        
00006399  WDT_A_setPasswordViolationReset                
000063a5  WDT_A_setTimeoutReset                          
000063b1  WDT_A_registerInterrupt                        
000063c5  WDT_A_unregisterInterrupt                      
000063d9  HFXT_Init                                      
000063ef  Clock_Init                                     
00006433  Clock_Delay1us                                 
0000645d  delay                                          
0000646b  Clock_Delay1ms                                 
0000653f  __aeabi_memcpy                                 
0000653f  __aeabi_memcpy4                                
0000653f  __aeabi_memcpy8                                
0000653f  memcpy                                         
000065db  __aeabi_uldivmod                               
00006671  __aeabi_cdcmpeq                                
00006671  __aeabi_cdcmple                                
000066f7  __aeabi_cdrcmple                               
0000677d  TimerA1_Init                                   
000067bd  TimerA1_Stop                                   
000067db  TA1_0_IRQHandler                               
000067db  TA1_0_IRQHandler                               
000067f9  __aeabi_memclr                                 
000067f9  __aeabi_memclr4                                
000067f9  __aeabi_memclr8                                
000067fb  __aeabi_memset                                 
000067fb  __aeabi_memset4                                
000067fb  __aeabi_memset8                                
00006801  memset                                         
000068e1  __TI_decompress_lzss                           
00006949  frexp                                          
00006949  frexpl                                         
00006a03  __TI_ltoa                                      
00006aa9  atoi                                           
00006af5  __aeabi_d2iz                                   
00006b3d  __TI_auto_init_nobinit_nopinit                 
00006b81  sprintf                                        
00006bff  CPU_cpsid                                      
00006c0b  CPU_primask                                    
00006c15  CPU_cpsie                                      
00006c21  CPU_wfi                                        
00006c25  CPU_basepriSet                                 
00006c33  CPU_basepriGet                                 
00006c3d  _c_int00_noargs                                
00006c71  __aeabi_i2d                                    
00006ca1  main                                           
00006ccd  __TI_zero_init_nomemset                        
00006ce9  memccpy                                        
00006d05  copysign                                       
00006d05  copysignl                                      
00006d37  strchr                                         
00006d4d  strlen                                         
00006d61  wcslen                                         
00006d73  __TI_decompress_none                           
00006d81  Reset_Handler                                  
00006d8d  ADC14_IRQHandler                               
00006d8d  AES256_IRQHandler                              
00006d8d  BusFault_Handler                               
00006d8d  COMP_E0_IRQHandler                             
00006d8d  COMP_E1_IRQHandler                             
00006d8d  CS_IRQHandler                                  
00006d8d  DMA_ERR_IRQHandler                             
00006d8d  DMA_INT0_IRQHandler                            
00006d8d  DMA_INT1_IRQHandler                            
00006d8d  DMA_INT2_IRQHandler                            
00006d8d  DMA_INT3_IRQHandler                            
00006d8d  DebugMon_Handler                               
00006d8d  Default_Handler                                
00006d8d  EUSCIA0_IRQHandler                             
00006d8d  EUSCIA1_IRQHandler                             
00006d8d  EUSCIA2_IRQHandler                             
00006d8d  EUSCIA3_IRQHandler                             
00006d8d  EUSCIB0_IRQHandler                             
00006d8d  EUSCIB1_IRQHandler                             
00006d8d  EUSCIB2_IRQHandler                             
00006d8d  EUSCIB3_IRQHandler                             
00006d8d  FLCTL_IRQHandler                               
00006d8d  FPU_IRQHandler                                 
00006d8d  HardFault_Handler                              
00006d8d  MemManage_Handler                              
00006d8d  NMI_Handler                                    
00006d8d  PCM_IRQHandler                                 
00006d8d  PORT1_IRQHandler                               
00006d8d  PORT2_IRQHandler                               
00006d8d  PORT3_IRQHandler                               
00006d8d  PORT5_IRQHandler                               
00006d8d  PORT6_IRQHandler                               
00006d8d  PSS_IRQHandler                                 
00006d8d  PendSV_Handler                                 
00006d8d  RTC_C_IRQHandler                               
00006d8d  SVC_Handler                                    
00006d8d  SysTick_Handler                                
00006d8d  T32_INT1_IRQHandler                            
00006d8d  T32_INT2_IRQHandler                            
00006d8d  T32_INTC_IRQHandler                            
00006d8d  TA0_0_IRQHandler                               
00006d8d  TA0_N_IRQHandler                               
00006d8d  TA1_N_IRQHandler                               
00006d8d  TA2_0_IRQHandler                               
00006d8d  TA2_N_IRQHandler                               
00006d8d  TA3_0_IRQHandler                               
00006d8d  TA3_N_IRQHandler                               
00006d8d  UsageFault_Handler                             
00006d8d  WDT_A_IRQHandler                               
00006d99  __aeabi_errno_addr                             
00006da1  _system_pre_init                               
00006da5  C$$EXIT                                        
00006da5  abort                                          
00006f88  _ctypes_                                       
00007160  Masks                                          
000071cc  __TI_Handler_Table_Base                        
000071d8  __TI_Handler_Table_Limit                       
000071e8  __TI_CINIT_Base                                
00007200  __TI_CINIT_Limit                               
20000000  __start___llvm_prf_cnts                        
20000000  __stop___llvm_prf_cnts                         
20000000  g_pfnRAMVectors                                
200000e8  Screen                                         
200002e8  BumpTask                                       
200002ec  TimerTask                                      
20000330  errno                                          
20000334  SystemCoreClock                                
2000fe00  __stack                                        
20010000  __STACK_END                                    
4000480c  WDTCTL_SYM                                     
ffffffff  __TI_pprof_out_hndl                            
ffffffff  __TI_prof_data_size                            
ffffffff  __TI_prof_data_start                           
ffffffff  __binit__                                      
ffffffff  __c_args__                                     
ffffffff  binit                                          
UNDEFED   __mpu_init                                     
UNDEFED   _system_post_cinit                             

[371 symbols]
