******************************************************************************
                  TI ARM Linker PC v20.2.5                     
******************************************************************************
>> Linked Wed Nov 17 12:34:39 2021

OUTPUT FILE NAME:   <DriverLibrary_Mod9.out>
ENTRY POINT SYMBOL: "_c_int00_noargs"  address: 0000780d


MEMORY CONFIGURATION

         name            origin    length      used     unused   attr    fill
----------------------  --------  ---------  --------  --------  ----  --------
  MAIN                  00000000   00040000  00007ddc  00038224  R  X
  INFO                  00200000   00004000  00000000  00004000  R  X
  SRAM_CODE             01000000   00010000  0000057a  0000fa86  RW X
  SRAM_DATA             20000000   00010000  0000057a  0000fa86  RW  


SEGMENT ALLOCATION MAP

run origin  load origin   length   init length attrs members
----------  ----------- ---------- ----------- ----- -------
00000000    00000000    00007de0   00007de0    r-x
  00000000    00000000    000000e4   000000e4    r-- .intvecs
  000000e4    000000e4    00007868   00007868    r-x .text
  0000794c    0000794c    00000400   00000400    r-- .const
  00007d50    00007d50    00000090   00000090    r-- .cinit
20000000    20000000    0000037c   00000000    rw-
  20000000    20000000    000000e8   00000000    rw- .vtable
  200000e8    200000e8    0000020a   00000000    rw- .bss
  200002f4    200002f4    00000088   00000000    rw- .data
2000fe00    2000fe00    00000200   00000000    rw-
  2000fe00    2000fe00    00000200   00000000    rw- .stack


SECTION ALLOCATION MAP

 output                                  attributes/
section   page    origin      length       input sections
--------  ----  ----------  ----------   ----------------
.intvecs   0    00000000    000000e4     
                  00000000    000000e4     startup_msp432p401r_ccs.obj (.intvecs:retain)

.text      0    000000e4    00007868     
                  000000e4    000015a8     flash.obj (.text)
                  0000168c    00000c5c     cs.obj (.text)
                  000022e8    00000a4e     rtsv7M4_T_le_v4SPD16_eabi.lib : _printfi.c.obj (.text:__TI_printfi)
                  00002d36    00000002                                   : div0.asm.obj (.text)
                  00002d38    00000834     pcm.obj (.text)
                  0000356c    00000798     timer_a.obj (.text)
                  00003d04    00000590     Nokia5110_skeleton.obj (.text)
                  00004294    00000554     rtc_c.obj (.text)
                  000047e8    00000528     Reflectance.obj (.text)
                  00004d10    00000480     gpio.obj (.text)
                  00005190    0000040c     interrupt.obj (.text)
                  0000559c    000003f0     FSM.obj (.text)
                  0000598c    00000334     system_msp432p401r.obj (.text)
                  00005cc0    00000270     rtsv7M4_T_le_v4SPD16_eabi.lib : _printfi.c.obj (.text:_pconv_a)
                  00005f30    00000248     sysctl.obj (.text)
                  00006178    000001d0     rtsv7M4_T_le_v4SPD16_eabi.lib : _printfi.c.obj (.text:_pconv_g)
                  00006348    000001b6                                   : fd_add_t2.asm.obj (.text)
                  000064fe    00000002     --HOLE-- [fill = 0]
                  00006500    00000174     Bump.obj (.text)
                  00006674    0000013c     rtsv7M4_T_le_v4SPD16_eabi.lib : _printfi.c.obj (.text:_pconv_e)
                  000067b0    00000136                                   : fd_div_t2.asm.obj (.text)
                  000068e6    00000002     --HOLE-- [fill = 0]
                  000068e8    00000124                                   : _printfi.c.obj (.text:fcvt)
                  00006a0c    00000110                                   : s_scalbn.c.obj (.text:scalbn)
                  00006b1c    00000108     Motor_Skeleton.obj (.text)
                  00006c24    000000fc     rtsv7M4_T_le_v4SPD16_eabi.lib : fd_mul_t2.asm.obj (.text)
                  00006d20    000000f4     PWM.obj (.text)
                  00006e14    000000d8     wdt_a.obj (.text)
                  00006eec    000000bc     main.obj (.text)
                  00006fa8    000000b4     Clock_DL.obj (.text)
                  0000705c    000000b1     rtsv7M4_T_le_v4SPD16_eabi.lib : _printfi.c.obj (.text:_ltostr)
                  0000710d    00000001     --HOLE-- [fill = 0]
                  0000710e    0000009c                                   : memcpy_t2.asm.obj (.text)
                  000071aa    00000096                                   : ull_div_t2.asm.obj (.text)
                  00007240    00000086                                   : fd_cmp_t2.asm.obj (.text:__aeabi_cdcmple)
                  000072c6    00000086                                   : fd_cmp_t2.asm.obj (.text:__aeabi_cdrcmple)
                  0000734c    0000007c     TimerA1_skeleton.obj (.text)
                  000073c8    0000007a     rtsv7M4_T_le_v4SPD16_eabi.lib : memset_t2.asm.obj (.text)
                  00007442    0000006e                                   : _printfi.c.obj (.text:_mcpy)
                  000074b0    00000068                                   : copy_decompress_lzss.c.obj (.text:decompress:lzss:__TI_decompress_lzss)
                  00007518    00000064                                   : s_frexp.c.obj (.text:frexp)
                  0000757c    00000056                                   : _printfi.c.obj (.text:_pconv_f)
                  000075d2    00000054                                   : _ltoa.c.obj (.text:__TI_ltoa)
                  00007626    00000052                                   : _printfi.c.obj (.text:_ecpy)
                  00007678    0000004c                                   : atoi.c.obj (.text:atoi)
                  000076c4    00000048                                   : fd_toi_t2.asm.obj (.text)
                  0000770c    00000044                                   : autoinit.c.obj (.text:__TI_auto_init_nobinit_nopinit:__TI_auto_init_nobinit_nopinit)
                  00007750    00000040                                   : sprintf.c.obj (.text:sprintf)
                  00007790    0000003e                                   : _printfi.c.obj (.text:_fcpy)
                  000077ce    0000003e     cpu.obj (.text)
                  0000780c    00000034     rtsv7M4_T_le_v4SPD16_eabi.lib : boot_cortex_m.c.obj (.text:_c_int00_noargs:_c_int00_noargs)
                  00007840    0000002e                                   : i_tofd_t2.asm.obj (.text)
                  0000786e    0000001c                                   : copy_zero_init.c.obj (.text:decompress:ZI:__TI_zero_init_nomemset:__TI_zero_init_nomemset)
                  0000788a    0000001c                                   : memccpy.c.obj (.text:memccpy)
                  000078a6    0000001a                                   : s_copysign.c.obj (.text:copysign)
                  000078c0    00000018                                   : sprintf.c.obj (.text:_outs)
                  000078d8    00000016                                   : strchr.c.obj (.text:strchr)
                  000078ee    00000014                                   : strlen.c.obj (.text:strlen)
                  00007902    00000012                                   : wcslen.c.obj (.text:wcslen)
                  00007914    0000000e                                   : copy_decompress_none.c.obj (.text:decompress:none:__TI_decompress_none)
                  00007922    0000000e     startup_msp432p401r_ccs.obj (.text)
                  00007930    0000000a     rtsv7M4_T_le_v4SPD16_eabi.lib : sprintf.c.obj (.text:_outc)
                  0000793a    00000002     --HOLE-- [fill = 0]
                  0000793c    00000008                                   : errno.c.obj (.text:__aeabi_errno_addr)
                  00007944    00000004                                   : pre_init.c.obj (.text:_system_pre_init)
                  00007948    00000004                                   : exit.c.obj (.text:abort:abort)

.const     0    0000794c    00000400     
                  0000794c    000001e0     Nokia5110_skeleton.obj (.const:ASCII)
                  00007b2c    00000101     rtsv7M4_T_le_v4SPD16_eabi.lib : ctype.c.obj (.const:.string:_ctypes_)
                  00007c2d    00000003     --HOLE-- [fill = 0]
                  00007c30    00000050     interrupt.obj (.const:g_pulRegs)
                  00007c80    00000030     gpio.obj (.const:GPIO_PORT_TO_BASE)
                  00007cb0    00000020     Reflectance.obj (.const:$P$T0$1)
                  00007cd0    00000020     interrupt.obj (.const:g_pulPriority)
                  00007cf0    0000001c     gpio.obj (.const:GPIO_PORT_TO_INT)
                  00007d0c    00000018     TimerA1_skeleton.obj (.const:$P$T0$1)
                  00007d24    00000008     Nokia5110_skeleton.obj (.const:.string:Masks)
                  00007d2c    00000008     interrupt.obj (.const:g_pulDisRegs)
                  00007d34    00000008     interrupt.obj (.const:g_pulEnRegs)
                  00007d3c    00000008     interrupt.obj (.const:g_pulPendRegs)
                  00007d44    00000008     interrupt.obj (.const:g_pulUnpendRegs)

.cinit     0    00007d50    00000090     
                  00007d50    0000005c     (.cinit..data.load) [load image, compression = lzss]
                  00007dac    0000000c     (__TI_handler_table)
                  00007db8    00000008     (.cinit..bss.load) [load image, compression = zero_init]
                  00007dc0    00000008     (.cinit..vtable.load) [load image, compression = zero_init]
                  00007dc8    00000018     (__TI_cinit_table)

.init_array 
*          0    00000000    00000000     UNINITIALIZED

.binit     0    00000000    00000000     

.vtable    0    20000000    000000e8     UNINITIALIZED
                  20000000    000000e8     interrupt.obj (.vtable)

.bss       0    200000e8    0000020a     UNINITIALIZED
                  200000e8    000001f8     (.common:Screen)
                  200002e0    00000008     cs.obj (.bss)
                  200002e8    00000004     (.common:BumpTask)
                  200002ec    00000004     (.common:TimerTask)
                  200002f0    00000001     (.common:ReflectanceRead)
                  200002f1    00000001     (.common:bumpData)

.data      0    200002f4    00000088     UNINITIALIZED
                  200002f4    00000040     flash.obj (.data:__getBurstProgramRegs)
                  20000334    00000018     PWM.obj (.data:upDownConfig)
                  2000034c    00000010     PWM.obj (.data:compareConfig_PWM1)
                  2000035c    00000010     PWM.obj (.data:compareConfig_PWM2)
                  2000036c    00000004     PWM.obj (.data)
                  20000370    00000004     main.obj (.data)
                  20000374    00000004     rtsv7M4_T_le_v4SPD16_eabi.lib : errno.c.obj (.data)
                  20000378    00000004     system_msp432p401r.obj (.data)

.stack     0    2000fe00    00000200     UNINITIALIZED
                  2000fe00    00000004     rtsv7M4_T_le_v4SPD16_eabi.lib : boot_cortex_m.c.obj (.stack)
                  2000fe04    000001fc     --HOLE--

__llvm_prf_cnts 
*          0    20000000    00000000     UNINITIALIZED

MODULE SUMMARY

       Module                        code    ro data   rw data
       ------                        ----    -------   -------
    .\
       flash.obj                     5544    0         128    
       cs.obj                        3164    0         16     
       Nokia5110_skeleton.obj        1424    488       1008   
       pcm.obj                       2100    0         0      
       timer_a.obj                   1944    0         0      
       interrupt.obj                 1036    144       464    
       rtc_c.obj                     1364    0         0      
       Reflectance.obj               1320    32        0      
       gpio.obj                      1152    76        0      
       FSM.obj                       1008    0         0      
       system_msp432p401r.obj        820     0         8      
       sysctl.obj                    584     0         0      
       Bump.obj                      372     0         8      
       PWM.obj                       244     0         120    
       Motor_Skeleton.obj            264     0         0      
       startup_msp432p401r_ccs.obj   14      228       0      
       wdt_a.obj                     216     0         0      
       main.obj                      188     0         12     
       Clock_DL.obj                  180     0         0      
       TimerA1_skeleton.obj          124     24        8      
       cpu.obj                       62      0         0      
    +--+-----------------------------+-------+---------+---------+
       Total:                        23124   992       1772   
                                                              
    C:\ti\ccs1040\ccs\tools\compiler\ti-cgt-arm_20.2.5.LTS\lib\rtsv7M4_T_le_v4SPD16_eabi.lib
       _printfi.c.obj                4851    0         0      
       fd_add_t2.asm.obj             438     0         0      
       fd_div_t2.asm.obj             310     0         0      
       s_scalbn.c.obj                272     0         0      
       fd_cmp_t2.asm.obj             268     0         0      
       ctype.c.obj                   0       257       0      
       fd_mul_t2.asm.obj             252     0         0      
       memcpy_t2.asm.obj             156     0         0      
       ull_div_t2.asm.obj            150     0         0      
       memset_t2.asm.obj             122     0         0      
       copy_decompress_lzss.c.obj    104     0         0      
       s_frexp.c.obj                 100     0         0      
       sprintf.c.obj                 98      0         0      
       _ltoa.c.obj                   84      0         0      
       atoi.c.obj                    76      0         0      
       fd_toi_t2.asm.obj             72      0         0      
       autoinit.c.obj                68      0         0      
       boot_cortex_m.c.obj           52      0         0      
       i_tofd_t2.asm.obj             46      0         0      
       copy_zero_init.c.obj          28      0         0      
       memccpy.c.obj                 28      0         0      
       s_copysign.c.obj              26      0         0      
       strchr.c.obj                  22      0         0      
       strlen.c.obj                  20      0         0      
       wcslen.c.obj                  18      0         0      
       errno.c.obj                   8       0         8      
       copy_decompress_none.c.obj    14      0         0      
       exit.c.obj                    4       0         0      
       pre_init.c.obj                4       0         0      
       div0.asm.obj                  2       0         0      
    +--+-----------------------------+-------+---------+---------+
       Total:                        7693    257       8      
                                                              
       Stack:                        0       0         1024   
       Linker Generated:             0       144       0      
    +--+-----------------------------+-------+---------+---------+
       Grand Total:                  30817   1393      2804   


LINKER GENERATED COPY TABLES

__TI_cinit_table @ 00007dc8 records: 3, size/record: 8, table size: 24
	.data: load addr=00007d50, load size=0000005c bytes, run addr=200002f4, run size=00000088 bytes, compression=lzss
	.bss: load addr=00007db8, load size=00000008 bytes, run addr=200000e8, run size=0000020a bytes, compression=zero_init
	.vtable: load addr=00007dc0, load size=00000008 bytes, run addr=20000000, run size=000000e8 bytes, compression=zero_init


LINKER GENERATED HANDLER TABLE

__TI_handler_table @ 00007dac records: 3, size/record: 4, table size: 12
	index: 0, handler: __TI_zero_init
	index: 1, handler: __TI_decompress_lzss
	index: 2, handler: __TI_decompress_none


GLOBAL SYMBOLS: SORTED ALPHABETICALLY BY Name 

address   name                                           
-------   ----                                           
0000792f  ADC14_IRQHandler                               
0000792f  AES256_IRQHandler                              
200002e8  BumpTask                                       
00006501  Bump_Init                                      
0000660b  Bump_Interrupt_Init                            
0000650d  Bump_Read                                      
0000792f  BusFault_Handler                               
00007949  C$$EXIT                                        
0000792f  COMP_E0_IRQHandler                             
0000792f  COMP_E1_IRQHandler                             
00007803  CPU_basepriGet                                 
000077f5  CPU_basepriSet                                 
000077cf  CPU_cpsid                                      
000077e5  CPU_cpsie                                      
000077db  CPU_primask                                    
000077f1  CPU_wfi                                        
0000792f  CS_IRQHandler                                  
0000225d  CS_clearInterruptFlag                          
00001c35  CS_disableClockRequest                         
00001d13  CS_disableDCOExternalResistor                  
00002145  CS_disableFaultCounter                         
0000220d  CS_disableInterrupt                            
00001c0d  CS_enableClockRequest                          
00001c7d  CS_enableDCOExternalResistor                   
00002119  CS_enableFaultCounter                          
000021e1  CS_enableInterrupt                             
000020ab  CS_getACLK                                     
0000206b  CS_getBCLK                                     
00001df1  CS_getDCOFrequency                             
0000223d  CS_getEnabledInterruptStatus                   
00002087  CS_getHSMCLK                                   
0000222f  CS_getInterruptStatus                          
000020f1  CS_getMCLK                                     
000020cf  CS_getSMCLK                                    
0000192d  CS_initClockSignal                             
00002289  CS_registerInterrupt                           
00002171  CS_resetFaultCounter                           
00001d31  CS_setDCOCenteredFrequency                     
00001ca5  CS_setDCOExternalResistorCalibration           
00001f09  CS_setDCOFrequency                             
000018f1  CS_setExternalClockSourceFrequency             
00001c57  CS_setReferenceOscillatorFrequency             
0000219d  CS_startFaultCounter                           
00001a31  CS_startHFXT                                   
00001a55  CS_startHFXTWithTimeout                        
00001b19  CS_startLFXT                                   
00001b3d  CS_startLFXTWithTimeout                        
00001d61  CS_tuneDCOFrequency                            
000022a1  CS_unregisterInterrupt                         
0000703b  Clock_Delay1ms                                 
00007003  Clock_Delay1us                                 
00006fbf  Clock_Init                                     
0000792f  DMA_ERR_IRQHandler                             
0000792f  DMA_INT0_IRQHandler                            
0000792f  DMA_INT1_IRQHandler                            
0000792f  DMA_INT2_IRQHandler                            
0000792f  DMA_INT3_IRQHandler                            
0000792f  DebugMon_Handler                               
0000792f  Default_Handler                                
00006d21  Duty_To_CCR                                    
0000792f  EUSCIA0_IRQHandler                             
0000792f  EUSCIA1_IRQHandler                             
0000792f  EUSCIA2_IRQHandler                             
0000792f  EUSCIA3_IRQHandler                             
0000792f  EUSCIB0_IRQHandler                             
0000792f  EUSCIB1_IRQHandler                             
0000792f  EUSCIB2_IRQHandler                             
0000792f  EUSCIB3_IRQHandler                             
0000792f  FLCTL_IRQHandler                               
0000792f  FPU_IRQHandler                                 
0000112b  FlashCtl_clearInterruptFlag                    
00000fef  FlashCtl_clearProgramVerification              
00001101  FlashCtl_disableInterrupt                      
00000661  FlashCtl_disableReadBuffering                  
00001059  FlashCtl_disableWordProgramming                
000010ed  FlashCtl_enableInterrupt                       
0000060d  FlashCtl_enableReadBuffering                   
00001029  FlashCtl_enableWordProgramming                 
00000c91  FlashCtl_eraseSector                           
0000111b  FlashCtl_getEnabledInterruptStatus             
00001115  FlashCtl_getInterruptStatus                    
0000028f  FlashCtl_getMemoryInfo                         
00000af1  FlashCtl_getReadMode                           
000010bf  FlashCtl_getWaitState                          
00000b1f  FlashCtl_initiateMassErase                     
00000db9  FlashCtl_initiateSectorErase                   
0000078d  FlashCtl_isSectorProtected                     
00001061  FlashCtl_isWordProgrammingEnabled              
00000b45  FlashCtl_performMassErase                      
00000e49  FlashCtl_programMemory                         
0000072d  FlashCtl_protectSector                         
0000113f  FlashCtl_registerInterrupt                     
00000fb5  FlashCtl_setProgramVerification                
00000a81  FlashCtl_setReadMode                           
00001081  FlashCtl_setWaitState                          
000006bd  FlashCtl_unprotectSector                       
00001153  FlashCtl_unregisterInterrupt                   
00000819  FlashCtl_verifyMemory                          
00005033  GPIO_clearInterruptFlag                        
00004ff3  GPIO_disableInterrupt                          
00004fd1  GPIO_enableInterrupt                           
0000508b  GPIO_getEnabledInterruptStatus                 
00004fa3  GPIO_getInputPinValue                          
00005015  GPIO_getInterruptStatus                        
00005055  GPIO_interruptEdgeSelect                       
0000514b  GPIO_registerInterrupt                         
00004d4b  GPIO_setAsInputPin                             
00004eff  GPIO_setAsInputPinWithPullDownResistor         
00004f51  GPIO_setAsInputPinWithPullUpResistor           
00004d11  GPIO_setAsOutputPin                            
00004e15  GPIO_setAsPeripheralModuleFunctionInputPin     
00004d91  GPIO_setAsPeripheralModuleFunctionOutputPin    
00005107  GPIO_setDriveStrengthHigh                      
00005129  GPIO_setDriveStrengthLow                       
00004e99  GPIO_setOutputHighOnPin                        
00004ebb  GPIO_setOutputLowOnPin                         
00004edd  GPIO_toggleOutputOnPin                         
0000516b  GPIO_unregisterInterrupt                       
00006fa9  HFXT_Init                                      
0000792f  HardFault_Handler                              
0000559d  InitializeFSM                                  
00005371  Interrupt_disableInterrupt                     
000051a3  Interrupt_disableMaster                        
0000556d  Interrupt_disableSleepOnIsrExit                
000052ff  Interrupt_enableInterrupt                      
00005193  Interrupt_enableMaster                         
0000555b  Interrupt_enableSleepOnIsrExit                 
000052d9  Interrupt_getPriority                          
00005251  Interrupt_getPriorityGrouping                  
0000553b  Interrupt_getPriorityMask                      
00005555  Interrupt_getVectorTableAddress                
000053e3  Interrupt_isEnabled                            
0000546d  Interrupt_pendInterrupt                        
000051b3  Interrupt_registerInterrupt                    
00005289  Interrupt_setPriority                          
00005219  Interrupt_setPriorityGrouping                  
0000552b  Interrupt_setPriorityMask                      
00005545  Interrupt_setVectorTableAddress                
000054dd  Interrupt_unpendInterrupt                      
00005205  Interrupt_unregisterInterrupt                  
00007d24  Masks                                          
0000792f  MemManage_Handler                              
00006b79  Motor_Backward                                 
00006b4d  Motor_Forward                                  
00006b1d  Motor_Init                                     
00006ba5  Motor_Left                                     
00006bd9  Motor_Right                                    
00006c0d  Motor_Stop                                     
0000792f  NMI_Handler                                    
000055ad  NextStateFunction                              
00003fb3  Nokia5110_Clear                                
0000420d  Nokia5110_ClearBuffer                          
00004241  Nokia5110_ClrPxl                               
00004237  Nokia5110_DisplayBuffer                        
00003fdf  Nokia5110_DrawFullImage                        
00003de7  Nokia5110_Init                                 
00003e4b  Nokia5110_OutChar                              
00003ecb  Nokia5110_OutSDec                              
00003e8b  Nokia5110_OutString                            
00003ead  Nokia5110_OutUDec                              
00003ee9  Nokia5110_OutUFix1                             
00004021  Nokia5110_PrintBMP                             
00003f77  Nokia5110_SetCursor                            
00004267  Nokia5110_SetPxl                               
000056f5  OutputFunction                                 
0000792f  PCM_IRQHandler                                 
0000350f  PCM_clearInterruptFlag                         
000034e5  PCM_disableInterrupt                           
000034bd  PCM_disableRudeMode                            
000034d1  PCM_enableInterrupt                            
000034ab  PCM_enableRudeMode                             
00002ebb  PCM_getCoreVoltageLevel                        
000034ff  PCM_getEnabledInterruptStatus                  
000034f9  PCM_getInterruptStatus                         
00002e61  PCM_getPowerMode                               
0000349d  PCM_getPowerState                              
000033d5  PCM_gotoLPM0                                   
000033f3  PCM_gotoLPM0InterruptSafe                      
0000340f  PCM_gotoLPM3                                   
00003481  PCM_gotoLPM3InterruptSafe                      
000033a9  PCM_gotoLPM4                                   
000033b9  PCM_gotoLPM4InterruptSafe                      
00003523  PCM_registerInterrupt                          
00002e2f  PCM_setCoreVoltageLevel                        
00002e51  PCM_setCoreVoltageLevelNonBlocking             
00002e3f  PCM_setCoreVoltageLevelWithTimeout             
00003061  PCM_setPowerMode                               
00003071  PCM_setPowerModeNonBlocking                    
00003081  PCM_setPowerModeWithTimeout                    
00003333  PCM_setPowerState                              
00003355  PCM_setPowerStateNonBlocking                   
00003343  PCM_setPowerStateWithTimeout                   
00003365  PCM_shutdownDevice                             
00003537  PCM_unregisterInterrupt                        
0000792f  PORT1_IRQHandler                               
0000792f  PORT2_IRQHandler                               
0000792f  PORT3_IRQHandler                               
00006647  PORT4_IRQHandler                               
00006647  PORT4_IRQHandler                               
0000792f  PORT5_IRQHandler                               
0000792f  PORT6_IRQHandler                               
0000792f  PSS_IRQHandler                                 
00006dd3  PWM_Duty_Left                                  
00006dad  PWM_Duty_Right                                 
00006d43  PWM_Init                                       
0000792f  PendSV_Handler                                 
0000792f  RTC_C_IRQHandler                               
00004741  RTC_C_clearInterruptFlag                       
00004553  RTC_C_convertBCDToBinary                       
0000456b  RTC_C_convertBinaryToBCD                       
00004497  RTC_C_definePrescaleEvent                      
000045ed  RTC_C_disableInterrupt                         
00004589  RTC_C_enableInterrupt                          
000043c9  RTC_C_getCalendarTime                          
000046bd  RTC_C_getEnabledInterruptStatus                
00004659  RTC_C_getInterruptStatus                       
000044d7  RTC_C_getPrescaleValue                         
000042b3  RTC_C_holdClock                                
00004357  RTC_C_initCalendar                             
00004787  RTC_C_registerInterrupt                        
0000442f  RTC_C_setCalendarAlarm                         
00004467  RTC_C_setCalendarEvent                         
00004301  RTC_C_setCalibrationData                       
000042d1  RTC_C_setCalibrationFrequency                  
00004503  RTC_C_setPrescaleValue                         
0000432d  RTC_C_setTemperatureCompensation               
00004295  RTC_C_startClock                               
0000479b  RTC_C_unregisterInterrupt                      
200002f0  ReflectanceRead                                
00004bf9  Reflectance_Center                             
00004b03  Reflectance_End                                
000047e9  Reflectance_Init                               
00004c5f  Reflectance_Position                           
0000484d  Reflectance_Read                               
00004a29  Reflectance_Start                              
00007923  Reset_Handler                                  
0000792f  SVC_Handler                                    
200000e8  Screen                                         
00006127  SysCtl_disableGlitchFilter                     
00005fb3  SysCtl_disableNMISource                        
000060bf  SysCtl_disablePeripheralAtCPUHalt              
00006001  SysCtl_disableSRAMBank                         
00006085  SysCtl_disableSRAMBankRetention                
0000611b  SysCtl_enableGlitchFilter                      
00005fc7  SysCtl_enableNMISource                         
000060ab  SysCtl_enablePeripheralAtCPUHalt               
00005fe5  SysCtl_enableSRAMBank                          
00006069  SysCtl_enableSRAMBankRetention                 
00005fad  SysCtl_getFlashSize                            
00005fdb  SysCtl_getNMISourceStatus                      
00005fa7  SysCtl_getSRAMSize                             
00005f31  SysCtl_getTLVInfo                              
00006133  SysCtl_getTempCalibrationConstant              
000060a1  SysCtl_rebootDevice                            
000060f7  SysCtl_setWDTPasswordViolationResetType        
000060d3  SysCtl_setWDTTimeoutResetType                  
0000792f  SysTick_Handler                                
20000378  SystemCoreClock                                
0000598d  SystemCoreClockUpdate                          
00005c05  SystemInit                                     
0000792f  T32_INT1_IRQHandler                            
0000792f  T32_INT2_IRQHandler                            
0000792f  T32_INTC_IRQHandler                            
0000792f  TA0_0_IRQHandler                               
0000792f  TA0_N_IRQHandler                               
000073ab  TA1_0_IRQHandler                               
000073ab  TA1_0_IRQHandler                               
0000792f  TA1_N_IRQHandler                               
0000792f  TA2_0_IRQHandler                               
0000792f  TA2_N_IRQHandler                               
0000792f  TA3_0_IRQHandler                               
0000792f  TA3_N_IRQHandler                               
2000036c  TIMERA1_PERIOD                                 
00006eed  Task                                           
0000734d  TimerA1_Init                                   
0000738d  TimerA1_Stop                                   
200002ec  TimerTask                                      
00003a37  Timer_A_clearCaptureCompareInterrupt           
00003a21  Timer_A_clearInterruptFlag                     
0000389f  Timer_A_clearTimer                             
000036c7  Timer_A_configureContinuousMode                
00003755  Timer_A_configureUpDownMode                    
000036f7  Timer_A_configureUpMode                        
00003ac5  Timer_A_disableCaptureCompareInterrupt         
00003a73  Timer_A_disableInterrupt                       
00003a99  Timer_A_enableCaptureCompareInterrupt          
00003a5f  Timer_A_enableInterrupt                        
0000396b  Timer_A_generatePWM                            
00003911  Timer_A_getCaptureCompareCount                 
00003b2d  Timer_A_getCaptureCompareEnabledInterruptStatus
00003aed  Timer_A_getCaptureCompareInterruptStatus       
00003853  Timer_A_getCounterValue                        
00003b15  Timer_A_getEnabledInterruptStatus              
00003a87  Timer_A_getInterruptStatus                     
000038e3  Timer_A_getOutputForOutputModeOutBitValue      
000038b3  Timer_A_getSynchronizedCaptureCompareInput     
000037b3  Timer_A_initCapture                            
00003805  Timer_A_initCompare                            
00003b69  Timer_A_registerInterrupt                      
000039f5  Timer_A_setCompareValue                        
00003933  Timer_A_setOutputForOutputModeOutBitValue      
000036b1  Timer_A_startCounter                           
000039e1  Timer_A_stopTimer                              
00003c3b  Timer_A_unregisterInterrupt                    
0000792f  UsageFault_Handler                             
4000480c  WDTCTL_SYM                                     
0000792f  WDT_A_IRQHandler                               
00006e55  WDT_A_clearTimer                               
00006e15  WDT_A_holdTimer                                
00006e91  WDT_A_initIntervalTimer                        
00006e75  WDT_A_initWatchdogTimer                        
00006ec5  WDT_A_registerInterrupt                        
00006ead  WDT_A_setPasswordViolationReset                
00006eb9  WDT_A_setTimeoutReset                          
00006e35  WDT_A_startTimer                               
00006ed9  WDT_A_unregisterInterrupt                      
0000155f  __FlashCtl_remaskBurstDataPost                 
0000143d  __FlashCtl_remaskBurstDataPre                  
00001281  __FlashCtl_remaskData32Post                    
00001365  __FlashCtl_remaskData32Pre                     
00001163  __FlashCtl_remaskData8Post                     
000011e3  __FlashCtl_remaskData8Pre                      
20010000  __STACK_END                                    
00000200  __STACK_SIZE                                   
00007dc8  __TI_CINIT_Base                                
00007de0  __TI_CINIT_Limit                               
00007dac  __TI_Handler_Table_Base                        
00007db8  __TI_Handler_Table_Limit                       
0000770d  __TI_auto_init_nobinit_nopinit                 
000074b1  __TI_decompress_lzss                           
00007915  __TI_decompress_none                           
000075d3  __TI_ltoa                                      
ffffffff  __TI_pprof_out_hndl                            
000022e9  __TI_printfi                                   
ffffffff  __TI_prof_data_size                            
ffffffff  __TI_prof_data_start                           
00000000  __TI_static_base__                             
0000786f  __TI_zero_init_nomemset                        
00007241  __aeabi_cdcmpeq                                
00007241  __aeabi_cdcmple                                
000072c7  __aeabi_cdrcmple                               
000076c5  __aeabi_d2iz                                   
00006353  __aeabi_dadd                                   
000067b1  __aeabi_ddiv                                   
00006c25  __aeabi_dmul                                   
00006349  __aeabi_dsub                                   
0000793d  __aeabi_errno_addr                             
00007841  __aeabi_i2d                                    
00002d37  __aeabi_idiv0                                  
00002d37  __aeabi_ldiv0                                  
000073c9  __aeabi_memclr                                 
000073c9  __aeabi_memclr4                                
000073c9  __aeabi_memclr8                                
0000710f  __aeabi_memcpy                                 
0000710f  __aeabi_memcpy4                                
0000710f  __aeabi_memcpy8                                
000073cb  __aeabi_memset                                 
000073cb  __aeabi_memset4                                
000073cb  __aeabi_memset8                                
000071ab  __aeabi_uldivmod                               
ffffffff  __binit__                                      
ffffffff  __c_args__                                     
UNDEFED   __mpu_init                                     
2000fe00  __stack                                        
20000000  __start___llvm_prf_cnts                        
20000000  __stop___llvm_prf_cnts                         
0000780d  _c_int00_noargs                                
00007b2c  _ctypes_                                       
UNDEFED   _system_post_cinit                             
00007945  _system_pre_init                               
00007949  abort                                          
00007679  atoi                                           
ffffffff  binit                                          
200002f1  bumpData                                       
2000034c  compareConfig_PWM1                             
2000035c  compareConfig_PWM2                             
000078a7  copysign                                       
000078a7  copysignl                                      
20000370  count                                          
0000702d  delay                                          
20000374  errno                                          
00007519  frexp                                          
00007519  frexpl                                         
20000000  g_pfnRAMVectors                                
00000000  interruptVectors                               
00006a0d  ldexp                                          
00006a0d  ldexpl                                         
00006f41  main                                           
0000788b  memccpy                                        
0000710f  memcpy                                         
000073d1  memset                                         
00006a0d  scalbn                                         
00006a0d  scalbnl                                        
00007751  sprintf                                        
000078d9  strchr                                         
000078ef  strlen                                         
20000334  upDownConfig                                   
00007903  wcslen                                         


GLOBAL SYMBOLS: SORTED BY Symbol Address 

address   name                                           
-------   ----                                           
00000000  __TI_static_base__                             
00000000  interruptVectors                               
00000200  __STACK_SIZE                                   
0000028f  FlashCtl_getMemoryInfo                         
0000060d  FlashCtl_enableReadBuffering                   
00000661  FlashCtl_disableReadBuffering                  
000006bd  FlashCtl_unprotectSector                       
0000072d  FlashCtl_protectSector                         
0000078d  FlashCtl_isSectorProtected                     
00000819  FlashCtl_verifyMemory                          
00000a81  FlashCtl_setReadMode                           
00000af1  FlashCtl_getReadMode                           
00000b1f  FlashCtl_initiateMassErase                     
00000b45  FlashCtl_performMassErase                      
00000c91  FlashCtl_eraseSector                           
00000db9  FlashCtl_initiateSectorErase                   
00000e49  FlashCtl_programMemory                         
00000fb5  FlashCtl_setProgramVerification                
00000fef  FlashCtl_clearProgramVerification              
00001029  FlashCtl_enableWordProgramming                 
00001059  FlashCtl_disableWordProgramming                
00001061  FlashCtl_isWordProgrammingEnabled              
00001081  FlashCtl_setWaitState                          
000010bf  FlashCtl_getWaitState                          
000010ed  FlashCtl_enableInterrupt                       
00001101  FlashCtl_disableInterrupt                      
00001115  FlashCtl_getInterruptStatus                    
0000111b  FlashCtl_getEnabledInterruptStatus             
0000112b  FlashCtl_clearInterruptFlag                    
0000113f  FlashCtl_registerInterrupt                     
00001153  FlashCtl_unregisterInterrupt                   
00001163  __FlashCtl_remaskData8Post                     
000011e3  __FlashCtl_remaskData8Pre                      
00001281  __FlashCtl_remaskData32Post                    
00001365  __FlashCtl_remaskData32Pre                     
0000143d  __FlashCtl_remaskBurstDataPre                  
0000155f  __FlashCtl_remaskBurstDataPost                 
000018f1  CS_setExternalClockSourceFrequency             
0000192d  CS_initClockSignal                             
00001a31  CS_startHFXT                                   
00001a55  CS_startHFXTWithTimeout                        
00001b19  CS_startLFXT                                   
00001b3d  CS_startLFXTWithTimeout                        
00001c0d  CS_enableClockRequest                          
00001c35  CS_disableClockRequest                         
00001c57  CS_setReferenceOscillatorFrequency             
00001c7d  CS_enableDCOExternalResistor                   
00001ca5  CS_setDCOExternalResistorCalibration           
00001d13  CS_disableDCOExternalResistor                  
00001d31  CS_setDCOCenteredFrequency                     
00001d61  CS_tuneDCOFrequency                            
00001df1  CS_getDCOFrequency                             
00001f09  CS_setDCOFrequency                             
0000206b  CS_getBCLK                                     
00002087  CS_getHSMCLK                                   
000020ab  CS_getACLK                                     
000020cf  CS_getSMCLK                                    
000020f1  CS_getMCLK                                     
00002119  CS_enableFaultCounter                          
00002145  CS_disableFaultCounter                         
00002171  CS_resetFaultCounter                           
0000219d  CS_startFaultCounter                           
000021e1  CS_enableInterrupt                             
0000220d  CS_disableInterrupt                            
0000222f  CS_getInterruptStatus                          
0000223d  CS_getEnabledInterruptStatus                   
0000225d  CS_clearInterruptFlag                          
00002289  CS_registerInterrupt                           
000022a1  CS_unregisterInterrupt                         
000022e9  __TI_printfi                                   
00002d37  __aeabi_idiv0                                  
00002d37  __aeabi_ldiv0                                  
00002e2f  PCM_setCoreVoltageLevel                        
00002e3f  PCM_setCoreVoltageLevelWithTimeout             
00002e51  PCM_setCoreVoltageLevelNonBlocking             
00002e61  PCM_getPowerMode                               
00002ebb  PCM_getCoreVoltageLevel                        
00003061  PCM_setPowerMode                               
00003071  PCM_setPowerModeNonBlocking                    
00003081  PCM_setPowerModeWithTimeout                    
00003333  PCM_setPowerState                              
00003343  PCM_setPowerStateWithTimeout                   
00003355  PCM_setPowerStateNonBlocking                   
00003365  PCM_shutdownDevice                             
000033a9  PCM_gotoLPM4                                   
000033b9  PCM_gotoLPM4InterruptSafe                      
000033d5  PCM_gotoLPM0                                   
000033f3  PCM_gotoLPM0InterruptSafe                      
0000340f  PCM_gotoLPM3                                   
00003481  PCM_gotoLPM3InterruptSafe                      
0000349d  PCM_getPowerState                              
000034ab  PCM_enableRudeMode                             
000034bd  PCM_disableRudeMode                            
000034d1  PCM_enableInterrupt                            
000034e5  PCM_disableInterrupt                           
000034f9  PCM_getInterruptStatus                         
000034ff  PCM_getEnabledInterruptStatus                  
0000350f  PCM_clearInterruptFlag                         
00003523  PCM_registerInterrupt                          
00003537  PCM_unregisterInterrupt                        
000036b1  Timer_A_startCounter                           
000036c7  Timer_A_configureContinuousMode                
000036f7  Timer_A_configureUpMode                        
00003755  Timer_A_configureUpDownMode                    
000037b3  Timer_A_initCapture                            
00003805  Timer_A_initCompare                            
00003853  Timer_A_getCounterValue                        
0000389f  Timer_A_clearTimer                             
000038b3  Timer_A_getSynchronizedCaptureCompareInput     
000038e3  Timer_A_getOutputForOutputModeOutBitValue      
00003911  Timer_A_getCaptureCompareCount                 
00003933  Timer_A_setOutputForOutputModeOutBitValue      
0000396b  Timer_A_generatePWM                            
000039e1  Timer_A_stopTimer                              
000039f5  Timer_A_setCompareValue                        
00003a21  Timer_A_clearInterruptFlag                     
00003a37  Timer_A_clearCaptureCompareInterrupt           
00003a5f  Timer_A_enableInterrupt                        
00003a73  Timer_A_disableInterrupt                       
00003a87  Timer_A_getInterruptStatus                     
00003a99  Timer_A_enableCaptureCompareInterrupt          
00003ac5  Timer_A_disableCaptureCompareInterrupt         
00003aed  Timer_A_getCaptureCompareInterruptStatus       
00003b15  Timer_A_getEnabledInterruptStatus              
00003b2d  Timer_A_getCaptureCompareEnabledInterruptStatus
00003b69  Timer_A_registerInterrupt                      
00003c3b  Timer_A_unregisterInterrupt                    
00003de7  Nokia5110_Init                                 
00003e4b  Nokia5110_OutChar                              
00003e8b  Nokia5110_OutString                            
00003ead  Nokia5110_OutUDec                              
00003ecb  Nokia5110_OutSDec                              
00003ee9  Nokia5110_OutUFix1                             
00003f77  Nokia5110_SetCursor                            
00003fb3  Nokia5110_Clear                                
00003fdf  Nokia5110_DrawFullImage                        
00004021  Nokia5110_PrintBMP                             
0000420d  Nokia5110_ClearBuffer                          
00004237  Nokia5110_DisplayBuffer                        
00004241  Nokia5110_ClrPxl                               
00004267  Nokia5110_SetPxl                               
00004295  RTC_C_startClock                               
000042b3  RTC_C_holdClock                                
000042d1  RTC_C_setCalibrationFrequency                  
00004301  RTC_C_setCalibrationData                       
0000432d  RTC_C_setTemperatureCompensation               
00004357  RTC_C_initCalendar                             
000043c9  RTC_C_getCalendarTime                          
0000442f  RTC_C_setCalendarAlarm                         
00004467  RTC_C_setCalendarEvent                         
00004497  RTC_C_definePrescaleEvent                      
000044d7  RTC_C_getPrescaleValue                         
00004503  RTC_C_setPrescaleValue                         
00004553  RTC_C_convertBCDToBinary                       
0000456b  RTC_C_convertBinaryToBCD                       
00004589  RTC_C_enableInterrupt                          
000045ed  RTC_C_disableInterrupt                         
00004659  RTC_C_getInterruptStatus                       
000046bd  RTC_C_getEnabledInterruptStatus                
00004741  RTC_C_clearInterruptFlag                       
00004787  RTC_C_registerInterrupt                        
0000479b  RTC_C_unregisterInterrupt                      
000047e9  Reflectance_Init                               
0000484d  Reflectance_Read                               
00004a29  Reflectance_Start                              
00004b03  Reflectance_End                                
00004bf9  Reflectance_Center                             
00004c5f  Reflectance_Position                           
00004d11  GPIO_setAsOutputPin                            
00004d4b  GPIO_setAsInputPin                             
00004d91  GPIO_setAsPeripheralModuleFunctionOutputPin    
00004e15  GPIO_setAsPeripheralModuleFunctionInputPin     
00004e99  GPIO_setOutputHighOnPin                        
00004ebb  GPIO_setOutputLowOnPin                         
00004edd  GPIO_toggleOutputOnPin                         
00004eff  GPIO_setAsInputPinWithPullDownResistor         
00004f51  GPIO_setAsInputPinWithPullUpResistor           
00004fa3  GPIO_getInputPinValue                          
00004fd1  GPIO_enableInterrupt                           
00004ff3  GPIO_disableInterrupt                          
00005015  GPIO_getInterruptStatus                        
00005033  GPIO_clearInterruptFlag                        
00005055  GPIO_interruptEdgeSelect                       
0000508b  GPIO_getEnabledInterruptStatus                 
00005107  GPIO_setDriveStrengthHigh                      
00005129  GPIO_setDriveStrengthLow                       
0000514b  GPIO_registerInterrupt                         
0000516b  GPIO_unregisterInterrupt                       
00005193  Interrupt_enableMaster                         
000051a3  Interrupt_disableMaster                        
000051b3  Interrupt_registerInterrupt                    
00005205  Interrupt_unregisterInterrupt                  
00005219  Interrupt_setPriorityGrouping                  
00005251  Interrupt_getPriorityGrouping                  
00005289  Interrupt_setPriority                          
000052d9  Interrupt_getPriority                          
000052ff  Interrupt_enableInterrupt                      
00005371  Interrupt_disableInterrupt                     
000053e3  Interrupt_isEnabled                            
0000546d  Interrupt_pendInterrupt                        
000054dd  Interrupt_unpendInterrupt                      
0000552b  Interrupt_setPriorityMask                      
0000553b  Interrupt_getPriorityMask                      
00005545  Interrupt_setVectorTableAddress                
00005555  Interrupt_getVectorTableAddress                
0000555b  Interrupt_enableSleepOnIsrExit                 
0000556d  Interrupt_disableSleepOnIsrExit                
0000559d  InitializeFSM                                  
000055ad  NextStateFunction                              
000056f5  OutputFunction                                 
0000598d  SystemCoreClockUpdate                          
00005c05  SystemInit                                     
00005f31  SysCtl_getTLVInfo                              
00005fa7  SysCtl_getSRAMSize                             
00005fad  SysCtl_getFlashSize                            
00005fb3  SysCtl_disableNMISource                        
00005fc7  SysCtl_enableNMISource                         
00005fdb  SysCtl_getNMISourceStatus                      
00005fe5  SysCtl_enableSRAMBank                          
00006001  SysCtl_disableSRAMBank                         
00006069  SysCtl_enableSRAMBankRetention                 
00006085  SysCtl_disableSRAMBankRetention                
000060a1  SysCtl_rebootDevice                            
000060ab  SysCtl_enablePeripheralAtCPUHalt               
000060bf  SysCtl_disablePeripheralAtCPUHalt              
000060d3  SysCtl_setWDTTimeoutResetType                  
000060f7  SysCtl_setWDTPasswordViolationResetType        
0000611b  SysCtl_enableGlitchFilter                      
00006127  SysCtl_disableGlitchFilter                     
00006133  SysCtl_getTempCalibrationConstant              
00006349  __aeabi_dsub                                   
00006353  __aeabi_dadd                                   
00006501  Bump_Init                                      
0000650d  Bump_Read                                      
0000660b  Bump_Interrupt_Init                            
00006647  PORT4_IRQHandler                               
00006647  PORT4_IRQHandler                               
000067b1  __aeabi_ddiv                                   
00006a0d  ldexp                                          
00006a0d  ldexpl                                         
00006a0d  scalbn                                         
00006a0d  scalbnl                                        
00006b1d  Motor_Init                                     
00006b4d  Motor_Forward                                  
00006b79  Motor_Backward                                 
00006ba5  Motor_Left                                     
00006bd9  Motor_Right                                    
00006c0d  Motor_Stop                                     
00006c25  __aeabi_dmul                                   
00006d21  Duty_To_CCR                                    
00006d43  PWM_Init                                       
00006dad  PWM_Duty_Right                                 
00006dd3  PWM_Duty_Left                                  
00006e15  WDT_A_holdTimer                                
00006e35  WDT_A_startTimer                               
00006e55  WDT_A_clearTimer                               
00006e75  WDT_A_initWatchdogTimer                        
00006e91  WDT_A_initIntervalTimer                        
00006ead  WDT_A_setPasswordViolationReset                
00006eb9  WDT_A_setTimeoutReset                          
00006ec5  WDT_A_registerInterrupt                        
00006ed9  WDT_A_unregisterInterrupt                      
00006eed  Task                                           
00006f41  main                                           
00006fa9  HFXT_Init                                      
00006fbf  Clock_Init                                     
00007003  Clock_Delay1us                                 
0000702d  delay                                          
0000703b  Clock_Delay1ms                                 
0000710f  __aeabi_memcpy                                 
0000710f  __aeabi_memcpy4                                
0000710f  __aeabi_memcpy8                                
0000710f  memcpy                                         
000071ab  __aeabi_uldivmod                               
00007241  __aeabi_cdcmpeq                                
00007241  __aeabi_cdcmple                                
000072c7  __aeabi_cdrcmple                               
0000734d  TimerA1_Init                                   
0000738d  TimerA1_Stop                                   
000073ab  TA1_0_IRQHandler                               
000073ab  TA1_0_IRQHandler                               
000073c9  __aeabi_memclr                                 
000073c9  __aeabi_memclr4                                
000073c9  __aeabi_memclr8                                
000073cb  __aeabi_memset                                 
000073cb  __aeabi_memset4                                
000073cb  __aeabi_memset8                                
000073d1  memset                                         
000074b1  __TI_decompress_lzss                           
00007519  frexp                                          
00007519  frexpl                                         
000075d3  __TI_ltoa                                      
00007679  atoi                                           
000076c5  __aeabi_d2iz                                   
0000770d  __TI_auto_init_nobinit_nopinit                 
00007751  sprintf                                        
000077cf  CPU_cpsid                                      
000077db  CPU_primask                                    
000077e5  CPU_cpsie                                      
000077f1  CPU_wfi                                        
000077f5  CPU_basepriSet                                 
00007803  CPU_basepriGet                                 
0000780d  _c_int00_noargs                                
00007841  __aeabi_i2d                                    
0000786f  __TI_zero_init_nomemset                        
0000788b  memccpy                                        
000078a7  copysign                                       
000078a7  copysignl                                      
000078d9  strchr                                         
000078ef  strlen                                         
00007903  wcslen                                         
00007915  __TI_decompress_none                           
00007923  Reset_Handler                                  
0000792f  ADC14_IRQHandler                               
0000792f  AES256_IRQHandler                              
0000792f  BusFault_Handler                               
0000792f  COMP_E0_IRQHandler                             
0000792f  COMP_E1_IRQHandler                             
0000792f  CS_IRQHandler                                  
0000792f  DMA_ERR_IRQHandler                             
0000792f  DMA_INT0_IRQHandler                            
0000792f  DMA_INT1_IRQHandler                            
0000792f  DMA_INT2_IRQHandler                            
0000792f  DMA_INT3_IRQHandler                            
0000792f  DebugMon_Handler                               
0000792f  Default_Handler                                
0000792f  EUSCIA0_IRQHandler                             
0000792f  EUSCIA1_IRQHandler                             
0000792f  EUSCIA2_IRQHandler                             
0000792f  EUSCIA3_IRQHandler                             
0000792f  EUSCIB0_IRQHandler                             
0000792f  EUSCIB1_IRQHandler                             
0000792f  EUSCIB2_IRQHandler                             
0000792f  EUSCIB3_IRQHandler                             
0000792f  FLCTL_IRQHandler                               
0000792f  FPU_IRQHandler                                 
0000792f  HardFault_Handler                              
0000792f  MemManage_Handler                              
0000792f  NMI_Handler                                    
0000792f  PCM_IRQHandler                                 
0000792f  PORT1_IRQHandler                               
0000792f  PORT2_IRQHandler                               
0000792f  PORT3_IRQHandler                               
0000792f  PORT5_IRQHandler                               
0000792f  PORT6_IRQHandler                               
0000792f  PSS_IRQHandler                                 
0000792f  PendSV_Handler                                 
0000792f  RTC_C_IRQHandler                               
0000792f  SVC_Handler                                    
0000792f  SysTick_Handler                                
0000792f  T32_INT1_IRQHandler                            
0000792f  T32_INT2_IRQHandler                            
0000792f  T32_INTC_IRQHandler                            
0000792f  TA0_0_IRQHandler                               
0000792f  TA0_N_IRQHandler                               
0000792f  TA1_N_IRQHandler                               
0000792f  TA2_0_IRQHandler                               
0000792f  TA2_N_IRQHandler                               
0000792f  TA3_0_IRQHandler                               
0000792f  TA3_N_IRQHandler                               
0000792f  UsageFault_Handler                             
0000792f  WDT_A_IRQHandler                               
0000793d  __aeabi_errno_addr                             
00007945  _system_pre_init                               
00007949  C$$EXIT                                        
00007949  abort                                          
00007b2c  _ctypes_                                       
00007d24  Masks                                          
00007dac  __TI_Handler_Table_Base                        
00007db8  __TI_Handler_Table_Limit                       
00007dc8  __TI_CINIT_Base                                
00007de0  __TI_CINIT_Limit                               
20000000  __start___llvm_prf_cnts                        
20000000  __stop___llvm_prf_cnts                         
20000000  g_pfnRAMVectors                                
200000e8  Screen                                         
200002e8  BumpTask                                       
200002ec  TimerTask                                      
200002f0  ReflectanceRead                                
200002f1  bumpData                                       
20000334  upDownConfig                                   
2000034c  compareConfig_PWM1                             
2000035c  compareConfig_PWM2                             
2000036c  TIMERA1_PERIOD                                 
20000370  count                                          
20000374  errno                                          
20000378  SystemCoreClock                                
2000fe00  __stack                                        
20010000  __STACK_END                                    
4000480c  WDTCTL_SYM                                     
ffffffff  __TI_pprof_out_hndl                            
ffffffff  __TI_prof_data_size                            
ffffffff  __TI_prof_data_start                           
ffffffff  __binit__                                      
ffffffff  __c_args__                                     
ffffffff  binit                                          
UNDEFED   __mpu_init                                     
UNDEFED   _system_post_cinit                             

[398 symbols]
