<?xml version="1.0" encoding="ISO-8859-1" ?>
<link_info>
   <banner>TI ARM Linker PC v20.2.5.LTS</banner>
   <copyright>Copyright (c) 1996-2018 Texas Instruments Incorporated</copyright>
   <link_time>0x6182b3ee</link_time>
   <link_errors>0x0</link_errors>
   <output_file>DriverLibrary.out</output_file>
   <entry_point>
      <name>_c_int00_noargs</name>
      <address>0x6c3d</address>
   </entry_point>
   <input_file_list>
      <input_file id="fl-2">
         <path>.\</path>
         <kind>object</kind>
         <file>Bump.obj</file>
         <name>Bump.obj</name>
      </input_file>
      <input_file id="fl-3">
         <path>.\</path>
         <kind>object</kind>
         <file>Clock_DL.obj</file>
         <name>Clock_DL.obj</name>
      </input_file>
      <input_file id="fl-4">
         <path>.\</path>
         <kind>object</kind>
         <file>FSM.obj</file>
         <name>FSM.obj</name>
      </input_file>
      <input_file id="fl-5">
         <path>.\</path>
         <kind>object</kind>
         <file>FSMSwitchDebounce.obj</file>
         <name>FSMSwitchDebounce.obj</name>
      </input_file>
      <input_file id="fl-6">
         <path>.\</path>
         <kind>object</kind>
         <file>LaunchPad.obj</file>
         <name>LaunchPad.obj</name>
      </input_file>
      <input_file id="fl-7">
         <path>.\</path>
         <kind>object</kind>
         <file>Motor_Skeleton.obj</file>
         <name>Motor_Skeleton.obj</name>
      </input_file>
      <input_file id="fl-8">
         <path>.\</path>
         <kind>object</kind>
         <file>Nokia5110_skeleton.obj</file>
         <name>Nokia5110_skeleton.obj</name>
      </input_file>
      <input_file id="fl-9">
         <path>.\</path>
         <kind>object</kind>
         <file>PWM.obj</file>
         <name>PWM.obj</name>
      </input_file>
      <input_file id="fl-a">
         <path>.\</path>
         <kind>object</kind>
         <file>Reflectance.obj</file>
         <name>Reflectance.obj</name>
      </input_file>
      <input_file id="fl-b">
         <path>.\</path>
         <kind>object</kind>
         <file>Switch.obj</file>
         <name>Switch.obj</name>
      </input_file>
      <input_file id="fl-c">
         <path>.\</path>
         <kind>object</kind>
         <file>TimerA1_skeleton.obj</file>
         <name>TimerA1_skeleton.obj</name>
      </input_file>
      <input_file id="fl-d">
         <path>.\</path>
         <kind>object</kind>
         <file>adc14.obj</file>
         <name>adc14.obj</name>
      </input_file>
      <input_file id="fl-e">
         <path>.\</path>
         <kind>object</kind>
         <file>aes256.obj</file>
         <name>aes256.obj</name>
      </input_file>
      <input_file id="fl-f">
         <path>.\</path>
         <kind>object</kind>
         <file>comp_e.obj</file>
         <name>comp_e.obj</name>
      </input_file>
      <input_file id="fl-10">
         <path>.\</path>
         <kind>object</kind>
         <file>cpu.obj</file>
         <name>cpu.obj</name>
      </input_file>
      <input_file id="fl-11">
         <path>.\</path>
         <kind>object</kind>
         <file>crc32.obj</file>
         <name>crc32.obj</name>
      </input_file>
      <input_file id="fl-12">
         <path>.\</path>
         <kind>object</kind>
         <file>cs.obj</file>
         <name>cs.obj</name>
      </input_file>
      <input_file id="fl-13">
         <path>.\</path>
         <kind>object</kind>
         <file>dma.obj</file>
         <name>dma.obj</name>
      </input_file>
      <input_file id="fl-14">
         <path>.\</path>
         <kind>object</kind>
         <file>flash.obj</file>
         <name>flash.obj</name>
      </input_file>
      <input_file id="fl-15">
         <path>.\</path>
         <kind>object</kind>
         <file>fpu.obj</file>
         <name>fpu.obj</name>
      </input_file>
      <input_file id="fl-16">
         <path>.\</path>
         <kind>object</kind>
         <file>gpio.obj</file>
         <name>gpio.obj</name>
      </input_file>
      <input_file id="fl-17">
         <path>.\</path>
         <kind>object</kind>
         <file>i2c.obj</file>
         <name>i2c.obj</name>
      </input_file>
      <input_file id="fl-18">
         <path>.\</path>
         <kind>object</kind>
         <file>interrupt.obj</file>
         <name>interrupt.obj</name>
      </input_file>
      <input_file id="fl-19">
         <path>.\</path>
         <kind>object</kind>
         <file>main.obj</file>
         <name>main.obj</name>
      </input_file>
      <input_file id="fl-1a">
         <path>.\</path>
         <kind>object</kind>
         <file>mpu.obj</file>
         <name>mpu.obj</name>
      </input_file>
      <input_file id="fl-1b">
         <path>.\</path>
         <kind>object</kind>
         <file>pcm.obj</file>
         <name>pcm.obj</name>
      </input_file>
      <input_file id="fl-1c">
         <path>.\</path>
         <kind>object</kind>
         <file>pmap.obj</file>
         <name>pmap.obj</name>
      </input_file>
      <input_file id="fl-1d">
         <path>.\</path>
         <kind>object</kind>
         <file>pss.obj</file>
         <name>pss.obj</name>
      </input_file>
      <input_file id="fl-1e">
         <path>.\</path>
         <kind>object</kind>
         <file>ref_a.obj</file>
         <name>ref_a.obj</name>
      </input_file>
      <input_file id="fl-1f">
         <path>.\</path>
         <kind>object</kind>
         <file>reset.obj</file>
         <name>reset.obj</name>
      </input_file>
      <input_file id="fl-20">
         <path>.\</path>
         <kind>object</kind>
         <file>rtc_c.obj</file>
         <name>rtc_c.obj</name>
      </input_file>
      <input_file id="fl-21">
         <path>.\</path>
         <kind>object</kind>
         <file>spi.obj</file>
         <name>spi.obj</name>
      </input_file>
      <input_file id="fl-22">
         <path>.\</path>
         <kind>object</kind>
         <file>startup_msp432p401r_ccs.obj</file>
         <name>startup_msp432p401r_ccs.obj</name>
      </input_file>
      <input_file id="fl-23">
         <path>.\</path>
         <kind>object</kind>
         <file>sysctl.obj</file>
         <name>sysctl.obj</name>
      </input_file>
      <input_file id="fl-24">
         <path>.\</path>
         <kind>object</kind>
         <file>system_msp432p401r.obj</file>
         <name>system_msp432p401r.obj</name>
      </input_file>
      <input_file id="fl-25">
         <path>.\</path>
         <kind>object</kind>
         <file>systick.obj</file>
         <name>systick.obj</name>
      </input_file>
      <input_file id="fl-26">
         <path>.\</path>
         <kind>object</kind>
         <file>timer32.obj</file>
         <name>timer32.obj</name>
      </input_file>
      <input_file id="fl-27">
         <path>.\</path>
         <kind>object</kind>
         <file>timer_a.obj</file>
         <name>timer_a.obj</name>
      </input_file>
      <input_file id="fl-28">
         <path>.\</path>
         <kind>object</kind>
         <file>uart.obj</file>
         <name>uart.obj</name>
      </input_file>
      <input_file id="fl-29">
         <path>.\</path>
         <kind>object</kind>
         <file>wdt_a.obj</file>
         <name>wdt_a.obj</name>
      </input_file>
      <input_file id="fl-2d">
         <kind>object</kind>
         <file>&lt;internal&gt;</file>
         <name>&lt;internal&gt;</name>
      </input_file>
      <input_file id="fl-e3">
         <path>C:\ti\ccs1040\ccs\tools\compiler\ti-cgt-arm_20.2.5.LTS\lib\</path>
         <kind>archive</kind>
         <file>rtsv7M4_T_le_v4SPD16_eabi.lib</file>
         <name>sprintf.c.obj</name>
      </input_file>
      <input_file id="fl-e4">
         <path>C:\ti\ccs1040\ccs\tools\compiler\ti-cgt-arm_20.2.5.LTS\lib\</path>
         <kind>archive</kind>
         <file>rtsv7M4_T_le_v4SPD16_eabi.lib</file>
         <name>memcpy_t2.asm.obj</name>
      </input_file>
      <input_file id="fl-e5">
         <path>C:\ti\ccs1040\ccs\tools\compiler\ti-cgt-arm_20.2.5.LTS\lib\</path>
         <kind>archive</kind>
         <file>rtsv7M4_T_le_v4SPD16_eabi.lib</file>
         <name>copy_zero_init.c.obj</name>
      </input_file>
      <input_file id="fl-e6">
         <path>C:\ti\ccs1040\ccs\tools\compiler\ti-cgt-arm_20.2.5.LTS\lib\</path>
         <kind>archive</kind>
         <file>rtsv7M4_T_le_v4SPD16_eabi.lib</file>
         <name>copy_decompress_none.c.obj</name>
      </input_file>
      <input_file id="fl-e7">
         <path>C:\ti\ccs1040\ccs\tools\compiler\ti-cgt-arm_20.2.5.LTS\lib\</path>
         <kind>archive</kind>
         <file>rtsv7M4_T_le_v4SPD16_eabi.lib</file>
         <name>copy_decompress_lzss.c.obj</name>
      </input_file>
      <input_file id="fl-e8">
         <path>C:\ti\ccs1040\ccs\tools\compiler\ti-cgt-arm_20.2.5.LTS\lib\</path>
         <kind>archive</kind>
         <file>rtsv7M4_T_le_v4SPD16_eabi.lib</file>
         <name>boot_cortex_m.c.obj</name>
      </input_file>
      <input_file id="fl-e9">
         <path>C:\ti\ccs1040\ccs\tools\compiler\ti-cgt-arm_20.2.5.LTS\lib\</path>
         <kind>archive</kind>
         <file>rtsv7M4_T_le_v4SPD16_eabi.lib</file>
         <name>_printfi.c.obj</name>
      </input_file>
      <input_file id="fl-ea">
         <path>C:\ti\ccs1040\ccs\tools\compiler\ti-cgt-arm_20.2.5.LTS\lib\</path>
         <kind>archive</kind>
         <file>rtsv7M4_T_le_v4SPD16_eabi.lib</file>
         <name>s_frexp.c.obj</name>
      </input_file>
      <input_file id="fl-eb">
         <path>C:\ti\ccs1040\ccs\tools\compiler\ti-cgt-arm_20.2.5.LTS\lib\</path>
         <kind>archive</kind>
         <file>rtsv7M4_T_le_v4SPD16_eabi.lib</file>
         <name>s_scalbn.c.obj</name>
      </input_file>
      <input_file id="fl-ec">
         <path>C:\ti\ccs1040\ccs\tools\compiler\ti-cgt-arm_20.2.5.LTS\lib\</path>
         <kind>archive</kind>
         <file>rtsv7M4_T_le_v4SPD16_eabi.lib</file>
         <name>wcslen.c.obj</name>
      </input_file>
      <input_file id="fl-ed">
         <path>C:\ti\ccs1040\ccs\tools\compiler\ti-cgt-arm_20.2.5.LTS\lib\</path>
         <kind>archive</kind>
         <file>rtsv7M4_T_le_v4SPD16_eabi.lib</file>
         <name>fd_add_t2.asm.obj</name>
      </input_file>
      <input_file id="fl-ee">
         <path>C:\ti\ccs1040\ccs\tools\compiler\ti-cgt-arm_20.2.5.LTS\lib\</path>
         <kind>archive</kind>
         <file>rtsv7M4_T_le_v4SPD16_eabi.lib</file>
         <name>fd_cmp_t2.asm.obj</name>
      </input_file>
      <input_file id="fl-ef">
         <path>C:\ti\ccs1040\ccs\tools\compiler\ti-cgt-arm_20.2.5.LTS\lib\</path>
         <kind>archive</kind>
         <file>rtsv7M4_T_le_v4SPD16_eabi.lib</file>
         <name>fd_div_t2.asm.obj</name>
      </input_file>
      <input_file id="fl-f0">
         <path>C:\ti\ccs1040\ccs\tools\compiler\ti-cgt-arm_20.2.5.LTS\lib\</path>
         <kind>archive</kind>
         <file>rtsv7M4_T_le_v4SPD16_eabi.lib</file>
         <name>fd_mul_t2.asm.obj</name>
      </input_file>
      <input_file id="fl-f1">
         <path>C:\ti\ccs1040\ccs\tools\compiler\ti-cgt-arm_20.2.5.LTS\lib\</path>
         <kind>archive</kind>
         <file>rtsv7M4_T_le_v4SPD16_eabi.lib</file>
         <name>fd_toi_t2.asm.obj</name>
      </input_file>
      <input_file id="fl-f2">
         <path>C:\ti\ccs1040\ccs\tools\compiler\ti-cgt-arm_20.2.5.LTS\lib\</path>
         <kind>archive</kind>
         <file>rtsv7M4_T_le_v4SPD16_eabi.lib</file>
         <name>i_tofd_t2.asm.obj</name>
      </input_file>
      <input_file id="fl-f3">
         <path>C:\ti\ccs1040\ccs\tools\compiler\ti-cgt-arm_20.2.5.LTS\lib\</path>
         <kind>archive</kind>
         <file>rtsv7M4_T_le_v4SPD16_eabi.lib</file>
         <name>ull_div_t2.asm.obj</name>
      </input_file>
      <input_file id="fl-f4">
         <path>C:\ti\ccs1040\ccs\tools\compiler\ti-cgt-arm_20.2.5.LTS\lib\</path>
         <kind>archive</kind>
         <file>rtsv7M4_T_le_v4SPD16_eabi.lib</file>
         <name>memset_t2.asm.obj</name>
      </input_file>
      <input_file id="fl-f5">
         <path>C:\ti\ccs1040\ccs\tools\compiler\ti-cgt-arm_20.2.5.LTS\lib\</path>
         <kind>archive</kind>
         <file>rtsv7M4_T_le_v4SPD16_eabi.lib</file>
         <name>autoinit.c.obj</name>
      </input_file>
      <input_file id="fl-f6">
         <path>C:\ti\ccs1040\ccs\tools\compiler\ti-cgt-arm_20.2.5.LTS\lib\</path>
         <kind>archive</kind>
         <file>rtsv7M4_T_le_v4SPD16_eabi.lib</file>
         <name>pre_init.c.obj</name>
      </input_file>
      <input_file id="fl-f7">
         <path>C:\ti\ccs1040\ccs\tools\compiler\ti-cgt-arm_20.2.5.LTS\lib\</path>
         <kind>archive</kind>
         <file>rtsv7M4_T_le_v4SPD16_eabi.lib</file>
         <name>cpy_tbl.c.obj</name>
      </input_file>
      <input_file id="fl-f8">
         <path>C:\ti\ccs1040\ccs\tools\compiler\ti-cgt-arm_20.2.5.LTS\lib\</path>
         <kind>archive</kind>
         <file>rtsv7M4_T_le_v4SPD16_eabi.lib</file>
         <name>exit.c.obj</name>
      </input_file>
      <input_file id="fl-f9">
         <path>C:\ti\ccs1040\ccs\tools\compiler\ti-cgt-arm_20.2.5.LTS\lib\</path>
         <kind>archive</kind>
         <file>rtsv7M4_T_le_v4SPD16_eabi.lib</file>
         <name>_lock.c.obj</name>
      </input_file>
      <input_file id="fl-fa">
         <path>C:\ti\ccs1040\ccs\tools\compiler\ti-cgt-arm_20.2.5.LTS\lib\</path>
         <kind>archive</kind>
         <file>rtsv7M4_T_le_v4SPD16_eabi.lib</file>
         <name>_ltoa.c.obj</name>
      </input_file>
      <input_file id="fl-fb">
         <path>C:\ti\ccs1040\ccs\tools\compiler\ti-cgt-arm_20.2.5.LTS\lib\</path>
         <kind>archive</kind>
         <file>rtsv7M4_T_le_v4SPD16_eabi.lib</file>
         <name>args_main.c.obj</name>
      </input_file>
      <input_file id="fl-fc">
         <path>C:\ti\ccs1040\ccs\tools\compiler\ti-cgt-arm_20.2.5.LTS\lib\</path>
         <kind>archive</kind>
         <file>rtsv7M4_T_le_v4SPD16_eabi.lib</file>
         <name>atoi.c.obj</name>
      </input_file>
      <input_file id="fl-fd">
         <path>C:\ti\ccs1040\ccs\tools\compiler\ti-cgt-arm_20.2.5.LTS\lib\</path>
         <kind>archive</kind>
         <file>rtsv7M4_T_le_v4SPD16_eabi.lib</file>
         <name>ctype.c.obj</name>
      </input_file>
      <input_file id="fl-fe">
         <path>C:\ti\ccs1040\ccs\tools\compiler\ti-cgt-arm_20.2.5.LTS\lib\</path>
         <kind>archive</kind>
         <file>rtsv7M4_T_le_v4SPD16_eabi.lib</file>
         <name>memccpy.c.obj</name>
      </input_file>
      <input_file id="fl-ff">
         <path>C:\ti\ccs1040\ccs\tools\compiler\ti-cgt-arm_20.2.5.LTS\lib\</path>
         <kind>archive</kind>
         <file>rtsv7M4_T_le_v4SPD16_eabi.lib</file>
         <name>strchr.c.obj</name>
      </input_file>
      <input_file id="fl-100">
         <path>C:\ti\ccs1040\ccs\tools\compiler\ti-cgt-arm_20.2.5.LTS\lib\</path>
         <kind>archive</kind>
         <file>rtsv7M4_T_le_v4SPD16_eabi.lib</file>
         <name>strlen.c.obj</name>
      </input_file>
      <input_file id="fl-101">
         <path>C:\ti\ccs1040\ccs\tools\compiler\ti-cgt-arm_20.2.5.LTS\lib\</path>
         <kind>archive</kind>
         <file>rtsv7M4_T_le_v4SPD16_eabi.lib</file>
         <name>errno.c.obj</name>
      </input_file>
      <input_file id="fl-102">
         <path>C:\ti\ccs1040\ccs\tools\compiler\ti-cgt-arm_20.2.5.LTS\lib\</path>
         <kind>archive</kind>
         <file>rtsv7M4_T_le_v4SPD16_eabi.lib</file>
         <name>s_copysign.c.obj</name>
      </input_file>
      <input_file id="fl-103">
         <path>C:\ti\ccs1040\ccs\tools\compiler\ti-cgt-arm_20.2.5.LTS\lib\</path>
         <kind>archive</kind>
         <file>rtsv7M4_T_le_v4SPD16_eabi.lib</file>
         <name>div0.asm.obj</name>
      </input_file>
   </input_file_list>
   <object_component_list>
      <object_component id="oc-26">
         <name>.intvecs:retain</name>
         <load_address>0x0</load_address>
         <run_address>0x0</run_address>
         <size>0xe4</size>
         <input_file_ref idref="fl-22"/>
      </object_component>
      <object_component id="oc-19c">
         <name>.text</name>
         <load_address>0xe4</load_address>
         <run_address>0xe4</run_address>
         <size>0x15a8</size>
         <input_file_ref idref="fl-14"/>
      </object_component>
      <object_component id="oc-190">
         <name>.text</name>
         <load_address>0x168c</load_address>
         <run_address>0x168c</run_address>
         <size>0xc5c</size>
         <input_file_ref idref="fl-12"/>
      </object_component>
      <object_component id="oc-20c">
         <name>.text:__TI_printfi</name>
         <load_address>0x22e8</load_address>
         <run_address>0x22e8</run_address>
         <size>0xa4e</size>
         <input_file_ref idref="fl-e9"/>
      </object_component>
      <object_component id="oc-352">
         <name>.text</name>
         <load_address>0x2d36</load_address>
         <run_address>0x2d36</run_address>
         <size>0x2</size>
         <input_file_ref idref="fl-103"/>
      </object_component>
      <object_component id="oc-196">
         <name>.text</name>
         <load_address>0x2d38</load_address>
         <run_address>0x2d38</run_address>
         <size>0x834</size>
         <input_file_ref idref="fl-1b"/>
      </object_component>
      <object_component id="oc-b8">
         <name>.text</name>
         <load_address>0x356c</load_address>
         <run_address>0x356c</run_address>
         <size>0x798</size>
         <input_file_ref idref="fl-27"/>
      </object_component>
      <object_component id="oc-fc">
         <name>.text</name>
         <load_address>0x3d04</load_address>
         <run_address>0x3d04</run_address>
         <size>0x590</size>
         <input_file_ref idref="fl-8"/>
      </object_component>
      <object_component id="oc-1ff">
         <name>.text</name>
         <load_address>0x4294</load_address>
         <run_address>0x4294</run_address>
         <size>0x554</size>
         <input_file_ref idref="fl-20"/>
      </object_component>
      <object_component id="oc-d5">
         <name>.text</name>
         <load_address>0x47e8</load_address>
         <run_address>0x47e8</run_address>
         <size>0x480</size>
         <input_file_ref idref="fl-16"/>
      </object_component>
      <object_component id="oc-be">
         <name>.text</name>
         <load_address>0x4c68</load_address>
         <run_address>0x4c68</run_address>
         <size>0x40c</size>
         <input_file_ref idref="fl-18"/>
      </object_component>
      <object_component id="oc-b1">
         <name>.text</name>
         <load_address>0x5074</load_address>
         <run_address>0x5074</run_address>
         <size>0x334</size>
         <input_file_ref idref="fl-24"/>
      </object_component>
      <object_component id="oc-28f">
         <name>.text:_pconv_a</name>
         <load_address>0x53a8</load_address>
         <run_address>0x53a8</run_address>
         <size>0x270</size>
         <input_file_ref idref="fl-e9"/>
      </object_component>
      <object_component id="oc-1f1">
         <name>.text</name>
         <load_address>0x5618</load_address>
         <run_address>0x5618</run_address>
         <size>0x248</size>
         <input_file_ref idref="fl-23"/>
      </object_component>
      <object_component id="oc-27d">
         <name>.text:_pconv_g</name>
         <load_address>0x5860</load_address>
         <run_address>0x5860</run_address>
         <size>0x1d0</size>
         <input_file_ref idref="fl-e9"/>
      </object_component>
      <object_component id="oc-2f9">
         <name>.text</name>
         <load_address>0x5a30</load_address>
         <run_address>0x5a30</run_address>
         <size>0x1b6</size>
         <input_file_ref idref="fl-ed"/>
      </object_component>
      <object_component id="oc-73">
         <name>.text</name>
         <load_address>0x5be8</load_address>
         <run_address>0x5be8</run_address>
         <size>0x174</size>
         <input_file_ref idref="fl-2"/>
      </object_component>
      <object_component id="oc-289">
         <name>.text:_pconv_e</name>
         <load_address>0x5d5c</load_address>
         <run_address>0x5d5c</run_address>
         <size>0x13c</size>
         <input_file_ref idref="fl-e9"/>
      </object_component>
      <object_component id="oc-2df">
         <name>.text</name>
         <load_address>0x5e98</load_address>
         <run_address>0x5e98</run_address>
         <size>0x136</size>
         <input_file_ref idref="fl-ef"/>
      </object_component>
      <object_component id="oc-30b">
         <name>.text:fcvt</name>
         <load_address>0x5fd0</load_address>
         <run_address>0x5fd0</run_address>
         <size>0x124</size>
         <input_file_ref idref="fl-e9"/>
      </object_component>
      <object_component id="oc-31f">
         <name>.text:scalbn</name>
         <load_address>0x60f4</load_address>
         <run_address>0x60f4</run_address>
         <size>0x110</size>
         <input_file_ref idref="fl-eb"/>
      </object_component>
      <object_component id="oc-2da">
         <name>.text</name>
         <load_address>0x6204</load_address>
         <run_address>0x6204</run_address>
         <size>0xfc</size>
         <input_file_ref idref="fl-f0"/>
      </object_component>
      <object_component id="oc-1f9">
         <name>.text</name>
         <load_address>0x6300</load_address>
         <run_address>0x6300</run_address>
         <size>0xd8</size>
         <input_file_ref idref="fl-29"/>
      </object_component>
      <object_component id="oc-f6">
         <name>.text</name>
         <load_address>0x63d8</load_address>
         <run_address>0x63d8</run_address>
         <size>0xb4</size>
         <input_file_ref idref="fl-3"/>
      </object_component>
      <object_component id="oc-272">
         <name>.text:_ltostr</name>
         <load_address>0x648c</load_address>
         <run_address>0x648c</run_address>
         <size>0xb1</size>
         <input_file_ref idref="fl-e9"/>
      </object_component>
      <object_component id="oc-37">
         <name>.text</name>
         <load_address>0x653e</load_address>
         <run_address>0x653e</run_address>
         <size>0x9c</size>
         <input_file_ref idref="fl-e4"/>
      </object_component>
      <object_component id="oc-2d3">
         <name>.text</name>
         <load_address>0x65da</load_address>
         <run_address>0x65da</run_address>
         <size>0x96</size>
         <input_file_ref idref="fl-f3"/>
      </object_component>
      <object_component id="oc-278">
         <name>.text:__aeabi_cdcmple</name>
         <load_address>0x6670</load_address>
         <run_address>0x6670</run_address>
         <size>0x86</size>
         <input_file_ref idref="fl-ee"/>
      </object_component>
      <object_component id="oc-2e4">
         <name>.text:__aeabi_cdrcmple</name>
         <load_address>0x66f6</load_address>
         <run_address>0x66f6</run_address>
         <size>0x86</size>
         <input_file_ref idref="fl-ee"/>
      </object_component>
      <object_component id="oc-6d">
         <name>.text</name>
         <load_address>0x677c</load_address>
         <run_address>0x677c</run_address>
         <size>0x7c</size>
         <input_file_ref idref="fl-c"/>
      </object_component>
      <object_component id="oc-93">
         <name>.text</name>
         <load_address>0x67f8</load_address>
         <run_address>0x67f8</run_address>
         <size>0x7a</size>
         <input_file_ref idref="fl-f4"/>
      </object_component>
      <object_component id="oc-304">
         <name>.text:_mcpy</name>
         <load_address>0x6872</load_address>
         <run_address>0x6872</run_address>
         <size>0x6e</size>
         <input_file_ref idref="fl-e9"/>
      </object_component>
      <object_component id="oc-17">
         <name>.text:decompress:lzss:__TI_decompress_lzss</name>
         <load_address>0x68e0</load_address>
         <run_address>0x68e0</run_address>
         <size>0x68</size>
         <input_file_ref idref="fl-e7"/>
      </object_component>
      <object_component id="oc-319">
         <name>.text:frexp</name>
         <load_address>0x6948</load_address>
         <run_address>0x6948</run_address>
         <size>0x64</size>
         <input_file_ref idref="fl-ea"/>
      </object_component>
      <object_component id="oc-283">
         <name>.text:_pconv_f</name>
         <load_address>0x69ac</load_address>
         <run_address>0x69ac</run_address>
         <size>0x56</size>
         <input_file_ref idref="fl-e9"/>
      </object_component>
      <object_component id="oc-2ee">
         <name>.text:__TI_ltoa</name>
         <load_address>0x6a02</load_address>
         <run_address>0x6a02</run_address>
         <size>0x54</size>
         <input_file_ref idref="fl-fa"/>
      </object_component>
      <object_component id="oc-2fe">
         <name>.text:_ecpy</name>
         <load_address>0x6a56</load_address>
         <run_address>0x6a56</run_address>
         <size>0x52</size>
         <input_file_ref idref="fl-e9"/>
      </object_component>
      <object_component id="oc-26c">
         <name>.text:atoi</name>
         <load_address>0x6aa8</load_address>
         <run_address>0x6aa8</run_address>
         <size>0x4c</size>
         <input_file_ref idref="fl-fc"/>
      </object_component>
      <object_component id="oc-2e9">
         <name>.text</name>
         <load_address>0x6af4</load_address>
         <run_address>0x6af4</run_address>
         <size>0x48</size>
         <input_file_ref idref="fl-f1"/>
      </object_component>
      <object_component id="oc-10f">
         <name>.text:__TI_auto_init_nobinit_nopinit:__TI_auto_init_nobinit_nopinit</name>
         <load_address>0x6b3c</load_address>
         <run_address>0x6b3c</run_address>
         <size>0x44</size>
         <input_file_ref idref="fl-f5"/>
      </object_component>
      <object_component id="oc-1a3">
         <name>.text:sprintf</name>
         <load_address>0x6b80</load_address>
         <run_address>0x6b80</run_address>
         <size>0x40</size>
         <input_file_ref idref="fl-e3"/>
      </object_component>
      <object_component id="oc-311">
         <name>.text:_fcpy</name>
         <load_address>0x6bc0</load_address>
         <run_address>0x6bc0</run_address>
         <size>0x3e</size>
         <input_file_ref idref="fl-e9"/>
      </object_component>
      <object_component id="oc-14c">
         <name>.text</name>
         <load_address>0x6bfe</load_address>
         <run_address>0x6bfe</run_address>
         <size>0x3e</size>
         <input_file_ref idref="fl-10"/>
      </object_component>
      <object_component id="oc-55">
         <name>.text:_c_int00_noargs:_c_int00_noargs</name>
         <load_address>0x6c3c</load_address>
         <run_address>0x6c3c</run_address>
         <size>0x34</size>
         <input_file_ref idref="fl-e8"/>
      </object_component>
      <object_component id="oc-2f4">
         <name>.text</name>
         <load_address>0x6c70</load_address>
         <run_address>0x6c70</run_address>
         <size>0x2e</size>
         <input_file_ref idref="fl-f2"/>
      </object_component>
      <object_component id="oc-9f">
         <name>.text</name>
         <load_address>0x6ca0</load_address>
         <run_address>0x6ca0</run_address>
         <size>0x2c</size>
         <input_file_ref idref="fl-19"/>
      </object_component>
      <object_component id="oc-43">
         <name>.text:decompress:ZI:__TI_zero_init_nomemset:__TI_zero_init_nomemset</name>
         <load_address>0x6ccc</load_address>
         <run_address>0x6ccc</run_address>
         <size>0x1c</size>
         <input_file_ref idref="fl-e5"/>
      </object_component>
      <object_component id="oc-295">
         <name>.text:memccpy</name>
         <load_address>0x6ce8</load_address>
         <run_address>0x6ce8</run_address>
         <size>0x1c</size>
         <input_file_ref idref="fl-fe"/>
      </object_component>
      <object_component id="oc-36b">
         <name>.text:copysign</name>
         <load_address>0x6d04</load_address>
         <run_address>0x6d04</run_address>
         <size>0x1a</size>
         <input_file_ref idref="fl-102"/>
      </object_component>
      <object_component id="oc-212">
         <name>.text:_outs</name>
         <load_address>0x6d1e</load_address>
         <run_address>0x6d1e</run_address>
         <size>0x18</size>
         <input_file_ref idref="fl-e3"/>
      </object_component>
      <object_component id="oc-325">
         <name>.text:strchr</name>
         <load_address>0x6d36</load_address>
         <run_address>0x6d36</run_address>
         <size>0x16</size>
         <input_file_ref idref="fl-ff"/>
      </object_component>
      <object_component id="oc-266">
         <name>.text:strlen</name>
         <load_address>0x6d4c</load_address>
         <run_address>0x6d4c</run_address>
         <size>0x14</size>
         <input_file_ref idref="fl-100"/>
      </object_component>
      <object_component id="oc-29b">
         <name>.text:wcslen</name>
         <load_address>0x6d60</load_address>
         <run_address>0x6d60</run_address>
         <size>0x12</size>
         <input_file_ref idref="fl-ec"/>
      </object_component>
      <object_component id="oc-1d">
         <name>.text:decompress:none:__TI_decompress_none</name>
         <load_address>0x6d72</load_address>
         <run_address>0x6d72</run_address>
         <size>0xe</size>
         <input_file_ref idref="fl-e6"/>
      </object_component>
      <object_component id="oc-67">
         <name>.text</name>
         <load_address>0x6d80</load_address>
         <run_address>0x6d80</run_address>
         <size>0xe</size>
         <input_file_ref idref="fl-22"/>
      </object_component>
      <object_component id="oc-218">
         <name>.text:_outc</name>
         <load_address>0x6d8e</load_address>
         <run_address>0x6d8e</run_address>
         <size>0xa</size>
         <input_file_ref idref="fl-e3"/>
      </object_component>
      <object_component id="oc-2a1">
         <name>.text:__aeabi_errno_addr</name>
         <load_address>0x6d98</load_address>
         <run_address>0x6d98</run_address>
         <size>0x8</size>
         <input_file_ref idref="fl-101"/>
      </object_component>
      <object_component id="oc-99">
         <name>.text:_system_pre_init</name>
         <load_address>0x6da0</load_address>
         <run_address>0x6da0</run_address>
         <size>0x4</size>
         <input_file_ref idref="fl-f6"/>
      </object_component>
      <object_component id="oc-103">
         <name>.text:abort:abort</name>
         <load_address>0x6da4</load_address>
         <run_address>0x6da4</run_address>
         <size>0x4</size>
         <input_file_ref idref="fl-f8"/>
      </object_component>
      <object_component id="oc-1a9">
         <name>.const:ASCII</name>
         <load_address>0x6da8</load_address>
         <run_address>0x6da8</run_address>
         <size>0x1e0</size>
         <input_file_ref idref="fl-8"/>
      </object_component>
      <object_component id="oc-2ce">
         <name>.const:.string:_ctypes_</name>
         <load_address>0x6f88</load_address>
         <run_address>0x6f88</run_address>
         <size>0x101</size>
         <input_file_ref idref="fl-fd"/>
      </object_component>
      <object_component id="oc-158">
         <name>.const:g_pulRegs</name>
         <load_address>0x708c</load_address>
         <run_address>0x708c</run_address>
         <size>0x50</size>
         <input_file_ref idref="fl-18"/>
      </object_component>
      <object_component id="oc-181">
         <name>.const:GPIO_PORT_TO_BASE</name>
         <load_address>0x70dc</load_address>
         <run_address>0x70dc</run_address>
         <size>0x30</size>
         <input_file_ref idref="fl-16"/>
      </object_component>
      <object_component id="oc-155">
         <name>.const:g_pulPriority</name>
         <load_address>0x710c</load_address>
         <run_address>0x710c</run_address>
         <size>0x20</size>
         <input_file_ref idref="fl-18"/>
      </object_component>
      <object_component id="oc-184">
         <name>.const:GPIO_PORT_TO_INT</name>
         <load_address>0x712c</load_address>
         <run_address>0x712c</run_address>
         <size>0x1c</size>
         <input_file_ref idref="fl-16"/>
      </object_component>
      <object_component id="oc-c7">
         <name>.const:$P$T0$1</name>
         <load_address>0x7148</load_address>
         <run_address>0x7148</run_address>
         <size>0x18</size>
         <input_file_ref idref="fl-c"/>
      </object_component>
      <object_component id="oc-1af">
         <name>.const:.string:Masks</name>
         <load_address>0x7160</load_address>
         <run_address>0x7160</run_address>
         <size>0x8</size>
         <input_file_ref idref="fl-8"/>
      </object_component>
      <object_component id="oc-15e">
         <name>.const:g_pulDisRegs</name>
         <load_address>0x7168</load_address>
         <run_address>0x7168</run_address>
         <size>0x8</size>
         <input_file_ref idref="fl-18"/>
      </object_component>
      <object_component id="oc-15b">
         <name>.const:g_pulEnRegs</name>
         <load_address>0x7170</load_address>
         <run_address>0x7170</run_address>
         <size>0x8</size>
         <input_file_ref idref="fl-18"/>
      </object_component>
      <object_component id="oc-161">
         <name>.const:g_pulPendRegs</name>
         <load_address>0x7178</load_address>
         <run_address>0x7178</run_address>
         <size>0x8</size>
         <input_file_ref idref="fl-18"/>
      </object_component>
      <object_component id="oc-164">
         <name>.const:g_pulUnpendRegs</name>
         <load_address>0x7180</load_address>
         <run_address>0x7180</run_address>
         <size>0x8</size>
         <input_file_ref idref="fl-18"/>
      </object_component>
      <object_component id="oc-3ca">
         <name>.cinit..data.load</name>
         <load_address>0x7188</load_address>
         <run_address>0x7188</run_address>
         <size>0x41</size>
      </object_component>
      <object_component id="oc-3c7">
         <name>__TI_handler_table</name>
         <load_address>0x71cc</load_address>
         <run_address>0x71cc</run_address>
         <size>0xc</size>
      </object_component>
      <object_component id="oc-3cb">
         <name>.cinit..bss.load</name>
         <load_address>0x71d8</load_address>
         <run_address>0x71d8</run_address>
         <size>0x8</size>
      </object_component>
      <object_component id="oc-3c9">
         <name>.cinit..vtable.load</name>
         <load_address>0x71e0</load_address>
         <run_address>0x71e0</run_address>
         <size>0x8</size>
      </object_component>
      <object_component id="oc-3c8">
         <name>__TI_cinit_table</name>
         <load_address>0x71e8</load_address>
         <run_address>0x71e8</run_address>
         <size>0x18</size>
      </object_component>
      <object_component id="oc-39b">
         <name>.binit</name>
         <load_address>0x0</load_address>
         <run_address>0x0</run_address>
         <size>0x0</size>
      </object_component>
      <object_component id="oc-152">
         <name>.vtable</name>
         <uninitialized>true</uninitialized>
         <run_address>0x20000000</run_address>
         <size>0xe8</size>
         <input_file_ref idref="fl-18"/>
      </object_component>
      <object_component id="oc-207">
         <name>.data:__getBurstProgramRegs</name>
         <load_address>0x200002f0</load_address>
         <run_address>0x200002f0</run_address>
         <size>0x40</size>
         <input_file_ref idref="fl-14"/>
      </object_component>
      <object_component id="oc-141">
         <name>.data</name>
         <load_address>0x20000334</load_address>
         <run_address>0x20000334</run_address>
         <size>0x4</size>
         <input_file_ref idref="fl-24"/>
      </object_component>
      <object_component id="oc-335">
         <name>.data</name>
         <load_address>0x20000330</load_address>
         <run_address>0x20000330</run_address>
         <size>0x4</size>
         <input_file_ref idref="fl-101"/>
      </object_component>
      <object_component id="oc-1ee">
         <name>.bss</name>
         <uninitialized>true</uninitialized>
         <run_address>0x200002e0</run_address>
         <size>0x8</size>
         <input_file_ref idref="fl-12"/>
      </object_component>
      <object_component id="oc-db">
         <name>.common:BumpTask</name>
         <uninitialized>true</uninitialized>
         <run_address>0x200002e8</run_address>
         <size>0x4</size>
      </object_component>
      <object_component id="oc-1ac">
         <name>.common:Screen</name>
         <uninitialized>true</uninitialized>
         <run_address>0x200000e8</run_address>
         <size>0x1f8</size>
      </object_component>
      <object_component id="oc-c4">
         <name>.common:TimerTask</name>
         <uninitialized>true</uninitialized>
         <run_address>0x200002ec</run_address>
         <size>0x4</size>
      </object_component>
      <object_component id="oc-29">
         <name>.stack</name>
         <uninitialized>true</uninitialized>
         <run_address>0x2000fe00</run_address>
         <size>0x4</size>
         <input_file_ref idref="fl-e8"/>
      </object_component>
      <object_component id="oc-3cd">
         <name>.stack</name>
         <uninitialized>true</uninitialized>
         <run_address>0x2000fe00</run_address>
         <size>0x0</size>
      </object_component>
      <object_component id="oc-dc">
         <name>.debug_info</name>
         <load_address>0x0</load_address>
         <run_address>0x0</run_address>
         <size>0x774</size>
         <input_file_ref idref="fl-2"/>
      </object_component>
      <object_component id="oc-75">
         <name>.debug_info</name>
         <load_address>0x774</load_address>
         <run_address>0x774</run_address>
         <size>0x49a</size>
         <input_file_ref idref="fl-2"/>
      </object_component>
      <object_component id="oc-e1">
         <name>.debug_info</name>
         <load_address>0xc0e</load_address>
         <run_address>0xc0e</run_address>
         <size>0x26b</size>
         <input_file_ref idref="fl-2"/>
      </object_component>
      <object_component id="oc-175">
         <name>.debug_info</name>
         <load_address>0xe79</load_address>
         <run_address>0xe79</run_address>
         <size>0x1055</size>
         <input_file_ref idref="fl-2"/>
      </object_component>
      <object_component id="oc-18b">
         <name>.debug_info</name>
         <load_address>0x1ece</load_address>
         <run_address>0x1ece</run_address>
         <size>0x37e2</size>
         <input_file_ref idref="fl-2"/>
      </object_component>
      <object_component id="oc-252">
         <name>.debug_info</name>
         <load_address>0x56b0</load_address>
         <run_address>0x56b0</run_address>
         <size>0x1b5</size>
         <input_file_ref idref="fl-2"/>
      </object_component>
      <object_component id="oc-25b">
         <name>.debug_info</name>
         <load_address>0x5865</load_address>
         <run_address>0x5865</run_address>
         <size>0xc6</size>
         <input_file_ref idref="fl-2"/>
      </object_component>
      <object_component id="oc-cb">
         <name>.debug_info</name>
         <load_address>0x592b</load_address>
         <run_address>0x592b</run_address>
         <size>0x341</size>
         <input_file_ref idref="fl-2"/>
      </object_component>
      <object_component id="oc-32">
         <name>.debug_info</name>
         <load_address>0x5c6c</load_address>
         <run_address>0x5c6c</run_address>
         <size>0x84</size>
         <input_file_ref idref="fl-2"/>
      </object_component>
      <object_component id="oc-17c">
         <name>.debug_info</name>
         <load_address>0x5cf0</load_address>
         <run_address>0x5cf0</run_address>
         <size>0x2a4</size>
         <input_file_ref idref="fl-2"/>
      </object_component>
      <object_component id="oc-146">
         <name>.debug_info</name>
         <load_address>0x5f94</load_address>
         <run_address>0x5f94</run_address>
         <size>0xef</size>
         <input_file_ref idref="fl-2"/>
      </object_component>
      <object_component id="oc-d0">
         <name>.debug_info</name>
         <load_address>0x6083</load_address>
         <run_address>0x6083</run_address>
         <size>0xbb</size>
         <input_file_ref idref="fl-2"/>
      </object_component>
      <object_component id="oc-f7">
         <name>.debug_info</name>
         <load_address>0x613e</load_address>
         <run_address>0x613e</run_address>
         <size>0x3e2</size>
         <input_file_ref idref="fl-3"/>
      </object_component>
      <object_component id="oc-168">
         <name>.debug_info</name>
         <load_address>0x6520</load_address>
         <run_address>0x6520</run_address>
         <size>0x8b</size>
         <input_file_ref idref="fl-3"/>
      </object_component>
      <object_component id="oc-1ad">
         <name>.debug_info</name>
         <load_address>0x65ab</load_address>
         <run_address>0x65ab</run_address>
         <size>0x6da</size>
         <input_file_ref idref="fl-8"/>
      </object_component>
      <object_component id="oc-1aa">
         <name>.debug_info</name>
         <load_address>0x6c85</load_address>
         <run_address>0x6c85</run_address>
         <size>0xe6</size>
         <input_file_ref idref="fl-8"/>
      </object_component>
      <object_component id="oc-1b0">
         <name>.debug_info</name>
         <load_address>0x6d6b</load_address>
         <run_address>0x6d6b</run_address>
         <size>0xe8</size>
         <input_file_ref idref="fl-8"/>
      </object_component>
      <object_component id="oc-fd">
         <name>.debug_info</name>
         <load_address>0x6e53</load_address>
         <run_address>0x6e53</run_address>
         <size>0x104a</size>
         <input_file_ref idref="fl-8"/>
      </object_component>
      <object_component id="oc-220">
         <name>.debug_info</name>
         <load_address>0x7e9d</load_address>
         <run_address>0x7e9d</run_address>
         <size>0x2c</size>
         <input_file_ref idref="fl-8"/>
      </object_component>
      <object_component id="oc-c5">
         <name>.debug_info</name>
         <load_address>0x7ec9</load_address>
         <run_address>0x7ec9</run_address>
         <size>0x6ae</size>
         <input_file_ref idref="fl-c"/>
      </object_component>
      <object_component id="oc-c8">
         <name>.debug_info</name>
         <load_address>0x8577</load_address>
         <run_address>0x8577</run_address>
         <size>0xe8</size>
         <input_file_ref idref="fl-c"/>
      </object_component>
      <object_component id="oc-6e">
         <name>.debug_info</name>
         <load_address>0x865f</load_address>
         <run_address>0x865f</run_address>
         <size>0x302</size>
         <input_file_ref idref="fl-c"/>
      </object_component>
      <object_component id="oc-170">
         <name>.debug_info</name>
         <load_address>0x8961</load_address>
         <run_address>0x8961</run_address>
         <size>0x37e2</size>
         <input_file_ref idref="fl-c"/>
      </object_component>
      <object_component id="oc-14d">
         <name>.debug_info</name>
         <load_address>0xc143</load_address>
         <run_address>0xc143</run_address>
         <size>0x2c2</size>
         <input_file_ref idref="fl-10"/>
      </object_component>
      <object_component id="oc-1f8">
         <name>.debug_info</name>
         <load_address>0xc405</load_address>
         <run_address>0xc405</run_address>
         <size>0x77b</size>
         <input_file_ref idref="fl-12"/>
      </object_component>
      <object_component id="oc-1ef">
         <name>.debug_info</name>
         <load_address>0xcb80</load_address>
         <run_address>0xcb80</run_address>
         <size>0xfc</size>
         <input_file_ref idref="fl-12"/>
      </object_component>
      <object_component id="oc-191">
         <name>.debug_info</name>
         <load_address>0xcc7c</load_address>
         <run_address>0xcc7c</run_address>
         <size>0x1cee</size>
         <input_file_ref idref="fl-12"/>
      </object_component>
      <object_component id="oc-20b">
         <name>.debug_info</name>
         <load_address>0xe96a</load_address>
         <run_address>0xe96a</run_address>
         <size>0x799</size>
         <input_file_ref idref="fl-14"/>
      </object_component>
      <object_component id="oc-208">
         <name>.debug_info</name>
         <load_address>0xf103</load_address>
         <run_address>0xf103</run_address>
         <size>0xf9</size>
         <input_file_ref idref="fl-14"/>
      </object_component>
      <object_component id="oc-19d">
         <name>.debug_info</name>
         <load_address>0xf1fc</load_address>
         <run_address>0xf1fc</run_address>
         <size>0x367d</size>
         <input_file_ref idref="fl-14"/>
      </object_component>
      <object_component id="oc-188">
         <name>.debug_info</name>
         <load_address>0x12879</load_address>
         <run_address>0x12879</run_address>
         <size>0x684</size>
         <input_file_ref idref="fl-16"/>
      </object_component>
      <object_component id="oc-185">
         <name>.debug_info</name>
         <load_address>0x12efd</load_address>
         <run_address>0x12efd</run_address>
         <size>0xee</size>
         <input_file_ref idref="fl-16"/>
      </object_component>
      <object_component id="oc-182">
         <name>.debug_info</name>
         <load_address>0x12feb</load_address>
         <run_address>0x12feb</run_address>
         <size>0xf0</size>
         <input_file_ref idref="fl-16"/>
      </object_component>
      <object_component id="oc-d6">
         <name>.debug_info</name>
         <load_address>0x130db</load_address>
         <run_address>0x130db</run_address>
         <size>0x16a4</size>
         <input_file_ref idref="fl-16"/>
      </object_component>
      <object_component id="oc-16d">
         <name>.debug_info</name>
         <load_address>0x1477f</load_address>
         <run_address>0x1477f</run_address>
         <size>0x612</size>
         <input_file_ref idref="fl-18"/>
      </object_component>
      <object_component id="oc-156">
         <name>.debug_info</name>
         <load_address>0x14d91</load_address>
         <run_address>0x14d91</run_address>
         <size>0xed</size>
         <input_file_ref idref="fl-18"/>
      </object_component>
      <object_component id="oc-159">
         <name>.debug_info</name>
         <load_address>0x14e7e</load_address>
         <run_address>0x14e7e</run_address>
         <size>0xe5</size>
         <input_file_ref idref="fl-18"/>
      </object_component>
      <object_component id="oc-15c">
         <name>.debug_info</name>
         <load_address>0x14f63</load_address>
         <run_address>0x14f63</run_address>
         <size>0xe9</size>
         <input_file_ref idref="fl-18"/>
      </object_component>
      <object_component id="oc-15f">
         <name>.debug_info</name>
         <load_address>0x1504c</load_address>
         <run_address>0x1504c</run_address>
         <size>0xeb</size>
         <input_file_ref idref="fl-18"/>
      </object_component>
      <object_component id="oc-162">
         <name>.debug_info</name>
         <load_address>0x15137</load_address>
         <run_address>0x15137</run_address>
         <size>0xed</size>
         <input_file_ref idref="fl-18"/>
      </object_component>
      <object_component id="oc-165">
         <name>.debug_info</name>
         <load_address>0x15224</load_address>
         <run_address>0x15224</run_address>
         <size>0xf1</size>
         <input_file_ref idref="fl-18"/>
      </object_component>
      <object_component id="oc-153">
         <name>.debug_info</name>
         <load_address>0x15315</load_address>
         <run_address>0x15315</run_address>
         <size>0xf2</size>
         <input_file_ref idref="fl-18"/>
      </object_component>
      <object_component id="oc-c2">
         <name>.debug_info</name>
         <load_address>0x15407</load_address>
         <run_address>0x15407</run_address>
         <size>0xe93</size>
         <input_file_ref idref="fl-18"/>
      </object_component>
      <object_component id="oc-a2">
         <name>.debug_info</name>
         <load_address>0x1629a</load_address>
         <run_address>0x1629a</run_address>
         <size>0x16b</size>
         <input_file_ref idref="fl-19"/>
      </object_component>
      <object_component id="oc-206">
         <name>.debug_info</name>
         <load_address>0x16405</load_address>
         <run_address>0x16405</run_address>
         <size>0x736</size>
         <input_file_ref idref="fl-1b"/>
      </object_component>
      <object_component id="oc-197">
         <name>.debug_info</name>
         <load_address>0x16b3b</load_address>
         <run_address>0x16b3b</run_address>
         <size>0x1e6e</size>
         <input_file_ref idref="fl-1b"/>
      </object_component>
      <object_component id="oc-25a">
         <name>.debug_info</name>
         <load_address>0x189a9</load_address>
         <run_address>0x189a9</run_address>
         <size>0x66f</size>
         <input_file_ref idref="fl-20"/>
      </object_component>
      <object_component id="oc-200">
         <name>.debug_info</name>
         <load_address>0x19018</load_address>
         <run_address>0x19018</run_address>
         <size>0x1112</size>
         <input_file_ref idref="fl-20"/>
      </object_component>
      <object_component id="oc-7b">
         <name>.debug_info</name>
         <load_address>0x1a12a</load_address>
         <run_address>0x1a12a</run_address>
         <size>0x2d6</size>
         <input_file_ref idref="fl-22"/>
      </object_component>
      <object_component id="oc-27">
         <name>.debug_info</name>
         <load_address>0x1a400</load_address>
         <run_address>0x1a400</run_address>
         <size>0x102</size>
         <input_file_ref idref="fl-22"/>
      </object_component>
      <object_component id="oc-69">
         <name>.debug_info</name>
         <load_address>0x1a502</load_address>
         <run_address>0x1a502</run_address>
         <size>0x1c9</size>
         <input_file_ref idref="fl-22"/>
      </object_component>
      <object_component id="oc-24f">
         <name>.debug_info</name>
         <load_address>0x1a6cb</load_address>
         <run_address>0x1a6cb</run_address>
         <size>0x54a</size>
         <input_file_ref idref="fl-23"/>
      </object_component>
      <object_component id="oc-1f3">
         <name>.debug_info</name>
         <load_address>0x1ac15</load_address>
         <run_address>0x1ac15</run_address>
         <size>0xba2</size>
         <input_file_ref idref="fl-23"/>
      </object_component>
      <object_component id="oc-142">
         <name>.debug_info</name>
         <load_address>0x1b7b7</load_address>
         <run_address>0x1b7b7</run_address>
         <size>0xfb</size>
         <input_file_ref idref="fl-24"/>
      </object_component>
      <object_component id="oc-b3">
         <name>.debug_info</name>
         <load_address>0x1b8b2</load_address>
         <run_address>0x1b8b2</run_address>
         <size>0x26d</size>
         <input_file_ref idref="fl-24"/>
      </object_component>
      <object_component id="oc-14b">
         <name>.debug_info</name>
         <load_address>0x1bb1f</load_address>
         <run_address>0x1bb1f</run_address>
         <size>0x6a8</size>
         <input_file_ref idref="fl-27"/>
      </object_component>
      <object_component id="oc-bb">
         <name>.debug_info</name>
         <load_address>0x1c1c7</load_address>
         <run_address>0x1c1c7</run_address>
         <size>0x2002</size>
         <input_file_ref idref="fl-27"/>
      </object_component>
      <object_component id="oc-258">
         <name>.debug_info</name>
         <load_address>0x1e1c9</load_address>
         <run_address>0x1e1c9</run_address>
         <size>0x712</size>
         <input_file_ref idref="fl-29"/>
      </object_component>
      <object_component id="oc-1fa">
         <name>.debug_info</name>
         <load_address>0x1e8db</load_address>
         <run_address>0x1e8db</run_address>
         <size>0x72a</size>
         <input_file_ref idref="fl-29"/>
      </object_component>
      <object_component id="oc-21f">
         <name>.debug_info</name>
         <load_address>0x1f005</load_address>
         <run_address>0x1f005</run_address>
         <size>0x333</size>
         <input_file_ref idref="fl-e3"/>
      </object_component>
      <object_component id="oc-1a6">
         <name>.debug_info</name>
         <load_address>0x1f338</load_address>
         <run_address>0x1f338</run_address>
         <size>0x1d1</size>
         <input_file_ref idref="fl-e3"/>
      </object_component>
      <object_component id="oc-215">
         <name>.debug_info</name>
         <load_address>0x1f509</load_address>
         <run_address>0x1f509</run_address>
         <size>0x18d</size>
         <input_file_ref idref="fl-e3"/>
      </object_component>
      <object_component id="oc-21b">
         <name>.debug_info</name>
         <load_address>0x1f696</load_address>
         <run_address>0x1f696</run_address>
         <size>0x16d</size>
         <input_file_ref idref="fl-e3"/>
      </object_component>
      <object_component id="oc-33c">
         <name>.debug_info</name>
         <load_address>0x1f803</load_address>
         <run_address>0x1f803</run_address>
         <size>0x2c</size>
         <input_file_ref idref="fl-e3"/>
      </object_component>
      <object_component id="oc-39">
         <name>.debug_info</name>
         <load_address>0x1f82f</load_address>
         <run_address>0x1f82f</run_address>
         <size>0x119</size>
         <input_file_ref idref="fl-e4"/>
      </object_component>
      <object_component id="oc-92">
         <name>.debug_info</name>
         <load_address>0x1f948</load_address>
         <run_address>0x1f948</run_address>
         <size>0x2d4</size>
         <input_file_ref idref="fl-e5"/>
      </object_component>
      <object_component id="oc-44">
         <name>.debug_info</name>
         <load_address>0x1fc1c</load_address>
         <run_address>0x1fc1c</run_address>
         <size>0x1d2</size>
         <input_file_ref idref="fl-e5"/>
      </object_component>
      <object_component id="oc-8d">
         <name>.debug_info</name>
         <load_address>0x1fdee</load_address>
         <run_address>0x1fdee</run_address>
         <size>0x46</size>
         <input_file_ref idref="fl-e5"/>
      </object_component>
      <object_component id="oc-ed">
         <name>.debug_info</name>
         <load_address>0x1fe34</load_address>
         <run_address>0x1fe34</run_address>
         <size>0x2c</size>
         <input_file_ref idref="fl-e5"/>
      </object_component>
      <object_component id="oc-42">
         <name>.debug_info</name>
         <load_address>0x1fe60</load_address>
         <run_address>0x1fe60</run_address>
         <size>0x2a8</size>
         <input_file_ref idref="fl-e6"/>
      </object_component>
      <object_component id="oc-1e">
         <name>.debug_info</name>
         <load_address>0x20108</load_address>
         <run_address>0x20108</run_address>
         <size>0x1ea</size>
         <input_file_ref idref="fl-e6"/>
      </object_component>
      <object_component id="oc-3d">
         <name>.debug_info</name>
         <load_address>0x202f2</load_address>
         <run_address>0x202f2</run_address>
         <size>0x46</size>
         <input_file_ref idref="fl-e6"/>
      </object_component>
      <object_component id="oc-85">
         <name>.debug_info</name>
         <load_address>0x20338</load_address>
         <run_address>0x20338</run_address>
         <size>0x2c</size>
         <input_file_ref idref="fl-e6"/>
      </object_component>
      <object_component id="oc-83">
         <name>.debug_info</name>
         <load_address>0x20364</load_address>
         <run_address>0x20364</run_address>
         <size>0x29e</size>
         <input_file_ref idref="fl-e7"/>
      </object_component>
      <object_component id="oc-1a">
         <name>.debug_info</name>
         <load_address>0x20602</load_address>
         <run_address>0x20602</run_address>
         <size>0x250</size>
         <input_file_ref idref="fl-e7"/>
      </object_component>
      <object_component id="oc-2d">
         <name>.debug_info</name>
         <load_address>0x20852</load_address>
         <run_address>0x20852</run_address>
         <size>0x60</size>
         <input_file_ref idref="fl-e7"/>
      </object_component>
      <object_component id="oc-e6">
         <name>.debug_info</name>
         <load_address>0x208b2</load_address>
         <run_address>0x208b2</run_address>
         <size>0x46</size>
         <input_file_ref idref="fl-e7"/>
      </object_component>
      <object_component id="oc-7e">
         <name>.debug_info</name>
         <load_address>0x208f8</load_address>
         <run_address>0x208f8</run_address>
         <size>0x39</size>
         <input_file_ref idref="fl-e7"/>
      </object_component>
      <object_component id="oc-2a">
         <name>.debug_info</name>
         <load_address>0x20931</load_address>
         <run_address>0x20931</run_address>
         <size>0x10b</size>
         <input_file_ref idref="fl-e8"/>
      </object_component>
      <object_component id="oc-56">
         <name>.debug_info</name>
         <load_address>0x20a3c</load_address>
         <run_address>0x20a3c</run_address>
         <size>0x1a9</size>
         <input_file_ref idref="fl-e8"/>
      </object_component>
      <object_component id="oc-2a8">
         <name>.debug_info</name>
         <load_address>0x20be5</load_address>
         <run_address>0x20be5</run_address>
         <size>0x590</size>
         <input_file_ref idref="fl-e9"/>
      </object_component>
      <object_component id="oc-275">
         <name>.debug_info</name>
         <load_address>0x21175</load_address>
         <run_address>0x21175</run_address>
         <size>0x21e</size>
         <input_file_ref idref="fl-e9"/>
      </object_component>
      <object_component id="oc-302">
         <name>.debug_info</name>
         <load_address>0x21393</load_address>
         <run_address>0x21393</run_address>
         <size>0x1b3</size>
         <input_file_ref idref="fl-e9"/>
      </object_component>
      <object_component id="oc-308">
         <name>.debug_info</name>
         <load_address>0x21546</load_address>
         <run_address>0x21546</run_address>
         <size>0x21b</size>
         <input_file_ref idref="fl-e9"/>
      </object_component>
      <object_component id="oc-280">
         <name>.debug_info</name>
         <load_address>0x21761</load_address>
         <run_address>0x21761</run_address>
         <size>0x3c0</size>
         <input_file_ref idref="fl-e9"/>
      </object_component>
      <object_component id="oc-30e">
         <name>.debug_info</name>
         <load_address>0x21b21</load_address>
         <run_address>0x21b21</run_address>
         <size>0x30a</size>
         <input_file_ref idref="fl-e9"/>
      </object_component>
      <object_component id="oc-314">
         <name>.debug_info</name>
         <load_address>0x21e2b</load_address>
         <run_address>0x21e2b</run_address>
         <size>0x215</size>
         <input_file_ref idref="fl-e9"/>
      </object_component>
      <object_component id="oc-287">
         <name>.debug_info</name>
         <load_address>0x22040</load_address>
         <run_address>0x22040</run_address>
         <size>0x215</size>
         <input_file_ref idref="fl-e9"/>
      </object_component>
      <object_component id="oc-28c">
         <name>.debug_info</name>
         <load_address>0x22255</load_address>
         <run_address>0x22255</run_address>
         <size>0x304</size>
         <input_file_ref idref="fl-e9"/>
      </object_component>
      <object_component id="oc-293">
         <name>.debug_info</name>
         <load_address>0x22559</load_address>
         <run_address>0x22559</run_address>
         <size>0x4b5</size>
         <input_file_ref idref="fl-e9"/>
      </object_component>
      <object_component id="oc-20f">
         <name>.debug_info</name>
         <load_address>0x22a0e</load_address>
         <run_address>0x22a0e</run_address>
         <size>0x5f4</size>
         <input_file_ref idref="fl-e9"/>
      </object_component>
      <object_component id="oc-2a9">
         <name>.debug_info</name>
         <load_address>0x23002</load_address>
         <run_address>0x23002</run_address>
         <size>0x86</size>
         <input_file_ref idref="fl-e9"/>
      </object_component>
      <object_component id="oc-341">
         <name>.debug_info</name>
         <load_address>0x23088</load_address>
         <run_address>0x23088</run_address>
         <size>0x39</size>
         <input_file_ref idref="fl-e9"/>
      </object_component>
      <object_component id="oc-382">
         <name>.debug_info</name>
         <load_address>0x230c1</load_address>
         <run_address>0x230c1</run_address>
         <size>0xb6</size>
         <input_file_ref idref="fl-e9"/>
      </object_component>
      <object_component id="oc-346">
         <name>.debug_info</name>
         <load_address>0x23177</load_address>
         <run_address>0x23177</run_address>
         <size>0x46</size>
         <input_file_ref idref="fl-e9"/>
      </object_component>
      <object_component id="oc-2ae">
         <name>.debug_info</name>
         <load_address>0x231bd</load_address>
         <run_address>0x231bd</run_address>
         <size>0x46</size>
         <input_file_ref idref="fl-e9"/>
      </object_component>
      <object_component id="oc-365">
         <name>.debug_info</name>
         <load_address>0x23203</load_address>
         <run_address>0x23203</run_address>
         <size>0x295</size>
         <input_file_ref idref="fl-ea"/>
      </object_component>
      <object_component id="oc-31a">
         <name>.debug_info</name>
         <load_address>0x23498</load_address>
         <run_address>0x23498</run_address>
         <size>0x195</size>
         <input_file_ref idref="fl-ea"/>
      </object_component>
      <object_component id="oc-38e">
         <name>.debug_info</name>
         <load_address>0x2362d</load_address>
         <run_address>0x2362d</run_address>
         <size>0x39</size>
         <input_file_ref idref="fl-ea"/>
      </object_component>
      <object_component id="oc-366">
         <name>.debug_info</name>
         <load_address>0x23666</load_address>
         <run_address>0x23666</run_address>
         <size>0x2c</size>
         <input_file_ref idref="fl-ea"/>
      </object_component>
      <object_component id="oc-372">
         <name>.debug_info</name>
         <load_address>0x23692</load_address>
         <run_address>0x23692</run_address>
         <size>0x2f8</size>
         <input_file_ref idref="fl-eb"/>
      </object_component>
      <object_component id="oc-320">
         <name>.debug_info</name>
         <load_address>0x2398a</load_address>
         <run_address>0x2398a</run_address>
         <size>0x225</size>
         <input_file_ref idref="fl-eb"/>
      </object_component>
      <object_component id="oc-334">
         <name>.debug_info</name>
         <load_address>0x23baf</load_address>
         <run_address>0x23baf</run_address>
         <size>0x28f</size>
         <input_file_ref idref="fl-ec"/>
      </object_component>
      <object_component id="oc-29d">
         <name>.debug_info</name>
         <load_address>0x23e3e</load_address>
         <run_address>0x23e3e</run_address>
         <size>0x15a</size>
         <input_file_ref idref="fl-ec"/>
      </object_component>
      <object_component id="oc-377">
         <name>.debug_info</name>
         <load_address>0x23f98</load_address>
         <run_address>0x23f98</run_address>
         <size>0x46</size>
         <input_file_ref idref="fl-ec"/>
      </object_component>
      <object_component id="oc-32f">
         <name>.debug_info</name>
         <load_address>0x23fde</load_address>
         <run_address>0x23fde</run_address>
         <size>0x39</size>
         <input_file_ref idref="fl-ec"/>
      </object_component>
      <object_component id="oc-2fa">
         <name>.debug_info</name>
         <load_address>0x24017</load_address>
         <run_address>0x24017</run_address>
         <size>0x14c</size>
         <input_file_ref idref="fl-ed"/>
      </object_component>
      <object_component id="oc-27b">
         <name>.debug_info</name>
         <load_address>0x24163</load_address>
         <run_address>0x24163</run_address>
         <size>0x128</size>
         <input_file_ref idref="fl-ee"/>
      </object_component>
      <object_component id="oc-2e5">
         <name>.debug_info</name>
         <load_address>0x2428b</load_address>
         <run_address>0x2428b</run_address>
         <size>0x12a</size>
         <input_file_ref idref="fl-ee"/>
      </object_component>
      <object_component id="oc-2e0">
         <name>.debug_info</name>
         <load_address>0x243b5</load_address>
         <run_address>0x243b5</run_address>
         <size>0x13a</size>
         <input_file_ref idref="fl-ef"/>
      </object_component>
      <object_component id="oc-2db">
         <name>.debug_info</name>
         <load_address>0x244ef</load_address>
         <run_address>0x244ef</run_address>
         <size>0x13a</size>
         <input_file_ref idref="fl-f0"/>
      </object_component>
      <object_component id="oc-2eb">
         <name>.debug_info</name>
         <load_address>0x24629</load_address>
         <run_address>0x24629</run_address>
         <size>0x12e</size>
         <input_file_ref idref="fl-f1"/>
      </object_component>
      <object_component id="oc-2f7">
         <name>.debug_info</name>
         <load_address>0x24757</load_address>
         <run_address>0x24757</run_address>
         <size>0x12c</size>
         <input_file_ref idref="fl-f2"/>
      </object_component>
      <object_component id="oc-2d4">
         <name>.debug_info</name>
         <load_address>0x24883</load_address>
         <run_address>0x24883</run_address>
         <size>0x134</size>
         <input_file_ref idref="fl-f3"/>
      </object_component>
      <object_component id="oc-95">
         <name>.debug_info</name>
         <load_address>0x249b7</load_address>
         <run_address>0x249b7</run_address>
         <size>0x147</size>
         <input_file_ref idref="fl-f4"/>
      </object_component>
      <object_component id="oc-1be">
         <name>.debug_info</name>
         <load_address>0x24afe</load_address>
         <run_address>0x24afe</run_address>
         <size>0x4b3</size>
         <input_file_ref idref="fl-f5"/>
      </object_component>
      <object_component id="oc-111">
         <name>.debug_info</name>
         <load_address>0x24fb1</load_address>
         <run_address>0x24fb1</run_address>
         <size>0x1a6</size>
         <input_file_ref idref="fl-f5"/>
      </object_component>
      <object_component id="oc-23b">
         <name>.debug_info</name>
         <load_address>0x25157</load_address>
         <run_address>0x25157</run_address>
         <size>0x39</size>
         <input_file_ref idref="fl-f5"/>
      </object_component>
      <object_component id="oc-2ba">
         <name>.debug_info</name>
         <load_address>0x25190</load_address>
         <run_address>0x25190</run_address>
         <size>0x39</size>
         <input_file_ref idref="fl-f5"/>
      </object_component>
      <object_component id="oc-240">
         <name>.debug_info</name>
         <load_address>0x251c9</load_address>
         <run_address>0x251c9</run_address>
         <size>0x39</size>
         <input_file_ref idref="fl-f5"/>
      </object_component>
      <object_component id="oc-245">
         <name>.debug_info</name>
         <load_address>0x25202</load_address>
         <run_address>0x25202</run_address>
         <size>0xcd</size>
         <input_file_ref idref="fl-f5"/>
      </object_component>
      <object_component id="oc-9a">
         <name>.debug_info</name>
         <load_address>0x252cf</load_address>
         <run_address>0x252cf</run_address>
         <size>0x153</size>
         <input_file_ref idref="fl-f6"/>
      </object_component>
      <object_component id="oc-104">
         <name>.debug_info</name>
         <load_address>0x25422</load_address>
         <run_address>0x25422</run_address>
         <size>0x122</size>
         <input_file_ref idref="fl-f8"/>
      </object_component>
      <object_component id="oc-35d">
         <name>.debug_info</name>
         <load_address>0x25544</load_address>
         <run_address>0x25544</run_address>
         <size>0x29c</size>
         <input_file_ref idref="fl-fa"/>
      </object_component>
      <object_component id="oc-2f2">
         <name>.debug_info</name>
         <load_address>0x257e0</load_address>
         <run_address>0x257e0</run_address>
         <size>0x1da</size>
         <input_file_ref idref="fl-fa"/>
      </object_component>
      <object_component id="oc-2d2">
         <name>.debug_info</name>
         <load_address>0x259ba</load_address>
         <run_address>0x259ba</run_address>
         <size>0x2b9</size>
         <input_file_ref idref="fl-fc"/>
      </object_component>
      <object_component id="oc-26d">
         <name>.debug_info</name>
         <load_address>0x25c73</load_address>
         <run_address>0x25c73</run_address>
         <size>0x17c</size>
         <input_file_ref idref="fl-fc"/>
      </object_component>
      <object_component id="oc-34f">
         <name>.debug_info</name>
         <load_address>0x25def</load_address>
         <run_address>0x25def</run_address>
         <size>0xf9</size>
         <input_file_ref idref="fl-fd"/>
      </object_component>
      <object_component id="oc-2cf">
         <name>.debug_info</name>
         <load_address>0x25ee8</load_address>
         <run_address>0x25ee8</run_address>
         <size>0x105</size>
         <input_file_ref idref="fl-fd"/>
      </object_component>
      <object_component id="oc-32d">
         <name>.debug_info</name>
         <load_address>0x25fed</load_address>
         <run_address>0x25fed</run_address>
         <size>0x2a7</size>
         <input_file_ref idref="fl-fe"/>
      </object_component>
      <object_component id="oc-297">
         <name>.debug_info</name>
         <load_address>0x26294</load_address>
         <run_address>0x26294</run_address>
         <size>0x1b8</size>
         <input_file_ref idref="fl-fe"/>
      </object_component>
      <object_component id="oc-374">
         <name>.debug_info</name>
         <load_address>0x2644c</load_address>
         <run_address>0x2644c</run_address>
         <size>0x29a</size>
         <input_file_ref idref="fl-ff"/>
      </object_component>
      <object_component id="oc-328">
         <name>.debug_info</name>
         <load_address>0x266e6</load_address>
         <run_address>0x266e6</run_address>
         <size>0x262</size>
         <input_file_ref idref="fl-ff"/>
      </object_component>
      <object_component id="oc-2cd">
         <name>.debug_info</name>
         <load_address>0x26948</load_address>
         <run_address>0x26948</run_address>
         <size>0x28f</size>
         <input_file_ref idref="fl-100"/>
      </object_component>
      <object_component id="oc-267">
         <name>.debug_info</name>
         <load_address>0x26bd7</load_address>
         <run_address>0x26bd7</run_address>
         <size>0x245</size>
         <input_file_ref idref="fl-100"/>
      </object_component>
      <object_component id="oc-339">
         <name>.debug_info</name>
         <load_address>0x26e1c</load_address>
         <run_address>0x26e1c</run_address>
         <size>0x289</size>
         <input_file_ref idref="fl-101"/>
      </object_component>
      <object_component id="oc-336">
         <name>.debug_info</name>
         <load_address>0x270a5</load_address>
         <run_address>0x270a5</run_address>
         <size>0x10e</size>
         <input_file_ref idref="fl-101"/>
      </object_component>
      <object_component id="oc-2a5">
         <name>.debug_info</name>
         <load_address>0x271b3</load_address>
         <run_address>0x271b3</run_address>
         <size>0x14e</size>
         <input_file_ref idref="fl-101"/>
      </object_component>
      <object_component id="oc-36c">
         <name>.debug_info</name>
         <load_address>0x27301</load_address>
         <run_address>0x27301</run_address>
         <size>0x161</size>
         <input_file_ref idref="fl-102"/>
      </object_component>
      <object_component id="oc-354">
         <name>.debug_info</name>
         <load_address>0x27462</load_address>
         <run_address>0x27462</run_address>
         <size>0x115</size>
         <input_file_ref idref="fl-103"/>
      </object_component>
      <object_component id="oc-3ce">
         <name>.debug_info</name>
         <load_address>0x27577</load_address>
         <run_address>0x27577</run_address>
         <size>0xae</size>
      </object_component>
      <object_component id="oc-18a">
         <name>.debug_line</name>
         <load_address>0x0</load_address>
         <run_address>0x0</run_address>
         <size>0x4c</size>
         <input_file_ref idref="fl-2"/>
      </object_component>
      <object_component id="oc-74">
         <name>.debug_line</name>
         <load_address>0x4c</load_address>
         <run_address>0x4c</run_address>
         <size>0xb5</size>
         <input_file_ref idref="fl-2"/>
      </object_component>
      <object_component id="oc-e4">
         <name>.debug_line</name>
         <load_address>0x101</load_address>
         <run_address>0x101</run_address>
         <size>0x6f</size>
         <input_file_ref idref="fl-2"/>
      </object_component>
      <object_component id="oc-178">
         <name>.debug_line</name>
         <load_address>0x170</load_address>
         <run_address>0x170</run_address>
         <size>0x5b</size>
         <input_file_ref idref="fl-2"/>
      </object_component>
      <object_component id="oc-18e">
         <name>.debug_line</name>
         <load_address>0x1cb</load_address>
         <run_address>0x1cb</run_address>
         <size>0x58</size>
         <input_file_ref idref="fl-2"/>
      </object_component>
      <object_component id="oc-255">
         <name>.debug_line</name>
         <load_address>0x223</load_address>
         <run_address>0x223</run_address>
         <size>0x2f</size>
         <input_file_ref idref="fl-2"/>
      </object_component>
      <object_component id="oc-25e">
         <name>.debug_line</name>
         <load_address>0x252</load_address>
         <run_address>0x252</run_address>
         <size>0x2e</size>
         <input_file_ref idref="fl-2"/>
      </object_component>
      <object_component id="oc-ce">
         <name>.debug_line</name>
         <load_address>0x280</load_address>
         <run_address>0x280</run_address>
         <size>0x30</size>
         <input_file_ref idref="fl-2"/>
      </object_component>
      <object_component id="oc-35">
         <name>.debug_line</name>
         <load_address>0x2b0</load_address>
         <run_address>0x2b0</run_address>
         <size>0x20</size>
         <input_file_ref idref="fl-2"/>
      </object_component>
      <object_component id="oc-17f">
         <name>.debug_line</name>
         <load_address>0x2d0</load_address>
         <run_address>0x2d0</run_address>
         <size>0x73</size>
         <input_file_ref idref="fl-2"/>
      </object_component>
      <object_component id="oc-149">
         <name>.debug_line</name>
         <load_address>0x343</load_address>
         <run_address>0x343</run_address>
         <size>0x6f</size>
         <input_file_ref idref="fl-2"/>
      </object_component>
      <object_component id="oc-d3">
         <name>.debug_line</name>
         <load_address>0x3b2</load_address>
         <run_address>0x3b2</run_address>
         <size>0x70</size>
         <input_file_ref idref="fl-2"/>
      </object_component>
      <object_component id="oc-fb">
         <name>.debug_line</name>
         <load_address>0x422</load_address>
         <run_address>0x422</run_address>
         <size>0xc6</size>
         <input_file_ref idref="fl-3"/>
      </object_component>
      <object_component id="oc-16b">
         <name>.debug_line</name>
         <load_address>0x4e8</load_address>
         <run_address>0x4e8</run_address>
         <size>0x20</size>
         <input_file_ref idref="fl-3"/>
      </object_component>
      <object_component id="oc-228">
         <name>.debug_line</name>
         <load_address>0x508</load_address>
         <run_address>0x508</run_address>
         <size>0x92</size>
         <input_file_ref idref="fl-8"/>
      </object_component>
      <object_component id="oc-226">
         <name>.debug_line</name>
         <load_address>0x59a</load_address>
         <run_address>0x59a</run_address>
         <size>0x3b</size>
         <input_file_ref idref="fl-8"/>
      </object_component>
      <object_component id="oc-22a">
         <name>.debug_line</name>
         <load_address>0x5d5</load_address>
         <run_address>0x5d5</run_address>
         <size>0x3b</size>
         <input_file_ref idref="fl-8"/>
      </object_component>
      <object_component id="oc-100">
         <name>.debug_line</name>
         <load_address>0x610</load_address>
         <run_address>0x610</run_address>
         <size>0x333</size>
         <input_file_ref idref="fl-8"/>
      </object_component>
      <object_component id="oc-223">
         <name>.debug_line</name>
         <load_address>0x943</load_address>
         <run_address>0x943</run_address>
         <size>0x6b</size>
         <input_file_ref idref="fl-8"/>
      </object_component>
      <object_component id="oc-16f">
         <name>.debug_line</name>
         <load_address>0x9ae</load_address>
         <run_address>0x9ae</run_address>
         <size>0x5b</size>
         <input_file_ref idref="fl-c"/>
      </object_component>
      <object_component id="oc-17b">
         <name>.debug_line</name>
         <load_address>0xa09</load_address>
         <run_address>0xa09</run_address>
         <size>0x39</size>
         <input_file_ref idref="fl-c"/>
      </object_component>
      <object_component id="oc-71">
         <name>.debug_line</name>
         <load_address>0xa42</load_address>
         <run_address>0xa42</run_address>
         <size>0x8e</size>
         <input_file_ref idref="fl-c"/>
      </object_component>
      <object_component id="oc-173">
         <name>.debug_line</name>
         <load_address>0xad0</load_address>
         <run_address>0xad0</run_address>
         <size>0x58</size>
         <input_file_ref idref="fl-c"/>
      </object_component>
      <object_component id="oc-150">
         <name>.debug_line</name>
         <load_address>0xb28</load_address>
         <run_address>0xb28</run_address>
         <size>0xcf</size>
         <input_file_ref idref="fl-10"/>
      </object_component>
      <object_component id="oc-251">
         <name>.debug_line</name>
         <load_address>0xbf7</load_address>
         <run_address>0xbf7</run_address>
         <size>0x41</size>
         <input_file_ref idref="fl-12"/>
      </object_component>
      <object_component id="oc-24d">
         <name>.debug_line</name>
         <load_address>0xc38</load_address>
         <run_address>0xc38</run_address>
         <size>0x2b</size>
[...]
         <name>Timer_A_getOutputForOutputModeOutBitValue</name>
         <value>0x38e3</value>
         <object_component_ref idref="oc-b8"/>
      </symbol>
      <symbol id="sm-791">
         <name>Timer_A_enableCaptureCompareInterrupt</name>
         <value>0x3a99</value>
         <object_component_ref idref="oc-b8"/>
      </symbol>
      <symbol id="sm-792">
         <name>Timer_A_getCounterValue</name>
         <value>0x3853</value>
         <object_component_ref idref="oc-b8"/>
      </symbol>
      <symbol id="sm-793">
         <name>Timer_A_setCompareValue</name>
         <value>0x39f5</value>
         <object_component_ref idref="oc-b8"/>
      </symbol>
      <symbol id="sm-794">
         <name>Timer_A_clearCaptureCompareInterrupt</name>
         <value>0x3a37</value>
         <object_component_ref idref="oc-b8"/>
      </symbol>
      <symbol id="sm-795">
         <name>Timer_A_registerInterrupt</name>
         <value>0x3b69</value>
         <object_component_ref idref="oc-b8"/>
      </symbol>
      <symbol id="sm-796">
         <name>Timer_A_initCompare</name>
         <value>0x3805</value>
         <object_component_ref idref="oc-b8"/>
      </symbol>
      <symbol id="sm-797">
         <name>Timer_A_generatePWM</name>
         <value>0x396b</value>
         <object_component_ref idref="oc-b8"/>
      </symbol>
      <symbol id="sm-798">
         <name>Timer_A_startCounter</name>
         <value>0x36b1</value>
         <object_component_ref idref="oc-b8"/>
      </symbol>
      <symbol id="sm-799">
         <name>Timer_A_initCapture</name>
         <value>0x37b3</value>
         <object_component_ref idref="oc-b8"/>
      </symbol>
      <symbol id="sm-79a">
         <name>Timer_A_getCaptureCompareCount</name>
         <value>0x3911</value>
         <object_component_ref idref="oc-b8"/>
      </symbol>
      <symbol id="sm-79b">
         <name>Timer_A_disableCaptureCompareInterrupt</name>
         <value>0x3ac5</value>
         <object_component_ref idref="oc-b8"/>
      </symbol>
      <symbol id="sm-79c">
         <name>Timer_A_stopTimer</name>
         <value>0x39e1</value>
         <object_component_ref idref="oc-b8"/>
      </symbol>
      <symbol id="sm-79d">
         <name>Timer_A_getCaptureCompareInterruptStatus</name>
         <value>0x3aed</value>
         <object_component_ref idref="oc-b8"/>
      </symbol>
      <symbol id="sm-79e">
         <name>Timer_A_clearTimer</name>
         <value>0x389f</value>
         <object_component_ref idref="oc-b8"/>
      </symbol>
      <symbol id="sm-79f">
         <name>Timer_A_clearInterruptFlag</name>
         <value>0x3a21</value>
         <object_component_ref idref="oc-b8"/>
      </symbol>
      <symbol id="sm-7a0">
         <name>Timer_A_configureUpDownMode</name>
         <value>0x3755</value>
         <object_component_ref idref="oc-b8"/>
      </symbol>
      <symbol id="sm-7a1">
         <name>Timer_A_getSynchronizedCaptureCompareInput</name>
         <value>0x38b3</value>
         <object_component_ref idref="oc-b8"/>
      </symbol>
      <symbol id="sm-7a2">
         <name>Timer_A_configureUpMode</name>
         <value>0x36f7</value>
         <object_component_ref idref="oc-b8"/>
      </symbol>
      <symbol id="sm-7a3">
         <name>Timer_A_getEnabledInterruptStatus</name>
         <value>0x3b15</value>
         <object_component_ref idref="oc-b8"/>
      </symbol>
      <symbol id="sm-7a4">
         <name>Timer_A_disableInterrupt</name>
         <value>0x3a73</value>
         <object_component_ref idref="oc-b8"/>
      </symbol>
      <symbol id="sm-7a5">
         <name>Timer_A_configureContinuousMode</name>
         <value>0x36c7</value>
         <object_component_ref idref="oc-b8"/>
      </symbol>
      <symbol id="sm-7a6">
         <name>Timer_A_getCaptureCompareEnabledInterruptStatus</name>
         <value>0x3b2d</value>
         <object_component_ref idref="oc-b8"/>
      </symbol>
      <symbol id="sm-7a7">
         <name>Timer_A_getInterruptStatus</name>
         <value>0x3a87</value>
         <object_component_ref idref="oc-b8"/>
      </symbol>
      <symbol id="sm-7a8">
         <name>Timer_A_enableInterrupt</name>
         <value>0x3a5f</value>
         <object_component_ref idref="oc-b8"/>
      </symbol>
      <symbol id="sm-7a9">
         <name>Timer_A_unregisterInterrupt</name>
         <value>0x3c3b</value>
         <object_component_ref idref="oc-b8"/>
      </symbol>
      <symbol id="sm-7c1">
         <name>WDT_A_setTimeoutReset</name>
         <value>0x63a5</value>
         <object_component_ref idref="oc-1f9"/>
      </symbol>
      <symbol id="sm-7c2">
         <name>WDT_A_registerInterrupt</name>
         <value>0x63b1</value>
         <object_component_ref idref="oc-1f9"/>
      </symbol>
      <symbol id="sm-7c3">
         <name>WDT_A_setPasswordViolationReset</name>
         <value>0x6399</value>
         <object_component_ref idref="oc-1f9"/>
      </symbol>
      <symbol id="sm-7c4">
         <name>WDT_A_initIntervalTimer</name>
         <value>0x637d</value>
         <object_component_ref idref="oc-1f9"/>
      </symbol>
      <symbol id="sm-7c5">
         <name>WDT_A_clearTimer</name>
         <value>0x6341</value>
         <object_component_ref idref="oc-1f9"/>
      </symbol>
      <symbol id="sm-7c6">
         <name>WDT_A_holdTimer</name>
         <value>0x6301</value>
         <object_component_ref idref="oc-1f9"/>
      </symbol>
      <symbol id="sm-7c7">
         <name>WDT_A_initWatchdogTimer</name>
         <value>0x6361</value>
         <object_component_ref idref="oc-1f9"/>
      </symbol>
      <symbol id="sm-7c8">
         <name>WDT_A_startTimer</name>
         <value>0x6321</value>
         <object_component_ref idref="oc-1f9"/>
      </symbol>
      <symbol id="sm-7c9">
         <name>WDT_A_unregisterInterrupt</name>
         <value>0x63c5</value>
         <object_component_ref idref="oc-1f9"/>
      </symbol>
      <symbol id="sm-7f0">
         <name>sprintf</name>
         <value>0x6b81</value>
         <object_component_ref idref="oc-1a3"/>
      </symbol>
      <symbol id="sm-80b">
         <name>memcpy</name>
         <value>0x653f</value>
         <object_component_ref idref="oc-37"/>
      </symbol>
      <symbol id="sm-80c">
         <name>__aeabi_memcpy</name>
         <value>0x653f</value>
         <object_component_ref idref="oc-37"/>
      </symbol>
      <symbol id="sm-80d">
         <name>__aeabi_memcpy8</name>
         <value>0x653f</value>
         <object_component_ref idref="oc-37"/>
      </symbol>
      <symbol id="sm-80e">
         <name>__aeabi_memcpy4</name>
         <value>0x653f</value>
         <object_component_ref idref="oc-37"/>
      </symbol>
      <symbol id="sm-827">
         <name>__TI_zero_init_nomemset</name>
         <value>0x6ccd</value>
         <object_component_ref idref="oc-43"/>
      </symbol>
      <symbol id="sm-83e">
         <name>__TI_decompress_none</name>
         <value>0x6d73</value>
         <object_component_ref idref="oc-1d"/>
      </symbol>
      <symbol id="sm-861">
         <name>__TI_decompress_lzss</name>
         <value>0x68e1</value>
         <object_component_ref idref="oc-17"/>
      </symbol>
      <symbol id="sm-874">
         <name>__stack</name>
         <value>0x2000fe00</value>
         <object_component_ref idref="oc-29"/>
      </symbol>
      <symbol id="sm-875">
         <name>_c_int00_noargs</name>
         <value>0x6c3d</value>
         <object_component_ref idref="oc-55"/>
      </symbol>
      <symbol id="sm-9da">
         <name>__TI_printfi</name>
         <value>0x22e9</value>
         <object_component_ref idref="oc-20c"/>
      </symbol>
      <symbol id="sm-9fa">
         <name>frexpl</name>
         <value>0x6949</value>
         <object_component_ref idref="oc-319"/>
      </symbol>
      <symbol id="sm-9fb">
         <name>frexp</name>
         <value>0x6949</value>
         <object_component_ref idref="oc-319"/>
      </symbol>
      <symbol id="sm-a18">
         <name>scalbn</name>
         <value>0x60f5</value>
         <object_component_ref idref="oc-31f"/>
      </symbol>
      <symbol id="sm-a19">
         <name>scalbnl</name>
         <value>0x60f5</value>
         <object_component_ref idref="oc-31f"/>
      </symbol>
      <symbol id="sm-a1a">
         <name>ldexpl</name>
         <value>0x60f5</value>
         <object_component_ref idref="oc-31f"/>
      </symbol>
      <symbol id="sm-a1b">
         <name>ldexp</name>
         <value>0x60f5</value>
         <object_component_ref idref="oc-31f"/>
      </symbol>
      <symbol id="sm-a34">
         <name>wcslen</name>
         <value>0x6d61</value>
         <object_component_ref idref="oc-29b"/>
      </symbol>
      <symbol id="sm-a4b">
         <name>__aeabi_dsub</name>
         <value>0x5a31</value>
         <object_component_ref idref="oc-2f9"/>
      </symbol>
      <symbol id="sm-a4c">
         <name>__aeabi_dadd</name>
         <value>0x5a3b</value>
         <object_component_ref idref="oc-2f9"/>
      </symbol>
      <symbol id="sm-a6e">
         <name>__aeabi_cdcmpeq</name>
         <value>0x6671</value>
         <object_component_ref idref="oc-278"/>
      </symbol>
      <symbol id="sm-a6f">
         <name>__aeabi_cdcmple</name>
         <value>0x6671</value>
         <object_component_ref idref="oc-278"/>
      </symbol>
      <symbol id="sm-a70">
         <name>__aeabi_cdrcmple</name>
         <value>0x66f7</value>
         <object_component_ref idref="oc-2e4"/>
      </symbol>
      <symbol id="sm-a84">
         <name>__aeabi_ddiv</name>
         <value>0x5e99</value>
         <object_component_ref idref="oc-2df"/>
      </symbol>
      <symbol id="sm-a8f">
         <name>__aeabi_dmul</name>
         <value>0x6205</value>
         <object_component_ref idref="oc-2da"/>
      </symbol>
      <symbol id="sm-a99">
         <name>__aeabi_d2iz</name>
         <value>0x6af5</value>
         <object_component_ref idref="oc-2e9"/>
      </symbol>
      <symbol id="sm-aa3">
         <name>__aeabi_i2d</name>
         <value>0x6c71</value>
         <object_component_ref idref="oc-2f4"/>
      </symbol>
      <symbol id="sm-ab0">
         <name>__aeabi_uldivmod</name>
         <value>0x65db</value>
         <object_component_ref idref="oc-2d3"/>
      </symbol>
      <symbol id="sm-abf">
         <name>__aeabi_memset</name>
         <value>0x67fb</value>
         <object_component_ref idref="oc-93"/>
      </symbol>
      <symbol id="sm-ac0">
         <name>memset</name>
         <value>0x6801</value>
         <object_component_ref idref="oc-93"/>
      </symbol>
      <symbol id="sm-ac1">
         <name>__aeabi_memset8</name>
         <value>0x67fb</value>
         <object_component_ref idref="oc-93"/>
      </symbol>
      <symbol id="sm-ac2">
         <name>__aeabi_memset4</name>
         <value>0x67fb</value>
         <object_component_ref idref="oc-93"/>
      </symbol>
      <symbol id="sm-ac3">
         <name>__aeabi_memclr8</name>
         <value>0x67f9</value>
         <object_component_ref idref="oc-93"/>
      </symbol>
      <symbol id="sm-ac4">
         <name>__aeabi_memclr4</name>
         <value>0x67f9</value>
         <object_component_ref idref="oc-93"/>
      </symbol>
      <symbol id="sm-ac5">
         <name>__aeabi_memclr</name>
         <value>0x67f9</value>
         <object_component_ref idref="oc-93"/>
      </symbol>
      <symbol id="sm-aed">
         <name>__TI_auto_init_nobinit_nopinit</name>
         <value>0x6b3d</value>
         <object_component_ref idref="oc-10f"/>
      </symbol>
      <symbol id="sm-af7">
         <name>_system_pre_init</name>
         <value>0x6da1</value>
         <object_component_ref idref="oc-99"/>
      </symbol>
      <symbol id="sm-b03">
         <name>C$$EXIT</name>
         <value>0x6da5</value>
         <object_component_ref idref="oc-103"/>
      </symbol>
      <symbol id="sm-b04">
         <name>abort</name>
         <value>0x6da5</value>
         <object_component_ref idref="oc-103"/>
      </symbol>
      <symbol id="sm-b14">
         <name>__TI_ltoa</name>
         <value>0x6a03</value>
         <object_component_ref idref="oc-2ee"/>
      </symbol>
      <symbol id="sm-b2b">
         <name>atoi</name>
         <value>0x6aa9</value>
         <object_component_ref idref="oc-26c"/>
      </symbol>
      <symbol id="sm-b36">
         <name>_ctypes_</name>
         <value>0x6f88</value>
         <object_component_ref idref="oc-2ce"/>
      </symbol>
      <symbol id="sm-b46">
         <name>memccpy</name>
         <value>0x6ce9</value>
         <object_component_ref idref="oc-295"/>
      </symbol>
      <symbol id="sm-b56">
         <name>strchr</name>
         <value>0x6d37</value>
         <object_component_ref idref="oc-325"/>
      </symbol>
      <symbol id="sm-b64">
         <name>strlen</name>
         <value>0x6d4d</value>
         <object_component_ref idref="oc-266"/>
      </symbol>
      <symbol id="sm-b7a">
         <name>__aeabi_errno_addr</name>
         <value>0x6d99</value>
         <object_component_ref idref="oc-2a1"/>
      </symbol>
      <symbol id="sm-b7b">
         <name>errno</name>
         <value>0x20000330</value>
         <object_component_ref idref="oc-335"/>
      </symbol>
      <symbol id="sm-b85">
         <name>copysign</name>
         <value>0x6d05</value>
         <object_component_ref idref="oc-36b"/>
      </symbol>
      <symbol id="sm-b86">
         <name>copysignl</name>
         <value>0x6d05</value>
         <object_component_ref idref="oc-36b"/>
      </symbol>
      <symbol id="sm-b90">
         <name>__aeabi_idiv0</name>
         <value>0x2d37</value>
         <object_component_ref idref="oc-352"/>
      </symbol>
      <symbol id="sm-b91">
         <name>__aeabi_ldiv0</name>
         <value>0x2d37</value>
         <object_component_ref idref="oc-352"/>
      </symbol>
      <symbol id="sm-b92">
         <name>__TI_static_base__</name>
         <value>0x0</value>
      </symbol>
      <symbol id="sm-b95">
         <name>__mpu_init</name>
         <value>0x0</value>
      </symbol>
      <symbol id="sm-b96">
         <name>_system_post_cinit</name>
         <value>0x0</value>
      </symbol>
      <symbol id="sm-b97">
         <name>NMI_Handler</name>
         <value>0x6d8d</value>
      </symbol>
      <symbol id="sm-b98">
         <name>HardFault_Handler</name>
         <value>0x6d8d</value>
      </symbol>
      <symbol id="sm-b99">
         <name>MemManage_Handler</name>
         <value>0x6d8d</value>
      </symbol>
      <symbol id="sm-b9a">
         <name>BusFault_Handler</name>
         <value>0x6d8d</value>
      </symbol>
      <symbol id="sm-b9b">
         <name>UsageFault_Handler</name>
         <value>0x6d8d</value>
      </symbol>
      <symbol id="sm-b9c">
         <name>SVC_Handler</name>
         <value>0x6d8d</value>
      </symbol>
      <symbol id="sm-b9d">
         <name>DebugMon_Handler</name>
         <value>0x6d8d</value>
      </symbol>
      <symbol id="sm-b9e">
         <name>PendSV_Handler</name>
         <value>0x6d8d</value>
      </symbol>
      <symbol id="sm-b9f">
         <name>SysTick_Handler</name>
         <value>0x6d8d</value>
      </symbol>
      <symbol id="sm-ba0">
         <name>PSS_IRQHandler</name>
         <value>0x6d8d</value>
      </symbol>
      <symbol id="sm-ba1">
         <name>CS_IRQHandler</name>
         <value>0x6d8d</value>
      </symbol>
      <symbol id="sm-ba2">
         <name>PCM_IRQHandler</name>
         <value>0x6d8d</value>
      </symbol>
      <symbol id="sm-ba3">
         <name>WDT_A_IRQHandler</name>
         <value>0x6d8d</value>
      </symbol>
      <symbol id="sm-ba4">
         <name>FPU_IRQHandler</name>
         <value>0x6d8d</value>
      </symbol>
      <symbol id="sm-ba5">
         <name>FLCTL_IRQHandler</name>
         <value>0x6d8d</value>
      </symbol>
      <symbol id="sm-ba6">
         <name>COMP_E0_IRQHandler</name>
         <value>0x6d8d</value>
      </symbol>
      <symbol id="sm-ba7">
         <name>COMP_E1_IRQHandler</name>
         <value>0x6d8d</value>
      </symbol>
      <symbol id="sm-ba8">
         <name>TA0_0_IRQHandler</name>
         <value>0x6d8d</value>
      </symbol>
      <symbol id="sm-ba9">
         <name>TA0_N_IRQHandler</name>
         <value>0x6d8d</value>
      </symbol>
      <symbol id="sm-baa">
         <name>TA1_0_IRQHandler</name>
         <value>0x67db</value>
      </symbol>
      <symbol id="sm-bab">
         <name>TA1_N_IRQHandler</name>
         <value>0x6d8d</value>
      </symbol>
      <symbol id="sm-bac">
         <name>TA2_0_IRQHandler</name>
         <value>0x6d8d</value>
      </symbol>
      <symbol id="sm-bad">
         <name>TA2_N_IRQHandler</name>
         <value>0x6d8d</value>
      </symbol>
      <symbol id="sm-bae">
         <name>TA3_0_IRQHandler</name>
         <value>0x6d8d</value>
      </symbol>
      <symbol id="sm-baf">
         <name>TA3_N_IRQHandler</name>
         <value>0x6d8d</value>
      </symbol>
      <symbol id="sm-bb0">
         <name>EUSCIA0_IRQHandler</name>
         <value>0x6d8d</value>
      </symbol>
      <symbol id="sm-bb1">
         <name>EUSCIA1_IRQHandler</name>
         <value>0x6d8d</value>
      </symbol>
      <symbol id="sm-bb2">
         <name>EUSCIA2_IRQHandler</name>
         <value>0x6d8d</value>
      </symbol>
      <symbol id="sm-bb3">
         <name>EUSCIA3_IRQHandler</name>
         <value>0x6d8d</value>
      </symbol>
      <symbol id="sm-bb4">
         <name>EUSCIB0_IRQHandler</name>
         <value>0x6d8d</value>
      </symbol>
      <symbol id="sm-bb5">
         <name>EUSCIB1_IRQHandler</name>
         <value>0x6d8d</value>
      </symbol>
      <symbol id="sm-bb6">
         <name>EUSCIB2_IRQHandler</name>
         <value>0x6d8d</value>
      </symbol>
      <symbol id="sm-bb7">
         <name>EUSCIB3_IRQHandler</name>
         <value>0x6d8d</value>
      </symbol>
      <symbol id="sm-bb8">
         <name>ADC14_IRQHandler</name>
         <value>0x6d8d</value>
      </symbol>
      <symbol id="sm-bb9">
         <name>T32_INT1_IRQHandler</name>
         <value>0x6d8d</value>
      </symbol>
      <symbol id="sm-bba">
         <name>T32_INT2_IRQHandler</name>
         <value>0x6d8d</value>
      </symbol>
      <symbol id="sm-bbb">
         <name>T32_INTC_IRQHandler</name>
         <value>0x6d8d</value>
      </symbol>
      <symbol id="sm-bbc">
         <name>AES256_IRQHandler</name>
         <value>0x6d8d</value>
      </symbol>
      <symbol id="sm-bbd">
         <name>RTC_C_IRQHandler</name>
         <value>0x6d8d</value>
      </symbol>
      <symbol id="sm-bbe">
         <name>DMA_ERR_IRQHandler</name>
         <value>0x6d8d</value>
      </symbol>
      <symbol id="sm-bbf">
         <name>DMA_INT3_IRQHandler</name>
         <value>0x6d8d</value>
      </symbol>
      <symbol id="sm-bc0">
         <name>DMA_INT2_IRQHandler</name>
         <value>0x6d8d</value>
      </symbol>
      <symbol id="sm-bc1">
         <name>DMA_INT1_IRQHandler</name>
         <value>0x6d8d</value>
      </symbol>
      <symbol id="sm-bc2">
         <name>DMA_INT0_IRQHandler</name>
         <value>0x6d8d</value>
      </symbol>
      <symbol id="sm-bc3">
         <name>PORT1_IRQHandler</name>
         <value>0x6d8d</value>
      </symbol>
      <symbol id="sm-bc4">
         <name>PORT2_IRQHandler</name>
         <value>0x6d8d</value>
      </symbol>
      <symbol id="sm-bc5">
         <name>PORT3_IRQHandler</name>
         <value>0x6d8d</value>
      </symbol>
      <symbol id="sm-bc6">
         <name>PORT4_IRQHandler</name>
         <value>0x5d2f</value>
      </symbol>
      <symbol id="sm-bc7">
         <name>PORT5_IRQHandler</name>
         <value>0x6d8d</value>
      </symbol>
      <symbol id="sm-bc8">
         <name>PORT6_IRQHandler</name>
         <value>0x6d8d</value>
      </symbol>
   </symbol_table>
   <title>Link successful</title>
</link_info>
