<?xml version="1.0" encoding="ISO-8859-1" ?>
<link_info>
   <banner>TI ARM Linker PC v20.2.5.LTS</banner>
   <copyright>Copyright (c) 1996-2018 Texas Instruments Incorporated</copyright>
   <link_time>0x619bceb1</link_time>
   <link_errors>0x0</link_errors>
   <output_file>LastMod.out</output_file>
   <entry_point>
      <name>_c_int00_noargs</name>
      <address>0x92f9</address>
   </entry_point>
   <input_file_list>
      <input_file id="fl-2">
         <path>.\</path>
         <kind>object</kind>
         <file>Bump.obj</file>
         <name>Bump.obj</name>
      </input_file>
      <input_file id="fl-3">
         <path>.\</path>
         <kind>object</kind>
         <file>Clock_DL.obj</file>
         <name>Clock_DL.obj</name>
      </input_file>
      <input_file id="fl-4">
         <path>.\</path>
         <kind>object</kind>
         <file>FSM.obj</file>
         <name>FSM.obj</name>
      </input_file>
      <input_file id="fl-5">
         <path>.\</path>
         <kind>object</kind>
         <file>FSMSwitchDebounce.obj</file>
         <name>FSMSwitchDebounce.obj</name>
      </input_file>
      <input_file id="fl-6">
         <path>.\</path>
         <kind>object</kind>
         <file>LaunchPad.obj</file>
         <name>LaunchPad.obj</name>
      </input_file>
      <input_file id="fl-7">
         <path>.\</path>
         <kind>object</kind>
         <file>Motor_Skeleton.obj</file>
         <name>Motor_Skeleton.obj</name>
      </input_file>
      <input_file id="fl-8">
         <path>.\</path>
         <kind>object</kind>
         <file>Nokia5110_skeleton.obj</file>
         <name>Nokia5110_skeleton.obj</name>
      </input_file>
      <input_file id="fl-9">
         <path>.\</path>
         <kind>object</kind>
         <file>PWM.obj</file>
         <name>PWM.obj</name>
      </input_file>
      <input_file id="fl-a">
         <path>.\</path>
         <kind>object</kind>
         <file>Reflectance.obj</file>
         <name>Reflectance.obj</name>
      </input_file>
      <input_file id="fl-b">
         <path>.\</path>
         <kind>object</kind>
         <file>Switch.obj</file>
         <name>Switch.obj</name>
      </input_file>
      <input_file id="fl-c">
         <path>.\</path>
         <kind>object</kind>
         <file>TimerA1_skeleton.obj</file>
         <name>TimerA1_skeleton.obj</name>
      </input_file>
      <input_file id="fl-d">
         <path>.\</path>
         <kind>object</kind>
         <file>adc14.obj</file>
         <name>adc14.obj</name>
      </input_file>
      <input_file id="fl-e">
         <path>.\</path>
         <kind>object</kind>
         <file>aes256.obj</file>
         <name>aes256.obj</name>
      </input_file>
      <input_file id="fl-f">
         <path>.\</path>
         <kind>object</kind>
         <file>bme280.obj</file>
         <name>bme280.obj</name>
      </input_file>
      <input_file id="fl-10">
         <path>.\</path>
         <kind>object</kind>
         <file>bme280_support.obj</file>
         <name>bme280_support.obj</name>
      </input_file>
      <input_file id="fl-11">
         <path>.\</path>
         <kind>object</kind>
         <file>bmi160.obj</file>
         <name>bmi160.obj</name>
      </input_file>
      <input_file id="fl-12">
         <path>.\</path>
         <kind>object</kind>
         <file>bmi160_support.obj</file>
         <name>bmi160_support.obj</name>
      </input_file>
      <input_file id="fl-13">
         <path>.\</path>
         <kind>object</kind>
         <file>comp_e.obj</file>
         <name>comp_e.obj</name>
      </input_file>
      <input_file id="fl-14">
         <path>.\</path>
         <kind>object</kind>
         <file>cpu.obj</file>
         <name>cpu.obj</name>
      </input_file>
      <input_file id="fl-15">
         <path>.\</path>
         <kind>object</kind>
         <file>crc32.obj</file>
         <name>crc32.obj</name>
      </input_file>
      <input_file id="fl-16">
         <path>.\</path>
         <kind>object</kind>
         <file>cs.obj</file>
         <name>cs.obj</name>
      </input_file>
      <input_file id="fl-17">
         <path>.\</path>
         <kind>object</kind>
         <file>demo_sysctl.obj</file>
         <name>demo_sysctl.obj</name>
      </input_file>
      <input_file id="fl-18">
         <path>.\</path>
         <kind>object</kind>
         <file>dma.obj</file>
         <name>dma.obj</name>
      </input_file>
      <input_file id="fl-19">
         <path>.\</path>
         <kind>object</kind>
         <file>flash.obj</file>
         <name>flash.obj</name>
      </input_file>
      <input_file id="fl-1a">
         <path>.\</path>
         <kind>object</kind>
         <file>fpu.obj</file>
         <name>fpu.obj</name>
      </input_file>
      <input_file id="fl-1b">
         <path>.\</path>
         <kind>object</kind>
         <file>gpio.obj</file>
         <name>gpio.obj</name>
      </input_file>
      <input_file id="fl-1c">
         <path>.\</path>
         <kind>object</kind>
         <file>i2c.obj</file>
         <name>i2c.obj</name>
      </input_file>
      <input_file id="fl-1d">
         <path>.\</path>
         <kind>object</kind>
         <file>i2c_driver.obj</file>
         <name>i2c_driver.obj</name>
      </input_file>
      <input_file id="fl-1e">
         <path>.\</path>
         <kind>object</kind>
         <file>interrupt.obj</file>
         <name>interrupt.obj</name>
      </input_file>
      <input_file id="fl-1f">
         <path>.\</path>
         <kind>object</kind>
         <file>main.obj</file>
         <name>main.obj</name>
      </input_file>
      <input_file id="fl-20">
         <path>.\</path>
         <kind>object</kind>
         <file>mpu.obj</file>
         <name>mpu.obj</name>
      </input_file>
      <input_file id="fl-21">
         <path>.\</path>
         <kind>object</kind>
         <file>opt3001.obj</file>
         <name>opt3001.obj</name>
      </input_file>
      <input_file id="fl-22">
         <path>.\</path>
         <kind>object</kind>
         <file>pcm.obj</file>
         <name>pcm.obj</name>
      </input_file>
      <input_file id="fl-23">
         <path>.\</path>
         <kind>object</kind>
         <file>pmap.obj</file>
         <name>pmap.obj</name>
      </input_file>
      <input_file id="fl-24">
         <path>.\</path>
         <kind>object</kind>
         <file>pss.obj</file>
         <name>pss.obj</name>
      </input_file>
      <input_file id="fl-25">
         <path>.\</path>
         <kind>object</kind>
         <file>ref_a.obj</file>
         <name>ref_a.obj</name>
      </input_file>
      <input_file id="fl-26">
         <path>.\</path>
         <kind>object</kind>
         <file>reset.obj</file>
         <name>reset.obj</name>
      </input_file>
      <input_file id="fl-27">
         <path>.\</path>
         <kind>object</kind>
         <file>rtc_c.obj</file>
         <name>rtc_c.obj</name>
      </input_file>
      <input_file id="fl-28">
         <path>.\</path>
         <kind>object</kind>
         <file>spi.obj</file>
         <name>spi.obj</name>
      </input_file>
      <input_file id="fl-29">
         <path>.\</path>
         <kind>object</kind>
         <file>startup_msp432p401r_ccs.obj</file>
         <name>startup_msp432p401r_ccs.obj</name>
      </input_file>
      <input_file id="fl-2a">
         <path>.\</path>
         <kind>object</kind>
         <file>sysctl.obj</file>
         <name>sysctl.obj</name>
      </input_file>
      <input_file id="fl-2b">
         <path>.\</path>
         <kind>object</kind>
         <file>system_msp432p401r.obj</file>
         <name>system_msp432p401r.obj</name>
      </input_file>
      <input_file id="fl-2c">
         <path>.\</path>
         <kind>object</kind>
         <file>systick.obj</file>
         <name>systick.obj</name>
      </input_file>
      <input_file id="fl-2d">
         <path>.\</path>
         <kind>object</kind>
         <file>timer32.obj</file>
         <name>timer32.obj</name>
      </input_file>
      <input_file id="fl-2e">
         <path>.\</path>
         <kind>object</kind>
         <file>timer_a.obj</file>
         <name>timer_a.obj</name>
      </input_file>
      <input_file id="fl-2f">
         <path>.\</path>
         <kind>object</kind>
         <file>tmp007.obj</file>
         <name>tmp007.obj</name>
      </input_file>
      <input_file id="fl-30">
         <path>.\</path>
         <kind>object</kind>
         <file>uart.obj</file>
         <name>uart.obj</name>
      </input_file>
      <input_file id="fl-31">
         <path>.\</path>
         <kind>object</kind>
         <file>uart_driver.obj</file>
         <name>uart_driver.obj</name>
      </input_file>
      <input_file id="fl-32">
         <path>.\</path>
         <kind>object</kind>
         <file>wdt_a.obj</file>
         <name>wdt_a.obj</name>
      </input_file>
      <input_file id="fl-36">
         <kind>object</kind>
         <file>&lt;internal&gt;</file>
         <name>&lt;internal&gt;</name>
      </input_file>
      <input_file id="fl-ec">
         <path>C:\ti\ccs1040\ccs\tools\compiler\ti-cgt-arm_20.2.5.LTS\lib\</path>
         <kind>archive</kind>
         <file>rtsv7M4_T_le_v4SPD16_eabi.lib</file>
         <name>sprintf.c.obj</name>
      </input_file>
      <input_file id="fl-ed">
         <path>C:\ti\ccs1040\ccs\tools\compiler\ti-cgt-arm_20.2.5.LTS\lib\</path>
         <kind>archive</kind>
         <file>rtsv7M4_T_le_v4SPD16_eabi.lib</file>
         <name>s_exp2.c.obj</name>
      </input_file>
      <input_file id="fl-ee">
         <path>C:\ti\ccs1040\ccs\tools\compiler\ti-cgt-arm_20.2.5.LTS\lib\</path>
         <kind>archive</kind>
         <file>rtsv7M4_T_le_v4SPD16_eabi.lib</file>
         <name>fd_add_t2.asm.obj</name>
      </input_file>
      <input_file id="fl-ef">
         <path>C:\ti\ccs1040\ccs\tools\compiler\ti-cgt-arm_20.2.5.LTS\lib\</path>
         <kind>archive</kind>
         <file>rtsv7M4_T_le_v4SPD16_eabi.lib</file>
         <name>fd_cmp_t2.asm.obj</name>
      </input_file>
      <input_file id="fl-f0">
         <path>C:\ti\ccs1040\ccs\tools\compiler\ti-cgt-arm_20.2.5.LTS\lib\</path>
         <kind>archive</kind>
         <file>rtsv7M4_T_le_v4SPD16_eabi.lib</file>
         <name>fd_div_t2.asm.obj</name>
      </input_file>
      <input_file id="fl-f1">
         <path>C:\ti\ccs1040\ccs\tools\compiler\ti-cgt-arm_20.2.5.LTS\lib\</path>
         <kind>archive</kind>
         <file>rtsv7M4_T_le_v4SPD16_eabi.lib</file>
         <name>fd_mul_t2.asm.obj</name>
      </input_file>
      <input_file id="fl-f2">
         <path>C:\ti\ccs1040\ccs\tools\compiler\ti-cgt-arm_20.2.5.LTS\lib\</path>
         <kind>archive</kind>
         <file>rtsv7M4_T_le_v4SPD16_eabi.lib</file>
         <name>fd_toi_t2.asm.obj</name>
      </input_file>
      <input_file id="fl-f3">
         <path>C:\ti\ccs1040\ccs\tools\compiler\ti-cgt-arm_20.2.5.LTS\lib\</path>
         <kind>archive</kind>
         <file>rtsv7M4_T_le_v4SPD16_eabi.lib</file>
         <name>fd_tos_t2.asm.obj</name>
      </input_file>
      <input_file id="fl-f4">
         <path>C:\ti\ccs1040\ccs\tools\compiler\ti-cgt-arm_20.2.5.LTS\lib\</path>
         <kind>archive</kind>
         <file>rtsv7M4_T_le_v4SPD16_eabi.lib</file>
         <name>fd_tou_t2.asm.obj</name>
      </input_file>
      <input_file id="fl-f5">
         <path>C:\ti\ccs1040\ccs\tools\compiler\ti-cgt-arm_20.2.5.LTS\lib\</path>
         <kind>archive</kind>
         <file>rtsv7M4_T_le_v4SPD16_eabi.lib</file>
         <name>i_tofd_t2.asm.obj</name>
      </input_file>
      <input_file id="fl-f6">
         <path>C:\ti\ccs1040\ccs\tools\compiler\ti-cgt-arm_20.2.5.LTS\lib\</path>
         <kind>archive</kind>
         <file>rtsv7M4_T_le_v4SPD16_eabi.lib</file>
         <name>ll_mul_t2.asm.obj</name>
      </input_file>
      <input_file id="fl-f7">
         <path>C:\ti\ccs1040\ccs\tools\compiler\ti-cgt-arm_20.2.5.LTS\lib\</path>
         <kind>archive</kind>
         <file>rtsv7M4_T_le_v4SPD16_eabi.lib</file>
         <name>memcpy_t2.asm.obj</name>
      </input_file>
      <input_file id="fl-f8">
         <path>C:\ti\ccs1040\ccs\tools\compiler\ti-cgt-arm_20.2.5.LTS\lib\</path>
         <kind>archive</kind>
         <file>rtsv7M4_T_le_v4SPD16_eabi.lib</file>
         <name>u_tofd_t2.asm.obj</name>
      </input_file>
      <input_file id="fl-f9">
         <path>C:\ti\ccs1040\ccs\tools\compiler\ti-cgt-arm_20.2.5.LTS\lib\</path>
         <kind>archive</kind>
         <file>rtsv7M4_T_le_v4SPD16_eabi.lib</file>
         <name>ll_div_t2.asm.obj</name>
      </input_file>
      <input_file id="fl-fa">
         <path>C:\ti\ccs1040\ccs\tools\compiler\ti-cgt-arm_20.2.5.LTS\lib\</path>
         <kind>archive</kind>
         <file>rtsv7M4_T_le_v4SPD16_eabi.lib</file>
         <name>ull_div_t2.asm.obj</name>
      </input_file>
      <input_file id="fl-fb">
         <path>C:\ti\ccs1040\ccs\tools\compiler\ti-cgt-arm_20.2.5.LTS\lib\</path>
         <kind>archive</kind>
         <file>rtsv7M4_T_le_v4SPD16_eabi.lib</file>
         <name>memset_t2.asm.obj</name>
      </input_file>
      <input_file id="fl-fc">
         <path>C:\ti\ccs1040\ccs\tools\compiler\ti-cgt-arm_20.2.5.LTS\lib\</path>
         <kind>archive</kind>
         <file>rtsv7M4_T_le_v4SPD16_eabi.lib</file>
         <name>copy_zero_init.c.obj</name>
      </input_file>
      <input_file id="fl-fd">
         <path>C:\ti\ccs1040\ccs\tools\compiler\ti-cgt-arm_20.2.5.LTS\lib\</path>
         <kind>archive</kind>
         <file>rtsv7M4_T_le_v4SPD16_eabi.lib</file>
         <name>copy_decompress_none.c.obj</name>
      </input_file>
      <input_file id="fl-fe">
         <path>C:\ti\ccs1040\ccs\tools\compiler\ti-cgt-arm_20.2.5.LTS\lib\</path>
         <kind>archive</kind>
         <file>rtsv7M4_T_le_v4SPD16_eabi.lib</file>
         <name>copy_decompress_lzss.c.obj</name>
      </input_file>
      <input_file id="fl-ff">
         <path>C:\ti\ccs1040\ccs\tools\compiler\ti-cgt-arm_20.2.5.LTS\lib\</path>
         <kind>archive</kind>
         <file>rtsv7M4_T_le_v4SPD16_eabi.lib</file>
         <name>strncpy.c.obj</name>
      </input_file>
      <input_file id="fl-100">
         <path>C:\ti\ccs1040\ccs\tools\compiler\ti-cgt-arm_20.2.5.LTS\lib\</path>
         <kind>archive</kind>
         <file>rtsv7M4_T_le_v4SPD16_eabi.lib</file>
         <name>errno.c.obj</name>
      </input_file>
      <input_file id="fl-101">
         <path>C:\ti\ccs1040\ccs\tools\compiler\ti-cgt-arm_20.2.5.LTS\lib\</path>
         <kind>archive</kind>
         <file>rtsv7M4_T_le_v4SPD16_eabi.lib</file>
         <name>boot_cortex_m.c.obj</name>
      </input_file>
      <input_file id="fl-102">
         <path>C:\ti\ccs1040\ccs\tools\compiler\ti-cgt-arm_20.2.5.LTS\lib\</path>
         <kind>archive</kind>
         <file>rtsv7M4_T_le_v4SPD16_eabi.lib</file>
         <name>_printfi.c.obj</name>
      </input_file>
      <input_file id="fl-103">
         <path>C:\ti\ccs1040\ccs\tools\compiler\ti-cgt-arm_20.2.5.LTS\lib\</path>
         <kind>archive</kind>
         <file>rtsv7M4_T_le_v4SPD16_eabi.lib</file>
         <name>s_frexp.c.obj</name>
      </input_file>
      <input_file id="fl-104">
         <path>C:\ti\ccs1040\ccs\tools\compiler\ti-cgt-arm_20.2.5.LTS\lib\</path>
         <kind>archive</kind>
         <file>rtsv7M4_T_le_v4SPD16_eabi.lib</file>
         <name>s_scalbn.c.obj</name>
      </input_file>
      <input_file id="fl-105">
         <path>C:\ti\ccs1040\ccs\tools\compiler\ti-cgt-arm_20.2.5.LTS\lib\</path>
         <kind>archive</kind>
         <file>rtsv7M4_T_le_v4SPD16_eabi.lib</file>
         <name>wcslen.c.obj</name>
      </input_file>
      <input_file id="fl-106">
         <path>C:\ti\ccs1040\ccs\tools\compiler\ti-cgt-arm_20.2.5.LTS\lib\</path>
         <kind>archive</kind>
         <file>rtsv7M4_T_le_v4SPD16_eabi.lib</file>
         <name>div0.asm.obj</name>
      </input_file>
      <input_file id="fl-107">
         <path>C:\ti\ccs1040\ccs\tools\compiler\ti-cgt-arm_20.2.5.LTS\lib\</path>
         <kind>archive</kind>
         <file>rtsv7M4_T_le_v4SPD16_eabi.lib</file>
         <name>autoinit.c.obj</name>
      </input_file>
      <input_file id="fl-108">
         <path>C:\ti\ccs1040\ccs\tools\compiler\ti-cgt-arm_20.2.5.LTS\lib\</path>
         <kind>archive</kind>
         <file>rtsv7M4_T_le_v4SPD16_eabi.lib</file>
         <name>pre_init.c.obj</name>
      </input_file>
      <input_file id="fl-109">
         <path>C:\ti\ccs1040\ccs\tools\compiler\ti-cgt-arm_20.2.5.LTS\lib\</path>
         <kind>archive</kind>
         <file>rtsv7M4_T_le_v4SPD16_eabi.lib</file>
         <name>cpy_tbl.c.obj</name>
      </input_file>
      <input_file id="fl-10a">
         <path>C:\ti\ccs1040\ccs\tools\compiler\ti-cgt-arm_20.2.5.LTS\lib\</path>
         <kind>archive</kind>
         <file>rtsv7M4_T_le_v4SPD16_eabi.lib</file>
         <name>exit.c.obj</name>
      </input_file>
      <input_file id="fl-10b">
         <path>C:\ti\ccs1040\ccs\tools\compiler\ti-cgt-arm_20.2.5.LTS\lib\</path>
         <kind>archive</kind>
         <file>rtsv7M4_T_le_v4SPD16_eabi.lib</file>
         <name>_lock.c.obj</name>
      </input_file>
      <input_file id="fl-10c">
         <path>C:\ti\ccs1040\ccs\tools\compiler\ti-cgt-arm_20.2.5.LTS\lib\</path>
         <kind>archive</kind>
         <file>rtsv7M4_T_le_v4SPD16_eabi.lib</file>
         <name>_ltoa.c.obj</name>
      </input_file>
      <input_file id="fl-10d">
         <path>C:\ti\ccs1040\ccs\tools\compiler\ti-cgt-arm_20.2.5.LTS\lib\</path>
         <kind>archive</kind>
         <file>rtsv7M4_T_le_v4SPD16_eabi.lib</file>
         <name>args_main.c.obj</name>
      </input_file>
      <input_file id="fl-10e">
         <path>C:\ti\ccs1040\ccs\tools\compiler\ti-cgt-arm_20.2.5.LTS\lib\</path>
         <kind>archive</kind>
         <file>rtsv7M4_T_le_v4SPD16_eabi.lib</file>
         <name>atoi.c.obj</name>
      </input_file>
      <input_file id="fl-10f">
         <path>C:\ti\ccs1040\ccs\tools\compiler\ti-cgt-arm_20.2.5.LTS\lib\</path>
         <kind>archive</kind>
         <file>rtsv7M4_T_le_v4SPD16_eabi.lib</file>
         <name>ctype.c.obj</name>
      </input_file>
      <input_file id="fl-110">
         <path>C:\ti\ccs1040\ccs\tools\compiler\ti-cgt-arm_20.2.5.LTS\lib\</path>
         <kind>archive</kind>
         <file>rtsv7M4_T_le_v4SPD16_eabi.lib</file>
         <name>memccpy.c.obj</name>
      </input_file>
      <input_file id="fl-111">
         <path>C:\ti\ccs1040\ccs\tools\compiler\ti-cgt-arm_20.2.5.LTS\lib\</path>
         <kind>archive</kind>
         <file>rtsv7M4_T_le_v4SPD16_eabi.lib</file>
         <name>strchr.c.obj</name>
      </input_file>
      <input_file id="fl-112">
         <path>C:\ti\ccs1040\ccs\tools\compiler\ti-cgt-arm_20.2.5.LTS\lib\</path>
         <kind>archive</kind>
         <file>rtsv7M4_T_le_v4SPD16_eabi.lib</file>
         <name>strlen.c.obj</name>
      </input_file>
      <input_file id="fl-113">
         <path>C:\ti\ccs1040\ccs\tools\compiler\ti-cgt-arm_20.2.5.LTS\lib\</path>
         <kind>archive</kind>
         <file>rtsv7M4_T_le_v4SPD16_eabi.lib</file>
         <name>s_copysign.c.obj</name>
      </input_file>
   </input_file_list>
   <object_component_list>
      <object_component id="oc-26">
         <name>.intvecs:retain</name>
         <load_address>0x0</load_address>
         <run_address>0x0</run_address>
         <size>0xe4</size>
         <input_file_ref idref="fl-29"/>
      </object_component>
      <object_component id="oc-255">
         <name>.text</name>
         <load_address>0xe4</load_address>
         <run_address>0xe4</run_address>
         <size>0x15a8</size>
         <input_file_ref idref="fl-19"/>
      </object_component>
      <object_component id="oc-117">
         <name>.text</name>
         <load_address>0x168c</load_address>
         <run_address>0x168c</run_address>
         <size>0xc5c</size>
         <input_file_ref idref="fl-16"/>
      </object_component>
      <object_component id="oc-301">
         <name>.text:__TI_printfi</name>
         <load_address>0x22e8</load_address>
         <run_address>0x22e8</run_address>
         <size>0xa4e</size>
         <input_file_ref idref="fl-102"/>
      </object_component>
      <object_component id="oc-430">
         <name>.text</name>
         <load_address>0x2d36</load_address>
         <run_address>0x2d36</run_address>
         <size>0x2</size>
         <input_file_ref idref="fl-106"/>
      </object_component>
      <object_component id="oc-15c">
         <name>.text</name>
         <load_address>0x2d38</load_address>
         <run_address>0x2d38</run_address>
         <size>0xa28</size>
         <input_file_ref idref="fl-4"/>
      </object_component>
      <object_component id="oc-123">
         <name>.text</name>
         <load_address>0x3760</load_address>
         <run_address>0x3760</run_address>
         <size>0x878</size>
         <input_file_ref idref="fl-1c"/>
      </object_component>
      <object_component id="oc-24f">
         <name>.text</name>
         <load_address>0x3fd8</load_address>
         <run_address>0x3fd8</run_address>
         <size>0x834</size>
         <input_file_ref idref="fl-22"/>
      </object_component>
      <object_component id="oc-c4">
         <name>.text</name>
         <load_address>0x480c</load_address>
         <run_address>0x480c</run_address>
         <size>0x798</size>
         <input_file_ref idref="fl-2e"/>
      </object_component>
      <object_component id="oc-16e">
         <name>.text</name>
         <load_address>0x4fa4</load_address>
         <run_address>0x4fa4</run_address>
         <size>0x590</size>
         <input_file_ref idref="fl-8"/>
      </object_component>
      <object_component id="oc-2e7">
         <name>.text</name>
         <load_address>0x5534</load_address>
         <run_address>0x5534</run_address>
         <size>0x554</size>
         <input_file_ref idref="fl-27"/>
      </object_component>
      <object_component id="oc-156">
         <name>.text</name>
         <load_address>0x5a88</load_address>
         <run_address>0x5a88</run_address>
         <size>0x528</size>
         <input_file_ref idref="fl-a"/>
      </object_component>
      <object_component id="oc-11d">
         <name>.text</name>
         <load_address>0x5fb0</load_address>
         <run_address>0x5fb0</run_address>
         <size>0x480</size>
         <input_file_ref idref="fl-1b"/>
      </object_component>
      <object_component id="oc-105">
         <name>.text</name>
         <load_address>0x6430</load_address>
         <run_address>0x6430</run_address>
         <size>0x448</size>
         <input_file_ref idref="fl-30"/>
      </object_component>
      <object_component id="oc-79">
         <name>.text</name>
         <load_address>0x6878</load_address>
         <run_address>0x6878</run_address>
         <size>0x424</size>
         <input_file_ref idref="fl-1d"/>
      </object_component>
      <object_component id="oc-ca">
         <name>.text</name>
         <load_address>0x6c9c</load_address>
         <run_address>0x6c9c</run_address>
         <size>0x40c</size>
         <input_file_ref idref="fl-1e"/>
      </object_component>
      <object_component id="oc-bd">
         <name>.text</name>
         <load_address>0x70a8</load_address>
         <run_address>0x70a8</run_address>
         <size>0x334</size>
         <input_file_ref idref="fl-2b"/>
      </object_component>
      <object_component id="oc-73">
         <name>.text</name>
         <load_address>0x73dc</load_address>
         <run_address>0x73dc</run_address>
         <size>0x29c</size>
         <input_file_ref idref="fl-31"/>
      </object_component>
      <object_component id="oc-383">
         <name>.text:_pconv_a</name>
         <load_address>0x7678</load_address>
         <run_address>0x7678</run_address>
         <size>0x270</size>
         <input_file_ref idref="fl-102"/>
      </object_component>
      <object_component id="oc-21d">
         <name>.text</name>
         <load_address>0x78e8</load_address>
         <run_address>0x78e8</run_address>
         <size>0x248</size>
         <input_file_ref idref="fl-2a"/>
      </object_component>
      <object_component id="oc-371">
         <name>.text:_pconv_g</name>
         <load_address>0x7b30</load_address>
         <run_address>0x7b30</run_address>
         <size>0x1d0</size>
         <input_file_ref idref="fl-102"/>
      </object_component>
      <object_component id="oc-fb">
         <name>.text</name>
         <load_address>0x7d00</load_address>
         <run_address>0x7d00</run_address>
         <size>0x1b6</size>
         <input_file_ref idref="fl-ee"/>
      </object_component>
      <object_component id="oc-7f">
         <name>.text</name>
         <load_address>0x7eb8</load_address>
         <run_address>0x7eb8</run_address>
         <size>0x174</size>
         <input_file_ref idref="fl-2"/>
      </object_component>
      <object_component id="oc-ab">
         <name>.text</name>
         <load_address>0x802c</load_address>
         <run_address>0x802c</run_address>
         <size>0x174</size>
         <input_file_ref idref="fl-1f"/>
      </object_component>
      <object_component id="oc-37d">
         <name>.text:_pconv_e</name>
         <load_address>0x81a0</load_address>
         <run_address>0x81a0</run_address>
         <size>0x13c</size>
         <input_file_ref idref="fl-102"/>
      </object_component>
      <object_component id="oc-ec">
         <name>.text</name>
         <load_address>0x82dc</load_address>
         <run_address>0x82dc</run_address>
         <size>0x136</size>
         <input_file_ref idref="fl-f0"/>
      </object_component>
      <object_component id="oc-3e9">
         <name>.text:fcvt</name>
         <load_address>0x8414</load_address>
         <run_address>0x8414</run_address>
         <size>0x124</size>
         <input_file_ref idref="fl-102"/>
      </object_component>
      <object_component id="oc-3fd">
         <name>.text:scalbn</name>
         <load_address>0x8538</load_address>
         <run_address>0x8538</run_address>
         <size>0x110</size>
         <input_file_ref idref="fl-104"/>
      </object_component>
      <object_component id="oc-168">
         <name>.text</name>
         <load_address>0x8648</load_address>
         <run_address>0x8648</run_address>
         <size>0x108</size>
         <input_file_ref idref="fl-7"/>
      </object_component>
      <object_component id="oc-100">
         <name>.text</name>
         <load_address>0x8750</load_address>
         <run_address>0x8750</run_address>
         <size>0xfc</size>
         <input_file_ref idref="fl-f1"/>
      </object_component>
      <object_component id="oc-25c">
         <name>.text</name>
         <load_address>0x884c</load_address>
         <run_address>0x884c</run_address>
         <size>0xf4</size>
         <input_file_ref idref="fl-9"/>
      </object_component>
      <object_component id="oc-2e1">
         <name>.text</name>
         <load_address>0x8940</load_address>
         <run_address>0x8940</run_address>
         <size>0xd8</size>
         <input_file_ref idref="fl-32"/>
      </object_component>
      <object_component id="oc-162">
         <name>.text</name>
         <load_address>0x8a18</load_address>
         <run_address>0x8a18</run_address>
         <size>0xb4</size>
         <input_file_ref idref="fl-3"/>
      </object_component>
      <object_component id="oc-366">
         <name>.text:_ltostr</name>
         <load_address>0x8acc</load_address>
         <run_address>0x8acc</run_address>
         <size>0xb1</size>
         <input_file_ref idref="fl-102"/>
      </object_component>
      <object_component id="oc-37">
         <name>.text</name>
         <load_address>0x8b7e</load_address>
         <run_address>0x8b7e</run_address>
         <size>0x9c</size>
         <input_file_ref idref="fl-f7"/>
      </object_component>
      <object_component id="oc-3c5">
         <name>.text</name>
         <load_address>0x8c1a</load_address>
         <run_address>0x8c1a</run_address>
         <size>0x96</size>
         <input_file_ref idref="fl-fa"/>
      </object_component>
      <object_component id="oc-36c">
         <name>.text:__aeabi_cdcmple</name>
         <load_address>0x8cb0</load_address>
         <run_address>0x8cb0</run_address>
         <size>0x86</size>
         <input_file_ref idref="fl-ef"/>
      </object_component>
      <object_component id="oc-e7">
         <name>.text:__aeabi_cdrcmple</name>
         <load_address>0x8d36</load_address>
         <run_address>0x8d36</run_address>
         <size>0x86</size>
         <input_file_ref idref="fl-ef"/>
      </object_component>
      <object_component id="oc-6d">
         <name>.text</name>
         <load_address>0x8dbc</load_address>
         <run_address>0x8dbc</run_address>
         <size>0x7c</size>
         <input_file_ref idref="fl-c"/>
      </object_component>
      <object_component id="oc-9f">
         <name>.text</name>
         <load_address>0x8e38</load_address>
         <run_address>0x8e38</run_address>
         <size>0x7a</size>
         <input_file_ref idref="fl-fb"/>
      </object_component>
      <object_component id="oc-3e2">
         <name>.text:_mcpy</name>
         <load_address>0x8eb2</load_address>
         <run_address>0x8eb2</run_address>
         <size>0x6e</size>
         <input_file_ref idref="fl-102"/>
      </object_component>
      <object_component id="oc-17">
         <name>.text:decompress:lzss:__TI_decompress_lzss</name>
         <load_address>0x8f20</load_address>
         <run_address>0x8f20</run_address>
         <size>0x68</size>
         <input_file_ref idref="fl-fe"/>
      </object_component>
      <object_component id="oc-3f7">
         <name>.text:frexp</name>
         <load_address>0x8f88</load_address>
         <run_address>0x8f88</run_address>
         <size>0x64</size>
         <input_file_ref idref="fl-103"/>
      </object_component>
      <object_component id="oc-377">
         <name>.text:_pconv_f</name>
         <load_address>0x8fec</load_address>
         <run_address>0x8fec</run_address>
         <size>0x56</size>
         <input_file_ref idref="fl-102"/>
      </object_component>
      <object_component id="oc-3d1">
         <name>.text:__TI_ltoa</name>
         <load_address>0x9042</load_address>
         <run_address>0x9042</run_address>
         <size>0x54</size>
         <input_file_ref idref="fl-10c"/>
      </object_component>
      <object_component id="oc-3dc">
         <name>.text:_ecpy</name>
         <load_address>0x9096</load_address>
         <run_address>0x9096</run_address>
         <size>0x52</size>
         <input_file_ref idref="fl-102"/>
      </object_component>
      <object_component id="oc-360">
         <name>.text:atoi</name>
         <load_address>0x90e8</load_address>
         <run_address>0x90e8</run_address>
         <size>0x4c</size>
         <input_file_ref idref="fl-10e"/>
      </object_component>
      <object_component id="oc-3cc">
         <name>.text</name>
         <load_address>0x9134</load_address>
         <run_address>0x9134</run_address>
         <size>0x48</size>
         <input_file_ref idref="fl-f2"/>
      </object_component>
      <object_component id="oc-190">
         <name>.text:__TI_auto_init_nobinit_nopinit:__TI_auto_init_nobinit_nopinit</name>
         <load_address>0x917c</load_address>
         <run_address>0x917c</run_address>
         <size>0x44</size>
         <input_file_ref idref="fl-107"/>
      </object_component>
      <object_component id="oc-f1">
         <name>.text</name>
         <load_address>0x91c0</load_address>
         <run_address>0x91c0</run_address>
         <size>0x44</size>
         <input_file_ref idref="fl-f4"/>
      </object_component>
      <object_component id="oc-263">
         <name>.text:sprintf</name>
         <load_address>0x9204</load_address>
         <run_address>0x9204</run_address>
         <size>0x40</size>
         <input_file_ref idref="fl-ec"/>
      </object_component>
      <object_component id="oc-3ef">
         <name>.text:_fcpy</name>
         <load_address>0x9244</load_address>
         <run_address>0x9244</run_address>
         <size>0x3e</size>
         <input_file_ref idref="fl-102"/>
      </object_component>
      <object_component id="oc-1c8">
         <name>.text</name>
         <load_address>0x9282</load_address>
         <run_address>0x9282</run_address>
         <size>0x3e</size>
         <input_file_ref idref="fl-14"/>
      </object_component>
      <object_component id="oc-e1">
         <name>.text:strncpy</name>
         <load_address>0x92c0</load_address>
         <run_address>0x92c0</run_address>
         <size>0x36</size>
         <input_file_ref idref="fl-ff"/>
      </object_component>
      <object_component id="oc-55">
         <name>.text:_c_int00_noargs:_c_int00_noargs</name>
         <load_address>0x92f8</load_address>
         <run_address>0x92f8</run_address>
         <size>0x34</size>
         <input_file_ref idref="fl-101"/>
      </object_component>
      <object_component id="oc-3d7">
         <name>.text</name>
         <load_address>0x932c</load_address>
         <run_address>0x932c</run_address>
         <size>0x2e</size>
         <input_file_ref idref="fl-f5"/>
      </object_component>
      <object_component id="oc-f6">
         <name>.text</name>
         <load_address>0x935a</load_address>
         <run_address>0x935a</run_address>
         <size>0x20</size>
         <input_file_ref idref="fl-f8"/>
      </object_component>
      <object_component id="oc-43">
         <name>.text:decompress:ZI:__TI_zero_init_nomemset:__TI_zero_init_nomemset</name>
         <load_address>0x937a</load_address>
         <run_address>0x937a</run_address>
         <size>0x1c</size>
         <input_file_ref idref="fl-fc"/>
      </object_component>
      <object_component id="oc-389">
         <name>.text:memccpy</name>
         <load_address>0x9396</load_address>
         <run_address>0x9396</run_address>
         <size>0x1c</size>
         <input_file_ref idref="fl-110"/>
      </object_component>
      <object_component id="oc-445">
         <name>.text:copysign</name>
         <load_address>0x93b2</load_address>
         <run_address>0x93b2</run_address>
         <size>0x1a</size>
         <input_file_ref idref="fl-113"/>
      </object_component>
      <object_component id="oc-307">
         <name>.text:_outs</name>
         <load_address>0x93cc</load_address>
         <run_address>0x93cc</run_address>
         <size>0x18</size>
         <input_file_ref idref="fl-ec"/>
      </object_component>
      <object_component id="oc-403">
         <name>.text:strchr</name>
         <load_address>0x93e4</load_address>
         <run_address>0x93e4</run_address>
         <size>0x16</size>
         <input_file_ref idref="fl-111"/>
      </object_component>
      <object_component id="oc-35a">
         <name>.text:strlen</name>
         <load_address>0x93fa</load_address>
         <run_address>0x93fa</run_address>
         <size>0x14</size>
         <input_file_ref idref="fl-112"/>
      </object_component>
      <object_component id="oc-38f">
         <name>.text:wcslen</name>
         <load_address>0x940e</load_address>
         <run_address>0x940e</run_address>
         <size>0x12</size>
         <input_file_ref idref="fl-105"/>
      </object_component>
      <object_component id="oc-1d">
         <name>.text:decompress:none:__TI_decompress_none</name>
         <load_address>0x9420</load_address>
         <run_address>0x9420</run_address>
         <size>0xe</size>
         <input_file_ref idref="fl-fd"/>
      </object_component>
      <object_component id="oc-67">
         <name>.text</name>
         <load_address>0x942e</load_address>
         <run_address>0x942e</run_address>
         <size>0xe</size>
         <input_file_ref idref="fl-29"/>
      </object_component>
      <object_component id="oc-30d">
         <name>.text:_outc</name>
         <load_address>0x943c</load_address>
         <run_address>0x943c</run_address>
         <size>0xa</size>
         <input_file_ref idref="fl-ec"/>
      </object_component>
      <object_component id="oc-395">
         <name>.text:__aeabi_errno_addr</name>
         <load_address>0x9448</load_address>
         <run_address>0x9448</run_address>
         <size>0x8</size>
         <input_file_ref idref="fl-100"/>
      </object_component>
      <object_component id="oc-a5">
         <name>.text:_system_pre_init</name>
         <load_address>0x9450</load_address>
         <run_address>0x9450</run_address>
         <size>0x4</size>
         <input_file_ref idref="fl-108"/>
      </object_component>
      <object_component id="oc-184">
         <name>.text:abort:abort</name>
         <load_address>0x9454</load_address>
         <run_address>0x9454</run_address>
         <size>0x4</size>
         <input_file_ref idref="fl-10a"/>
      </object_component>
      <object_component id="oc-269">
         <name>.const:ASCII</name>
         <load_address>0x9458</load_address>
         <run_address>0x9458</run_address>
         <size>0x1e0</size>
         <input_file_ref idref="fl-8"/>
      </object_component>
      <object_component id="oc-3c0">
         <name>.const:.string:_ctypes_</name>
         <load_address>0x9638</load_address>
         <run_address>0x9638</run_address>
         <size>0x101</size>
         <input_file_ref idref="fl-10f"/>
      </object_component>
      <object_component id="oc-1d4">
         <name>.const:g_pulRegs</name>
         <load_address>0x973c</load_address>
         <run_address>0x973c</run_address>
         <size>0x50</size>
         <input_file_ref idref="fl-1e"/>
      </object_component>
      <object_component id="oc-225">
         <name>.const:GPIO_PORT_TO_BASE</name>
         <load_address>0x978c</load_address>
         <run_address>0x978c</run_address>
         <size>0x30</size>
         <input_file_ref idref="fl-1b"/>
      </object_component>
      <object_component id="oc-241">
         <name>.const:$P$T0$1</name>
         <load_address>0x97bc</load_address>
         <run_address>0x97bc</run_address>
         <size>0x20</size>
         <input_file_ref idref="fl-a"/>
      </object_component>
      <object_component id="oc-1d1">
         <name>.const:g_pulPriority</name>
         <load_address>0x97dc</load_address>
         <run_address>0x97dc</run_address>
         <size>0x20</size>
         <input_file_ref idref="fl-1e"/>
      </object_component>
      <object_component id="oc-228">
         <name>.const:GPIO_PORT_TO_INT</name>
         <load_address>0x97fc</load_address>
         <run_address>0x97fc</run_address>
         <size>0x1c</size>
         <input_file_ref idref="fl-1b"/>
      </object_component>
      <object_component id="oc-d3">
         <name>.const:$P$T0$1</name>
         <load_address>0x9818</load_address>
         <run_address>0x9818</run_address>
         <size>0x18</size>
         <input_file_ref idref="fl-c"/>
      </object_component>
      <object_component id="oc-17b">
         <name>.const:$P$T0$1</name>
         <load_address>0x9830</load_address>
         <run_address>0x9830</run_address>
         <size>0x18</size>
         <input_file_ref idref="fl-1f"/>
      </object_component>
      <object_component id="oc-26f">
         <name>.const:.string:Masks</name>
         <load_address>0x9848</load_address>
         <run_address>0x9848</run_address>
         <size>0x8</size>
         <input_file_ref idref="fl-8"/>
      </object_component>
      <object_component id="oc-1da">
         <name>.const:g_pulDisRegs</name>
         <load_address>0x9850</load_address>
         <run_address>0x9850</run_address>
         <size>0x8</size>
         <input_file_ref idref="fl-1e"/>
      </object_component>
      <object_component id="oc-1d7">
         <name>.const:g_pulEnRegs</name>
         <load_address>0x9858</load_address>
         <run_address>0x9858</run_address>
         <size>0x8</size>
         <input_file_ref idref="fl-1e"/>
      </object_component>
      <object_component id="oc-1dd">
         <name>.const:g_pulPendRegs</name>
         <load_address>0x9860</load_address>
         <run_address>0x9860</run_address>
         <size>0x8</size>
         <input_file_ref idref="fl-1e"/>
      </object_component>
      <object_component id="oc-1e0">
         <name>.const:g_pulUnpendRegs</name>
         <load_address>0x9868</load_address>
         <run_address>0x9868</run_address>
         <size>0x8</size>
         <input_file_ref idref="fl-1e"/>
      </object_component>
      <object_component id="oc-4a4">
         <name>.cinit..data.load</name>
         <load_address>0x9870</load_address>
         <run_address>0x9870</run_address>
         <size>0x77</size>
      </object_component>
      <object_component id="oc-4a1">
         <name>__TI_handler_table</name>
         <load_address>0x98e8</load_address>
         <run_address>0x98e8</run_address>
         <size>0xc</size>
      </object_component>
      <object_component id="oc-4a5">
         <name>.cinit..bss.load</name>
         <load_address>0x98f8</load_address>
         <run_address>0x98f8</run_address>
         <size>0x8</size>
      </object_component>
      <object_component id="oc-4a3">
         <name>.cinit..vtable.load</name>
         <load_address>0x9900</load_address>
         <run_address>0x9900</run_address>
         <size>0x8</size>
      </object_component>
      <object_component id="oc-4a2">
         <name>__TI_cinit_table</name>
         <load_address>0x9908</load_address>
         <run_address>0x9908</run_address>
         <size>0x18</size>
      </object_component>
      <object_component id="oc-475">
         <name>.binit</name>
         <load_address>0x0</load_address>
         <run_address>0x0</run_address>
         <size>0x0</size>
      </object_component>
      <object_component id="oc-1ce">
         <name>.vtable</name>
         <uninitialized>true</uninitialized>
         <run_address>0x20000000</run_address>
         <size>0xe8</size>
         <input_file_ref idref="fl-1e"/>
      </object_component>
      <object_component id="oc-24b">
         <name>.data</name>
         <load_address>0x200004a4</load_address>
         <run_address>0x200004a4</run_address>
         <size>0xc</size>
         <input_file_ref idref="fl-4"/>
      </object_component>
      <object_component id="oc-2f4">
         <name>.data</name>
         <load_address>0x200004c0</load_address>
         <run_address>0x200004c0</run_address>
         <size>0x4</size>
         <input_file_ref idref="fl-9"/>
      </object_component>
      <object_component id="oc-2f7">
         <name>.data:upDownConfig</name>
         <load_address>0x20000458</load_address>
         <run_address>0x20000458</run_address>
         <size>0x18</size>
         <input_file_ref idref="fl-9"/>
      </object_component>
      <object_component id="oc-2fa">
         <name>.data:compareConfig_PWM1</name>
         <load_address>0x20000484</load_address>
         <run_address>0x20000484</run_address>
         <size>0x10</size>
         <input_file_ref idref="fl-9"/>
      </object_component>
      <object_component id="oc-2fd">
         <name>.data:compareConfig_PWM2</name>
         <load_address>0x20000494</load_address>
         <run_address>0x20000494</run_address>
         <size>0x10</size>
         <input_file_ref idref="fl-9"/>
      </object_component>
      <object_component id="oc-2ef">
         <name>.data:__getBurstProgramRegs</name>
         <load_address>0x20000418</load_address>
         <run_address>0x20000418</run_address>
         <size>0x40</size>
         <input_file_ref idref="fl-19"/>
      </object_component>
      <object_component id="oc-131">
         <name>.data</name>
         <load_address>0x20000416</load_address>
         <run_address>0x20000416</run_address>
         <size>0x1</size>
         <input_file_ref idref="fl-1d"/>
      </object_component>
      <object_component id="oc-129">
         <name>.data:i2cConfig</name>
         <load_address>0x20000470</load_address>
         <run_address>0x20000470</run_address>
         <size>0x14</size>
         <input_file_ref idref="fl-1d"/>
      </object_component>
      <object_component id="oc-174">
         <name>.data</name>
         <load_address>0x200004b0</load_address>
         <run_address>0x200004b0</run_address>
         <size>0x8</size>
         <input_file_ref idref="fl-1f"/>
      </object_component>
      <object_component id="oc-1c2">
         <name>.data</name>
         <load_address>0x200004c8</load_address>
         <run_address>0x200004c8</run_address>
         <size>0x4</size>
         <input_file_ref idref="fl-2b"/>
      </object_component>
      <object_component id="oc-10d">
         <name>.data:test</name>
         <load_address>0x200000e8</load_address>
         <run_address>0x200000e8</run_address>
         <size>0x21f</size>
         <input_file_ref idref="fl-31"/>
      </object_component>
      <object_component id="oc-10b">
         <name>.data</name>
         <load_address>0x200004b8</load_address>
         <run_address>0x200004b8</run_address>
         <size>0x8</size>
         <input_file_ref idref="fl-31"/>
      </object_component>
      <object_component id="oc-10c">
         <name>.data:pieceOfString$2</name>
         <load_address>0x20000307</load_address>
         <run_address>0x20000307</run_address>
         <size>0x10f</size>
         <input_file_ref idref="fl-31"/>
      </object_component>
      <object_component id="oc-413">
         <name>.data</name>
         <load_address>0x200004c4</load_address>
         <run_address>0x200004c4</run_address>
         <size>0x4</size>
         <input_file_ref idref="fl-100"/>
      </object_component>
      <object_component id="oc-21a">
         <name>.bss</name>
         <uninitialized>true</uninitialized>
         <run_address>0x200006c4</run_address>
         <size>0x8</size>
         <input_file_ref idref="fl-16"/>
      </object_component>
      <object_component id="oc-13b">
         <name>.common:BumpTask</name>
         <uninitialized>true</uninitialized>
         <run_address>0x200006d4</run_address>
         <size>0x4</size>
      </object_component>
      <object_component id="oc-246">
         <name>.common:LiftedUp</name>
         <uninitialized>true</uninitialized>
         <run_address>0x200006d8</run_address>
         <size>0x4</size>
      </object_component>
      <object_component id="oc-26c">
         <name>.common:Screen</name>
         <uninitialized>true</uninitialized>
         <run_address>0x200004cc</run_address>
         <size>0x1f8</size>
      </object_component>
      <object_component id="oc-d0">
         <name>.common:TimerTask</name>
         <uninitialized>true</uninitialized>
         <run_address>0x200006dc</run_address>
         <size>0x4</size>
      </object_component>
      <object_component id="oc-12f">
         <name>.common:ui8Status</name>
         <uninitialized>true</uninitialized>
         <run_address>0x200006ed</run_address>
         <size>0x1</size>
      </object_component>
      <object_component id="oc-12c">
         <name>.common:pData</name>
         <uninitialized>true</uninitialized>
         <run_address>0x200006e8</run_address>
         <size>0x4</size>
      </object_component>
      <object_component id="oc-134">
         <name>.common:ui8DummyRead</name>
         <uninitialized>true</uninitialized>
         <run_address>0x200006ec</run_address>
         <size>0x1</size>
      </object_component>
      <object_component id="oc-130">
         <name>.common:g_ui32ByteCount</name>
         <uninitialized>true</uninitialized>
         <run_address>0x200006e4</run_address>
         <size>0x4</size>
      </object_component>
      <object_component id="oc-24a">
         <name>.common:convertedLux</name>
         <uninitialized>true</uninitialized>
         <run_address>0x200006e0</run_address>
         <size>0x4</size>
      </object_component>
      <object_component id="oc-249">
         <name>.common:s_accelXYZ</name>
         <uninitialized>true</uninitialized>
         <run_address>0x200006cc</run_address>
         <size>0x6</size>
      </object_component>
      <object_component id="oc-177">
         <name>.common:ReflectanceRead</name>
         <uninitialized>true</uninitialized>
         <run_address>0x200006d2</run_address>
         <size>0x1</size>
      </object_component>
      <object_component id="oc-17a">
         <name>.common:bumpData</name>
         <uninitialized>true</uninitialized>
         <run_address>0x200006d3</run_address>
         <size>0x1</size>
      </object_component>
      <object_component id="oc-29">
         <name>.stack</name>
         <uninitialized>true</uninitialized>
         <run_address>0x2000fe00</run_address>
         <size>0x4</size>
         <input_file_ref idref="fl-101"/>
      </object_component>
      <object_component id="oc-4a7">
         <name>.stack</name>
         <uninitialized>true</uninitialized>
         <run_address>0x2000fe00</run_address>
         <size>0x0</size>
      </object_component>
      <object_component id="oc-13c">
         <name>.debug_info</name>
         <load_address>0x0</load_address>
         <run_address>0x0</run_address>
         <size>0x76d</size>
         <input_file_ref idref="fl-2"/>
      </object_component>
      <object_component id="oc-80">
         <name>.debug_info</name>
         <load_address>0x76d</load_address>
         <run_address>0x76d</run_address>
         <size>0x493</size>
         <input_file_ref idref="fl-2"/>
      </object_component>
      <object_component id="oc-141">
         <name>.debug_info</name>
         <load_address>0xc00</load_address>
         <run_address>0xc00</run_address>
         <size>0x26b</size>
         <input_file_ref idref="fl-2"/>
      </object_component>
      <object_component id="oc-1ec">
         <name>.debug_info</name>
         <load_address>0xe6b</load_address>
         <run_address>0xe6b</run_address>
         <size>0x1055</size>
         <input_file_ref idref="fl-2"/>
      </object_component>
      <object_component id="oc-20b">
         <name>.debug_info</name>
         <load_address>0x1ec0</load_address>
         <run_address>0x1ec0</run_address>
         <size>0x37e2</size>
         <input_file_ref idref="fl-2"/>
      </object_component>
      <object_component id="oc-238">
         <name>.debug_info</name>
         <load_address>0x56a2</load_address>
         <run_address>0x56a2</run_address>
         <size>0x9a</size>
         <input_file_ref idref="fl-2"/>
      </object_component>
      <object_component id="oc-2cc">
         <name>.debug_info</name>
         <load_address>0x573c</load_address>
         <run_address>0x573c</run_address>
         <size>0x1b5</size>
         <input_file_ref idref="fl-2"/>
      </object_component>
      <object_component id="oc-347">
         <name>.debug_info</name>
         <load_address>0x58f1</load_address>
         <run_address>0x58f1</run_address>
         <size>0xc6</size>
         <input_file_ref idref="fl-2"/>
      </object_component>
      <object_component id="oc-d7">
         <name>.debug_info</name>
         <load_address>0x59b7</load_address>
         <run_address>0x59b7</run_address>
         <size>0x341</size>
         <input_file_ref idref="fl-2"/>
      </object_component>
      <object_component id="oc-32">
         <name>.debug_info</name>
         <load_address>0x5cf8</load_address>
         <run_address>0x5cf8</run_address>
         <size>0x84</size>
         <input_file_ref idref="fl-2"/>
      </object_component>
      <object_component id="oc-1f3">
         <name>.debug_info</name>
         <load_address>0x5d7c</load_address>
         <run_address>0x5d7c</run_address>
         <size>0x2a4</size>
         <input_file_ref idref="fl-2"/>
      </object_component>
      <object_component id="oc-136">
         <name>.debug_info</name>
         <load_address>0x6020</load_address>
         <run_address>0x6020</run_address>
         <size>0xef</size>
         <input_file_ref idref="fl-2"/>
      </object_component>
      <object_component id="oc-dc">
         <name>.debug_info</name>
         <load_address>0x610f</load_address>
         <run_address>0x610f</run_address>
         <size>0xbb</size>
         <input_file_ref idref="fl-2"/>
      </object_component>
      <object_component id="oc-2c1">
         <name>.debug_info</name>
         <load_address>0x61ca</load_address>
         <run_address>0x61ca</run_address>
         <size>0x102</size>
         <input_file_ref idref="fl-2"/>
      </object_component>
      <object_component id="oc-163">
         <name>.debug_info</name>
         <load_address>0x62cc</load_address>
         <run_address>0x62cc</run_address>
         <size>0x3db</size>
         <input_file_ref idref="fl-3"/>
      </object_component>
      <object_component id="oc-111">
         <name>.debug_info</name>
         <load_address>0x66a7</load_address>
         <run_address>0x66a7</run_address>
         <size>0x8b</size>
         <input_file_ref idref="fl-3"/>
      </object_component>
      <object_component id="oc-247">
         <name>.debug_info</name>
         <load_address>0x6732</load_address>
         <run_address>0x6732</run_address>
         <size>0x8c4</size>
         <input_file_ref idref="fl-4"/>
      </object_component>
      <object_component id="oc-24c">
         <name>.debug_info</name>
         <load_address>0x6ff6</load_address>
         <run_address>0x6ff6</run_address>
         <size>0x119</size>
         <input_file_ref idref="fl-4"/>
      </object_component>
      <object_component id="oc-15e">
         <name>.debug_info</name>
         <load_address>0x710f</load_address>
         <run_address>0x710f</run_address>
         <size>0xfc6</size>
         <input_file_ref idref="fl-4"/>
      </object_component>
      <object_component id="oc-17f">
         <name>.debug_info</name>
         <load_address>0x80d5</load_address>
         <run_address>0x80d5</run_address>
         <size>0xf3</size>
         <input_file_ref idref="fl-4"/>
      </object_component>
      <object_component id="oc-283">
         <name>.debug_info</name>
         <load_address>0x81c8</load_address>
         <run_address>0x81c8</run_address>
         <size>0xaf</size>
         <input_file_ref idref="fl-4"/>
      </object_component>
      <object_component id="oc-277">
         <name>.debug_info</name>
         <load_address>0x8277</load_address>
         <run_address>0x8277</run_address>
         <size>0x8f</size>
         <input_file_ref idref="fl-4"/>
      </object_component>
      <object_component id="oc-27c">
         <name>.debug_info</name>
         <load_address>0x8306</load_address>
         <run_address>0x8306</run_address>
         <size>0x661</size>
         <input_file_ref idref="fl-4"/>
      </object_component>
      <object_component id="oc-169">
         <name>.debug_info</name>
         <load_address>0x8967</load_address>
         <run_address>0x8967</run_address>
         <size>0x733</size>
         <input_file_ref idref="fl-7"/>
      </object_component>
      <object_component id="oc-26d">
         <name>.debug_info</name>
         <load_address>0x909a</load_address>
         <run_address>0x909a</run_address>
         <size>0x6d3</size>
         <input_file_ref idref="fl-8"/>
      </object_component>
      <object_component id="oc-26a">
         <name>.debug_info</name>
         <load_address>0x976d</load_address>
         <run_address>0x976d</run_address>
         <size>0xdf</size>
         <input_file_ref idref="fl-8"/>
      </object_component>
      <object_component id="oc-270">
         <name>.debug_info</name>
         <load_address>0x984c</load_address>
         <run_address>0x984c</run_address>
         <size>0xe1</size>
         <input_file_ref idref="fl-8"/>
      </object_component>
      <object_component id="oc-170">
         <name>.debug_info</name>
         <load_address>0x992d</load_address>
         <run_address>0x992d</run_address>
         <size>0x1043</size>
         <input_file_ref idref="fl-8"/>
      </object_component>
      <object_component id="oc-215">
         <name>.debug_info</name>
         <load_address>0xa970</load_address>
         <run_address>0xa970</run_address>
         <size>0xcc</size>
         <input_file_ref idref="fl-8"/>
      </object_component>
      <object_component id="oc-315">
         <name>.debug_info</name>
         <load_address>0xaa3c</load_address>
         <run_address>0xaa3c</run_address>
         <size>0x2c</size>
         <input_file_ref idref="fl-8"/>
      </object_component>
      <object_component id="oc-2f5">
         <name>.debug_info</name>
         <load_address>0xaa68</load_address>
         <run_address>0xaa68</run_address>
         <size>0xe3</size>
         <input_file_ref idref="fl-9"/>
      </object_component>
      <object_component id="oc-2f8">
         <name>.debug_info</name>
         <load_address>0xab4b</load_address>
         <run_address>0xab4b</run_address>
         <size>0xdf</size>
         <input_file_ref idref="fl-9"/>
      </object_component>
      <object_component id="oc-2fb">
         <name>.debug_info</name>
         <load_address>0xac2a</load_address>
         <run_address>0xac2a</run_address>
         <size>0xeb</size>
         <input_file_ref idref="fl-9"/>
      </object_component>
      <object_component id="oc-2fe">
         <name>.debug_info</name>
         <load_address>0xad15</load_address>
         <run_address>0xad15</run_address>
         <size>0xeb</size>
         <input_file_ref idref="fl-9"/>
      </object_component>
      <object_component id="oc-25f">
         <name>.debug_info</name>
         <load_address>0xae00</load_address>
         <run_address>0xae00</run_address>
         <size>0x423</size>
         <input_file_ref idref="fl-9"/>
      </object_component>
      <object_component id="oc-245">
         <name>.debug_info</name>
         <load_address>0xb223</load_address>
         <run_address>0xb223</run_address>
         <size>0x6d8</size>
         <input_file_ref idref="fl-a"/>
      </object_component>
      <object_component id="oc-242">
         <name>.debug_info</name>
         <load_address>0xb8fb</load_address>
         <run_address>0xb8fb</run_address>
         <size>0xdd</size>
         <input_file_ref idref="fl-a"/>
      </object_component>
      <object_component id="oc-157">
         <name>.debug_info</name>
         <load_address>0xb9d8</load_address>
         <run_address>0xb9d8</run_address>
         <size>0xf0f</size>
         <input_file_ref idref="fl-a"/>
      </object_component>
      <object_component id="oc-1e7">
         <name>.debug_info</name>
         <load_address>0xc8e7</load_address>
         <run_address>0xc8e7</run_address>
         <size>0x37e2</size>
         <input_file_ref idref="fl-a"/>
      </object_component>
      <object_component id="oc-d1">
         <name>.debug_info</name>
         <load_address>0x100c9</load_address>
         <run_address>0x100c9</run_address>
         <size>0x6a7</size>
         <input_file_ref idref="fl-c"/>
      </object_component>
      <object_component id="oc-d4">
         <name>.debug_info</name>
         <load_address>0x10770</load_address>
         <run_address>0x10770</run_address>
         <size>0xe1</size>
         <input_file_ref idref="fl-c"/>
      </object_component>
      <object_component id="oc-6e">
         <name>.debug_info</name>
         <load_address>0x10851</load_address>
         <run_address>0x10851</run_address>
         <size>0x2fb</size>
         <input_file_ref idref="fl-c"/>
      </object_component>
      <object_component id="oc-233">
         <name>.debug_info</name>
         <load_address>0x10b4c</load_address>
         <run_address>0x10b4c</run_address>
         <size>0x6c</size>
         <input_file_ref idref="fl-10"/>
      </object_component>
      <object_component id="oc-1c9">
         <name>.debug_info</name>
         <load_address>0x10bb8</load_address>
         <run_address>0x10bb8</run_address>
         <size>0x2bb</size>
         <input_file_ref idref="fl-14"/>
      </object_component>
      <object_component id="oc-224">
         <name>.debug_info</name>
         <load_address>0x10e73</load_address>
         <run_address>0x10e73</run_address>
         <size>0x774</size>
         <input_file_ref idref="fl-16"/>
      </object_component>
      <object_component id="oc-21b">
         <name>.debug_info</name>
         <load_address>0x115e7</load_address>
         <run_address>0x115e7</run_address>
         <size>0xf5</size>
         <input_file_ref idref="fl-16"/>
      </object_component>
      <object_component id="oc-119">
         <name>.debug_info</name>
         <load_address>0x116dc</load_address>
         <run_address>0x116dc</run_address>
         <size>0x1ce7</size>
         <input_file_ref idref="fl-16"/>
      </object_component>
      <object_component id="oc-2f3">
         <name>.debug_info</name>
         <load_address>0x133c3</load_address>
         <run_address>0x133c3</run_address>
         <size>0x792</size>
         <input_file_ref idref="fl-19"/>
      </object_component>
      <object_component id="oc-2f0">
         <name>.debug_info</name>
         <load_address>0x13b55</load_address>
         <run_address>0x13b55</run_address>
         <size>0xf2</size>
         <input_file_ref idref="fl-19"/>
      </object_component>
      <object_component id="oc-257">
         <name>.debug_info</name>
         <load_address>0x13c47</load_address>
         <run_address>0x13c47</run_address>
         <size>0x3676</size>
         <input_file_ref idref="fl-19"/>
      </object_component>
      <object_component id="oc-22c">
         <name>.debug_info</name>
         <load_address>0x172bd</load_address>
         <run_address>0x172bd</run_address>
         <size>0x67d</size>
         <input_file_ref idref="fl-1b"/>
      </object_component>
      <object_component id="oc-229">
         <name>.debug_info</name>
         <load_address>0x1793a</load_address>
         <run_address>0x1793a</run_address>
         <size>0xe7</size>
         <input_file_ref idref="fl-1b"/>
      </object_component>
      <object_component id="oc-226">
         <name>.debug_info</name>
         <load_address>0x17a21</load_address>
         <run_address>0x17a21</run_address>
         <size>0xe9</size>
         <input_file_ref idref="fl-1b"/>
      </object_component>
      <object_component id="oc-121">
         <name>.debug_info</name>
         <load_address>0x17b0a</load_address>
         <run_address>0x17b0a</run_address>
         <size>0x169d</size>
         <input_file_ref idref="fl-1b"/>
      </object_component>
      <object_component id="oc-22e">
         <name>.debug_info</name>
         <load_address>0x191a7</load_address>
         <run_address>0x191a7</run_address>
         <size>0x66c</size>
         <input_file_ref idref="fl-1c"/>
      </object_component>
      <object_component id="oc-125">
         <name>.debug_info</name>
         <load_address>0x19813</load_address>
         <run_address>0x19813</run_address>
         <size>0x2753</size>
         <input_file_ref idref="fl-1c"/>
      </object_component>
      <object_component id="oc-12d">
         <name>.debug_info</name>
         <load_address>0x1bf66</load_address>
         <run_address>0x1bf66</run_address>
         <size>0x6cc</size>
         <input_file_ref idref="fl-1d"/>
      </object_component>
      <object_component id="oc-132">
         <name>.debug_info</name>
         <load_address>0x1c632</load_address>
         <run_address>0x1c632</run_address>
         <size>0xe0</size>
         <input_file_ref idref="fl-1d"/>
      </object_component>
      <object_component id="oc-12a">
         <name>.debug_info</name>
         <load_address>0x1c712</load_address>
         <run_address>0x1c712</run_address>
         <size>0xe0</size>
         <input_file_ref idref="fl-1d"/>
      </object_component>
      <object_component id="oc-7c">
         <name>.debug_info</name>
         <load_address>0x1c7f2</load_address>
         <run_address>0x1c7f2</run_address>
         <size>0x6a1</size>
         <input_file_ref idref="fl-1d"/>
      </object_component>
      <object_component id="oc-1e4">
         <name>.debug_info</name>
         <load_address>0x1ce93</load_address>
         <run_address>0x1ce93</run_address>
         <size>0x60b</size>
         <input_file_ref idref="fl-1e"/>
      </object_component>
      <object_component id="oc-1d2">
         <name>.debug_info</name>
         <load_address>0x1d49e</load_address>
         <run_address>0x1d49e</run_address>
         <size>0xe6</size>
         <input_file_ref idref="fl-1e"/>
      </object_component>
      <object_component id="oc-1d5">
         <name>.debug_info</name>
         <load_address>0x1d584</load_address>
         <run_address>0x1d584</run_address>
         <size>0xde</size>
         <input_file_ref idref="fl-1e"/>
      </object_component>
      <object_component id="oc-1d8">
         <name>.debug_info</name>
         <load_address>0x1d662</load_address>
         <run_address>0x1d662</run_address>
         <size>0xe2</size>
         <input_file_ref idref="fl-1e"/>
      </object_component>
      <object_component id="oc-1db">
         <name>.debug_info</name>
         <load_address>0x1d744</load_address>
         <run_address>0x1d744</run_address>
         <size>0xe4</size>
         <input_file_ref idref="fl-1e"/>
      </object_component>
      <object_component id="oc-1de">
         <name>.debug_info</name>
         <load_address>0x1d828</load_address>
         <run_address>0x1d828</run_address>
         <size>0xe6</size>
         <input_file_ref idref="fl-1e"/>
      </object_component>
      <object_component id="oc-1e1">
         <name>.debug_info</name>
         <load_address>0x1d90e</load_address>
         <run_address>0x1d90e</run_address>
         <size>0xea</size>
         <input_file_ref idref="fl-1e"/>
      </object_component>
      <object_component id="oc-1cf">
         <name>.debug_info</name>
         <load_address>0x1d9f8</load_address>
         <run_address>0x1d9f8</run_address>
         <size>0xeb</size>
         <input_file_ref idref="fl-1e"/>
      </object_component>
      <object_component id="oc-cb">
         <name>.debug_info</name>
         <load_address>0x1dae3</load_address>
         <run_address>0x1dae3</run_address>
         <size>0xe8c</size>
         <input_file_ref idref="fl-1e"/>
      </object_component>
      <object_component id="oc-178">
         <name>.debug_info</name>
         <load_address>0x1e96f</load_address>
         <run_address>0x1e96f</run_address>
         <size>0xa90</size>
         <input_file_ref idref="fl-1f"/>
      </object_component>
      <object_component id="oc-175">
         <name>.debug_info</name>
         <load_address>0x1f3ff</load_address>
         <run_address>0x1f3ff</run_address>
         <size>0xf5</size>
         <input_file_ref idref="fl-1f"/>
      </object_component>
      <object_component id="oc-17c">
         <name>.debug_info</name>
         <load_address>0x1f4f4</load_address>
         <run_address>0x1f4f4</run_address>
         <size>0xd5</size>
         <input_file_ref idref="fl-1f"/>
      </object_component>
      <object_component id="oc-ad">
         <name>.debug_info</name>
         <load_address>0x1f5c9</load_address>
         <run_address>0x1f5c9</run_address>
         <size>0x464</size>
         <input_file_ref idref="fl-1f"/>
      </object_component>
      <object_component id="oc-204">
         <name>.debug_info</name>
         <load_address>0x1fa2d</load_address>
         <run_address>0x1fa2d</run_address>
         <size>0x74</size>
         <input_file_ref idref="fl-1f"/>
      </object_component>
      <object_component id="oc-210">
         <name>.debug_info</name>
         <load_address>0x1faa1</load_address>
         <run_address>0x1faa1</run_address>
         <size>0x35</size>
         <input_file_ref idref="fl-1f"/>
      </object_component>
      <object_component id="oc-2ee">
         <name>.debug_info</name>
         <load_address>0x1fad6</load_address>
         <run_address>0x1fad6</run_address>
         <size>0x72f</size>
         <input_file_ref idref="fl-22"/>
      </object_component>
      <object_component id="oc-252">
         <name>.debug_info</name>
         <load_address>0x20205</load_address>
         <run_address>0x20205</run_address>
         <size>0x1e67</size>
         <input_file_ref idref="fl-22"/>
      </object_component>
      <object_component id="oc-346">
         <name>.debug_info</name>
         <load_address>0x2206c</load_address>
         <run_address>0x2206c</run_address>
         <size>0x668</size>
         <input_file_ref idref="fl-27"/>
      </object_component>
      <object_component id="oc-2e8">
         <name>.debug_info</name>
         <load_address>0x226d4</load_address>
         <run_address>0x226d4</run_address>
         <size>0x110b</size>
         <input_file_ref idref="fl-27"/>
      </object_component>
      <object_component id="oc-87">
         <name>.debug_info</name>
         <load_address>0x237df</load_address>
         <run_address>0x237df</run_address>
         <size>0x2cf</size>
         <input_file_ref idref="fl-29"/>
      </object_component>
      <object_component id="oc-27">
         <name>.debug_info</name>
         <load_address>0x23aae</load_address>
         <run_address>0x23aae</run_address>
         <size>0xfb</size>
         <input_file_ref idref="fl-29"/>
      </object_component>
      <object_component id="oc-69">
         <name>.debug_info</name>
         <load_address>0x23ba9</load_address>
         <run_address>0x23ba9</run_address>
         <size>0x1c2</size>
         <input_file_ref idref="fl-29"/>
      </object_component>
      <object_component id="oc-2c9">
         <name>.debug_info</name>
         <load_address>0x23d6b</load_address>
         <run_address>0x23d6b</run_address>
         <size>0x543</size>
         <input_file_ref idref="fl-2a"/>
      </object_component>
      <object_component id="oc-21e">
         <name>.debug_info</name>
         <load_address>0x242ae</load_address>
         <run_address>0x242ae</run_address>
         <size>0xb9b</size>
         <input_file_ref idref="fl-2a"/>
      </object_component>
      <object_component id="oc-1c3">
         <name>.debug_info</name>
         <load_address>0x24e49</load_address>
         <run_address>0x24e49</run_address>
         <size>0xf4</size>
         <input_file_ref idref="fl-2b"/>
      </object_component>
      <object_component id="oc-be">
         <name>.debug_info</name>
         <load_address>0x24f3d</load_address>
         <run_address>0x24f3d</run_address>
         <size>0x266</size>
         <input_file_ref idref="fl-2b"/>
      </object_component>
      <object_component id="oc-1c7">
         <name>.debug_info</name>
         <load_address>0x251a3</load_address>
         <run_address>0x251a3</run_address>
         <size>0x6a1</size>
         <input_file_ref idref="fl-2e"/>
      </object_component>
      <object_component id="oc-c6">
         <name>.debug_info</name>
         <load_address>0x25844</load_address>
         <run_address>0x25844</run_address>
         <size>0x1ffb</size>
         <input_file_ref idref="fl-2e"/>
      </object_component>
      <object_component id="oc-201">
         <name>.debug_info</name>
         <load_address>0x2783f</load_address>
         <run_address>0x2783f</run_address>
         <size>0x667</size>
         <input_file_ref idref="fl-30"/>
      </object_component>
      <object_component id="oc-108">
         <name>.debug_info</name>
         <load_address>0x27ea6</load_address>
         <run_address>0x27ea6</run_address>
         <size>0x12c4</size>
         <input_file_ref idref="fl-30"/>
      </object_component>
      <object_component id="oc-116">
         <name>.debug_info</name>
         <load_address>0x2916a</load_address>
         <run_address>0x2916a</run_address>
         <size>0x5df</size>
         <input_file_ref idref="fl-31"/>
      </object_component>
      <object_component id="oc-10e">
         <name>.debug_info</name>
         <load_address>0x29749</load_address>
         <run_address>0x29749</run_address>
         <size>0xd7</size>
         <input_file_ref idref="fl-31"/>
      </object_component>
      <object_component id="oc-74">
         <name>.debug_info</name>
         <load_address>0x29820</load_address>
         <run_address>0x29820</run_address>
         <size>0x55b</size>
         <input_file_ref idref="fl-31"/>
      </object_component>
      <object_component id="oc-344">
         <name>.debug_info</name>
         <load_address>0x29d7b</load_address>
         <run_address>0x29d7b</run_address>
         <size>0x70b</size>
         <input_file_ref idref="fl-32"/>
      </object_component>
      <object_component id="oc-2e2">
         <name>.debug_info</name>
         <load_address>0x2a486</load_address>
         <run_address>0x2a486</run_address>
         <size>0x723</size>
         <input_file_ref idref="fl-32"/>
      </object_component>
      <object_component id="oc-314">
         <name>.debug_info</name>
         <load_address>0x2aba9</load_address>
         <run_address>0x2aba9</run_address>
         <size>0x333</size>
         <input_file_ref idref="fl-ec"/>
      </object_component>
      <object_component id="oc-265">
         <name>.debug_info</name>
         <load_address>0x2aedc</load_address>
         <run_address>0x2aedc</run_address>
         <size>0x1d1</size>
         <input_file_ref idref="fl-ec"/>
      </object_component>
      <object_component id="oc-309">
         <name>.debug_info</name>
         <load_address>0x2b0ad</load_address>
         <run_address>0x2b0ad</run_address>
         <size>0x18d</size>
         <input_file_ref idref="fl-ec"/>
      </object_component>
      <object_component id="oc-311">
         <name>.debug_info</name>
         <load_address>0x2b23a</load_address>
         <run_address>0x2b23a</run_address>
         <size>0x16d</size>
         <input_file_ref idref="fl-ec"/>
      </object_component>
      <object_component id="oc-41a">
         <name>.debug_info</name>
         <load_address>0x2b3a7</load_address>
         <run_address>0x2b3a7</run_address>
         <size>0x2c</size>
         <input_file_ref idref="fl-ec"/>
      </object_component>
      <object_component id="oc-fd">
         <name>.debug_info</name>
         <load_address>0x2b3d3</load_address>
         <run_address>0x2b3d3</run_address>
         <size>0x14c</size>
         <input_file_ref idref="fl-ee"/>
      </object_component>
      <object_component id="oc-36d">
         <name>.debug_info</name>
         <load_address>0x2b51f</load_address>
         <run_address>0x2b51f</run_address>
         <size>0x128</size>
         <input_file_ref idref="fl-ef"/>
      </object_component>
      <object_component id="oc-e9">
         <name>.debug_info</name>
         <load_address>0x2b647</load_address>
         <run_address>0x2b647</run_address>
         <size>0x12a</size>
         <input_file_ref idref="fl-ef"/>
      </object_component>
      <object_component id="oc-ed">
         <name>.debug_info</name>
         <load_address>0x2b771</load_address>
         <run_address>0x2b771</run_address>
         <size>0x13a</size>
         <input_file_ref idref="fl-f0"/>
      </object_component>
      <object_component id="oc-103">
         <name>.debug_info</name>
         <load_address>0x2b8ab</load_address>
         <run_address>0x2b8ab</run_address>
         <size>0x13a</size>
         <input_file_ref idref="fl-f1"/>
      </object_component>
      <object_component id="oc-3ce">
         <name>.debug_info</name>
         <load_address>0x2b9e5</load_address>
         <run_address>0x2b9e5</run_address>
         <size>0x12e</size>
         <input_file_ref idref="fl-f2"/>
      </object_component>
      <object_component id="oc-f3">
         <name>.debug_info</name>
         <load_address>0x2bb13</load_address>
         <run_address>0x2bb13</run_address>
         <size>0x139</size>
         <input_file_ref idref="fl-f4"/>
      </object_component>
      <object_component id="oc-3d9">
         <name>.debug_info</name>
         <load_address>0x2bc4c</load_address>
         <run_address>0x2bc4c</run_address>
         <size>0x12c</size>
         <input_file_ref idref="fl-f5"/>
      </object_component>
      <object_component id="oc-3a">
         <name>.debug_info</name>
         <load_address>0x2bd78</load_address>
         <run_address>0x2bd78</run_address>
         <size>0x119</size>
         <input_file_ref idref="fl-f7"/>
      </object_component>
      <object_component id="oc-f8">
         <name>.debug_info</name>
         <load_address>0x2be91</load_address>
         <run_address>0x2be91</run_address>
         <size>0x12e</size>
         <input_file_ref idref="fl-f8"/>
      </object_component>
      <object_component id="oc-3c7">
         <name>.debug_info</name>
         <load_address>0x2bfbf</load_address>
         <run_address>0x2bfbf</run_address>
         <size>0x134</size>
         <input_file_ref idref="fl-fa"/>
      </object_component>
      <object_component id="oc-a2">
         <name>.debug_info</name>
         <load_address>0x2c0f3</load_address>
         <run_address>0x2c0f3</run_address>
         <size>0x147</size>
         <input_file_ref idref="fl-fb"/>
      </object_component>
      <object_component id="oc-9e">
         <name>.debug_info</name>
         <load_address>0x2c23a</load_address>
         <run_address>0x2c23a</run_address>
         <size>0x2d4</size>
         <input_file_ref idref="fl-fc"/>
      </object_component>
      <object_component id="oc-45">
         <name>.debug_info</name>
         <load_address>0x2c50e</load_address>
         <run_address>0x2c50e</run_address>
         <size>0x1d2</size>
         <input_file_ref idref="fl-fc"/>
      </object_component>
      <object_component id="oc-99">
         <name>.debug_info</name>
         <load_address>0x2c6e0</load_address>
         <run_address>0x2c6e0</run_address>
         <size>0x46</size>
         <input_file_ref idref="fl-fc"/>
      </object_component>
      <object_component id="oc-14d">
         <name>.debug_info</name>
         <load_address>0x2c726</load_address>
         <run_address>0x2c726</run_address>
         <size>0x2c</size>
         <input_file_ref idref="fl-fc"/>
      </object_component>
      <object_component id="oc-42">
         <name>.debug_info</name>
         <load_address>0x2c752</load_address>
         <run_address>0x2c752</run_address>
         <size>0x2a8</size>
         <input_file_ref idref="fl-fd"/>
      </object_component>
      <object_component id="oc-21">
         <name>.debug_info</name>
         <load_address>0x2c9fa</load_address>
         <run_address>0x2c9fa</run_address>
         <size>0x1ea</size>
         <input_file_ref idref="fl-fd"/>
      </object_component>
      <object_component id="oc-3d">
         <name>.debug_info</name>
         <load_address>0x2cbe4</load_address>
         <run_address>0x2cbe4</run_address>
         <size>0x46</size>
         <input_file_ref idref="fl-fd"/>
      </object_component>
      <object_component id="oc-91">
         <name>.debug_info</name>
         <load_address>0x2cc2a</load_address>
         <run_address>0x2cc2a</run_address>
         <size>0x2c</size>
         <input_file_ref idref="fl-fd"/>
      </object_component>
      <object_component id="oc-8f">
         <name>.debug_info</name>
         <load_address>0x2cc56</load_address>
         <run_address>0x2cc56</run_address>
         <size>0x29e</size>
         <input_file_ref idref="fl-fe"/>
      </object_component>
[...]
         <object_component_ref idref="oc-105"/>
      </symbol>
      <symbol id="sm-a8a">
         <name>UART_receiveData</name>
         <value>0x655f</value>
         <object_component_ref idref="oc-105"/>
      </symbol>
      <symbol id="sm-a8b">
         <name>UART_enableModule</name>
         <value>0x6585</value>
         <object_component_ref idref="oc-105"/>
      </symbol>
      <symbol id="sm-a8c">
         <name>UART_disableModule</name>
         <value>0x659b</value>
         <object_component_ref idref="oc-105"/>
      </symbol>
      <symbol id="sm-a8d">
         <name>UART_getEnabledInterruptStatus</name>
         <value>0x670d</value>
         <object_component_ref idref="oc-105"/>
      </symbol>
      <symbol id="sm-a8e">
         <name>UART_transmitData</name>
         <value>0x6535</value>
         <object_component_ref idref="oc-105"/>
      </symbol>
      <symbol id="sm-a8f">
         <name>UART_transmitBreak</name>
         <value>0x660b</value>
         <object_component_ref idref="oc-105"/>
      </symbol>
      <symbol id="sm-a90">
         <name>UART_registerInterrupt</name>
         <value>0x6795</value>
         <object_component_ref idref="oc-105"/>
      </symbol>
      <symbol id="sm-a91">
         <name>UART_selectDeglitchTime</name>
         <value>0x666d</value>
         <object_component_ref idref="oc-105"/>
      </symbol>
      <symbol id="sm-a92">
         <name>UART_getInterruptStatus</name>
         <value>0x66e9</value>
         <object_component_ref idref="oc-105"/>
      </symbol>
      <symbol id="sm-a93">
         <name>UART_getReceiveBufferAddressForDMA</name>
         <value>0x6651</value>
         <object_component_ref idref="oc-105"/>
      </symbol>
      <symbol id="sm-a94">
         <name>UART_getTransmitBufferAddressForDMA</name>
         <value>0x665f</value>
         <object_component_ref idref="oc-105"/>
      </symbol>
      <symbol id="sm-a95">
         <name>UART_initModule</name>
         <value>0x6431</value>
         <object_component_ref idref="oc-105"/>
      </symbol>
      <symbol id="sm-a96">
         <name>UART_transmitAddress</name>
         <value>0x65ed</value>
         <object_component_ref idref="oc-105"/>
      </symbol>
      <symbol id="sm-a97">
         <name>UART_clearInterruptFlag</name>
         <value>0x6775</value>
         <object_component_ref idref="oc-105"/>
      </symbol>
      <symbol id="sm-a98">
         <name>UART_queryStatusFlags</name>
         <value>0x65b1</value>
         <object_component_ref idref="oc-105"/>
      </symbol>
      <symbol id="sm-a99">
         <name>UART_disableInterrupt</name>
         <value>0x66b9</value>
         <object_component_ref idref="oc-105"/>
      </symbol>
      <symbol id="sm-a9a">
         <name>UART_setDormant</name>
         <value>0x65c5</value>
         <object_component_ref idref="oc-105"/>
      </symbol>
      <symbol id="sm-a9b">
         <name>UART_resetDormant</name>
         <value>0x65d9</value>
         <object_component_ref idref="oc-105"/>
      </symbol>
      <symbol id="sm-ad9">
         <name>receiveText</name>
         <value>0x75ef</value>
         <object_component_ref idref="oc-73"/>
      </symbol>
      <symbol id="sm-ada">
         <name>uartInit</name>
         <value>0x7473</value>
         <object_component_ref idref="oc-73"/>
      </symbol>
      <symbol id="sm-adb">
         <name>EUSCIA0_IRQHandler</name>
         <value>0x7593</value>
         <object_component_ref idref="oc-73"/>
      </symbol>
      <symbol id="sm-adc">
         <name>test</name>
         <value>0x200000e8</value>
         <object_component_ref idref="oc-10d"/>
      </symbol>
      <symbol id="sm-add">
         <name>sendText</name>
         <value>0x75af</value>
         <object_component_ref idref="oc-73"/>
      </symbol>
      <symbol id="sm-ade">
         <name>uartReceive</name>
         <value>0x73dd</value>
         <object_component_ref idref="oc-73"/>
      </symbol>
      <symbol id="sm-af5">
         <name>WDT_A_setTimeoutReset</name>
         <value>0x89e5</value>
         <object_component_ref idref="oc-2e1"/>
      </symbol>
      <symbol id="sm-af6">
         <name>WDT_A_registerInterrupt</name>
         <value>0x89f1</value>
         <object_component_ref idref="oc-2e1"/>
      </symbol>
      <symbol id="sm-af7">
         <name>WDT_A_setPasswordViolationReset</name>
         <value>0x89d9</value>
         <object_component_ref idref="oc-2e1"/>
      </symbol>
      <symbol id="sm-af8">
         <name>WDT_A_initIntervalTimer</name>
         <value>0x89bd</value>
         <object_component_ref idref="oc-2e1"/>
      </symbol>
      <symbol id="sm-af9">
         <name>WDT_A_clearTimer</name>
         <value>0x8981</value>
         <object_component_ref idref="oc-2e1"/>
      </symbol>
      <symbol id="sm-afa">
         <name>WDT_A_holdTimer</name>
         <value>0x8941</value>
         <object_component_ref idref="oc-2e1"/>
      </symbol>
      <symbol id="sm-afb">
         <name>WDT_A_initWatchdogTimer</name>
         <value>0x89a1</value>
         <object_component_ref idref="oc-2e1"/>
      </symbol>
      <symbol id="sm-afc">
         <name>WDT_A_startTimer</name>
         <value>0x8961</value>
         <object_component_ref idref="oc-2e1"/>
      </symbol>
      <symbol id="sm-afd">
         <name>WDT_A_unregisterInterrupt</name>
         <value>0x8a05</value>
         <object_component_ref idref="oc-2e1"/>
      </symbol>
      <symbol id="sm-b24">
         <name>sprintf</name>
         <value>0x9205</value>
         <object_component_ref idref="oc-263"/>
      </symbol>
      <symbol id="sm-b3c">
         <name>__aeabi_dsub</name>
         <value>0x7d01</value>
         <object_component_ref idref="oc-fb"/>
      </symbol>
      <symbol id="sm-b3d">
         <name>__aeabi_dadd</name>
         <value>0x7d0b</value>
         <object_component_ref idref="oc-fb"/>
      </symbol>
      <symbol id="sm-b5f">
         <name>__aeabi_cdcmpeq</name>
         <value>0x8cb1</value>
         <object_component_ref idref="oc-36c"/>
      </symbol>
      <symbol id="sm-b60">
         <name>__aeabi_cdcmple</name>
         <value>0x8cb1</value>
         <object_component_ref idref="oc-36c"/>
      </symbol>
      <symbol id="sm-b61">
         <name>__aeabi_cdrcmple</name>
         <value>0x8d37</value>
         <object_component_ref idref="oc-e7"/>
      </symbol>
      <symbol id="sm-b75">
         <name>__aeabi_ddiv</name>
         <value>0x82dd</value>
         <object_component_ref idref="oc-ec"/>
      </symbol>
      <symbol id="sm-b80">
         <name>__aeabi_dmul</name>
         <value>0x8751</value>
         <object_component_ref idref="oc-100"/>
      </symbol>
      <symbol id="sm-b8a">
         <name>__aeabi_d2iz</name>
         <value>0x9135</value>
         <object_component_ref idref="oc-3cc"/>
      </symbol>
      <symbol id="sm-b95">
         <name>__aeabi_d2uiz</name>
         <value>0x91c1</value>
         <object_component_ref idref="oc-f1"/>
      </symbol>
      <symbol id="sm-b9f">
         <name>__aeabi_i2d</name>
         <value>0x932d</value>
         <object_component_ref idref="oc-3d7"/>
      </symbol>
      <symbol id="sm-bbb">
         <name>memcpy</name>
         <value>0x8b7f</value>
         <object_component_ref idref="oc-37"/>
      </symbol>
      <symbol id="sm-bbc">
         <name>__aeabi_memcpy</name>
         <value>0x8b7f</value>
         <object_component_ref idref="oc-37"/>
      </symbol>
      <symbol id="sm-bbd">
         <name>__aeabi_memcpy8</name>
         <value>0x8b7f</value>
         <object_component_ref idref="oc-37"/>
      </symbol>
      <symbol id="sm-bbe">
         <name>__aeabi_memcpy4</name>
         <value>0x8b7f</value>
         <object_component_ref idref="oc-37"/>
      </symbol>
      <symbol id="sm-bc8">
         <name>__aeabi_ui2d</name>
         <value>0x935b</value>
         <object_component_ref idref="oc-f6"/>
      </symbol>
      <symbol id="sm-bd6">
         <name>__aeabi_uldivmod</name>
         <value>0x8c1b</value>
         <object_component_ref idref="oc-3c5"/>
      </symbol>
      <symbol id="sm-be5">
         <name>__aeabi_memset</name>
         <value>0x8e3b</value>
         <object_component_ref idref="oc-9f"/>
      </symbol>
      <symbol id="sm-be6">
         <name>memset</name>
         <value>0x8e41</value>
         <object_component_ref idref="oc-9f"/>
      </symbol>
      <symbol id="sm-be7">
         <name>__aeabi_memset8</name>
         <value>0x8e3b</value>
         <object_component_ref idref="oc-9f"/>
      </symbol>
      <symbol id="sm-be8">
         <name>__aeabi_memset4</name>
         <value>0x8e3b</value>
         <object_component_ref idref="oc-9f"/>
      </symbol>
      <symbol id="sm-be9">
         <name>__aeabi_memclr8</name>
         <value>0x8e39</value>
         <object_component_ref idref="oc-9f"/>
      </symbol>
      <symbol id="sm-bea">
         <name>__aeabi_memclr4</name>
         <value>0x8e39</value>
         <object_component_ref idref="oc-9f"/>
      </symbol>
      <symbol id="sm-beb">
         <name>__aeabi_memclr</name>
         <value>0x8e39</value>
         <object_component_ref idref="oc-9f"/>
      </symbol>
      <symbol id="sm-c04">
         <name>__TI_zero_init_nomemset</name>
         <value>0x937b</value>
         <object_component_ref idref="oc-43"/>
      </symbol>
      <symbol id="sm-c1b">
         <name>__TI_decompress_none</name>
         <value>0x9421</value>
         <object_component_ref idref="oc-1d"/>
      </symbol>
      <symbol id="sm-c3e">
         <name>__TI_decompress_lzss</name>
         <value>0x8f21</value>
         <object_component_ref idref="oc-17"/>
      </symbol>
      <symbol id="sm-c4e">
         <name>strncpy</name>
         <value>0x92c1</value>
         <object_component_ref idref="oc-e1"/>
      </symbol>
      <symbol id="sm-c64">
         <name>__aeabi_errno_addr</name>
         <value>0x9449</value>
         <object_component_ref idref="oc-395"/>
      </symbol>
      <symbol id="sm-c65">
         <name>errno</name>
         <value>0x200004c4</value>
         <object_component_ref idref="oc-413"/>
      </symbol>
      <symbol id="sm-c78">
         <name>__stack</name>
         <value>0x2000fe00</value>
         <object_component_ref idref="oc-29"/>
      </symbol>
      <symbol id="sm-c79">
         <name>_c_int00_noargs</name>
         <value>0x92f9</value>
         <object_component_ref idref="oc-55"/>
      </symbol>
      <symbol id="sm-dde">
         <name>__TI_printfi</name>
         <value>0x22e9</value>
         <object_component_ref idref="oc-301"/>
      </symbol>
      <symbol id="sm-dfe">
         <name>frexpl</name>
         <value>0x8f89</value>
         <object_component_ref idref="oc-3f7"/>
      </symbol>
      <symbol id="sm-dff">
         <name>frexp</name>
         <value>0x8f89</value>
         <object_component_ref idref="oc-3f7"/>
      </symbol>
      <symbol id="sm-e1c">
         <name>scalbn</name>
         <value>0x8539</value>
         <object_component_ref idref="oc-3fd"/>
      </symbol>
      <symbol id="sm-e1d">
         <name>scalbnl</name>
         <value>0x8539</value>
         <object_component_ref idref="oc-3fd"/>
      </symbol>
      <symbol id="sm-e1e">
         <name>ldexpl</name>
         <value>0x8539</value>
         <object_component_ref idref="oc-3fd"/>
      </symbol>
      <symbol id="sm-e1f">
         <name>ldexp</name>
         <value>0x8539</value>
         <object_component_ref idref="oc-3fd"/>
      </symbol>
      <symbol id="sm-e38">
         <name>wcslen</name>
         <value>0x940f</value>
         <object_component_ref idref="oc-38f"/>
      </symbol>
      <symbol id="sm-e42">
         <name>__aeabi_idiv0</name>
         <value>0x2d37</value>
         <object_component_ref idref="oc-430"/>
      </symbol>
      <symbol id="sm-e43">
         <name>__aeabi_ldiv0</name>
         <value>0x2d37</value>
         <object_component_ref idref="oc-430"/>
      </symbol>
      <symbol id="sm-e6b">
         <name>__TI_auto_init_nobinit_nopinit</name>
         <value>0x917d</value>
         <object_component_ref idref="oc-190"/>
      </symbol>
      <symbol id="sm-e75">
         <name>_system_pre_init</name>
         <value>0x9451</value>
         <object_component_ref idref="oc-a5"/>
      </symbol>
      <symbol id="sm-e81">
         <name>C$$EXIT</name>
         <value>0x9455</value>
         <object_component_ref idref="oc-184"/>
      </symbol>
      <symbol id="sm-e82">
         <name>abort</name>
         <value>0x9455</value>
         <object_component_ref idref="oc-184"/>
      </symbol>
      <symbol id="sm-e92">
         <name>__TI_ltoa</name>
         <value>0x9043</value>
         <object_component_ref idref="oc-3d1"/>
      </symbol>
      <symbol id="sm-ea9">
         <name>atoi</name>
         <value>0x90e9</value>
         <object_component_ref idref="oc-360"/>
      </symbol>
      <symbol id="sm-eb4">
         <name>_ctypes_</name>
         <value>0x9638</value>
         <object_component_ref idref="oc-3c0"/>
      </symbol>
      <symbol id="sm-ec4">
         <name>memccpy</name>
         <value>0x9397</value>
         <object_component_ref idref="oc-389"/>
      </symbol>
      <symbol id="sm-ed4">
         <name>strchr</name>
         <value>0x93e5</value>
         <object_component_ref idref="oc-403"/>
      </symbol>
      <symbol id="sm-ee2">
         <name>strlen</name>
         <value>0x93fb</value>
         <object_component_ref idref="oc-35a"/>
      </symbol>
      <symbol id="sm-eec">
         <name>copysign</name>
         <value>0x93b3</value>
         <object_component_ref idref="oc-445"/>
      </symbol>
      <symbol id="sm-eed">
         <name>copysignl</name>
         <value>0x93b3</value>
         <object_component_ref idref="oc-445"/>
      </symbol>
      <symbol id="sm-eee">
         <name>__TI_static_base__</name>
         <value>0x0</value>
      </symbol>
      <symbol id="sm-ef1">
         <name>__mpu_init</name>
         <value>0x0</value>
      </symbol>
      <symbol id="sm-ef2">
         <name>_system_post_cinit</name>
         <value>0x0</value>
      </symbol>
      <symbol id="sm-ef3">
         <name>NMI_Handler</name>
         <value>0x943b</value>
      </symbol>
      <symbol id="sm-ef4">
         <name>HardFault_Handler</name>
         <value>0x943b</value>
      </symbol>
      <symbol id="sm-ef5">
         <name>MemManage_Handler</name>
         <value>0x943b</value>
      </symbol>
      <symbol id="sm-ef6">
         <name>BusFault_Handler</name>
         <value>0x943b</value>
      </symbol>
      <symbol id="sm-ef7">
         <name>UsageFault_Handler</name>
         <value>0x943b</value>
      </symbol>
      <symbol id="sm-ef8">
         <name>SVC_Handler</name>
         <value>0x943b</value>
      </symbol>
      <symbol id="sm-ef9">
         <name>DebugMon_Handler</name>
         <value>0x943b</value>
      </symbol>
      <symbol id="sm-efa">
         <name>PendSV_Handler</name>
         <value>0x943b</value>
      </symbol>
      <symbol id="sm-efb">
         <name>SysTick_Handler</name>
         <value>0x943b</value>
      </symbol>
      <symbol id="sm-efc">
         <name>PSS_IRQHandler</name>
         <value>0x943b</value>
      </symbol>
      <symbol id="sm-efd">
         <name>CS_IRQHandler</name>
         <value>0x943b</value>
      </symbol>
      <symbol id="sm-efe">
         <name>PCM_IRQHandler</name>
         <value>0x943b</value>
      </symbol>
      <symbol id="sm-eff">
         <name>WDT_A_IRQHandler</name>
         <value>0x943b</value>
      </symbol>
      <symbol id="sm-f00">
         <name>FPU_IRQHandler</name>
         <value>0x943b</value>
      </symbol>
      <symbol id="sm-f01">
         <name>FLCTL_IRQHandler</name>
         <value>0x943b</value>
      </symbol>
      <symbol id="sm-f02">
         <name>COMP_E0_IRQHandler</name>
         <value>0x943b</value>
      </symbol>
      <symbol id="sm-f03">
         <name>COMP_E1_IRQHandler</name>
         <value>0x943b</value>
      </symbol>
      <symbol id="sm-f04">
         <name>TA0_0_IRQHandler</name>
         <value>0x943b</value>
      </symbol>
      <symbol id="sm-f05">
         <name>TA0_N_IRQHandler</name>
         <value>0x943b</value>
      </symbol>
      <symbol id="sm-f06">
         <name>TA1_0_IRQHandler</name>
         <value>0x8e1b</value>
      </symbol>
      <symbol id="sm-f07">
         <name>TA1_N_IRQHandler</name>
         <value>0x943b</value>
      </symbol>
      <symbol id="sm-f08">
         <name>TA2_0_IRQHandler</name>
         <value>0x943b</value>
      </symbol>
      <symbol id="sm-f09">
         <name>TA2_N_IRQHandler</name>
         <value>0x943b</value>
      </symbol>
      <symbol id="sm-f0a">
         <name>TA3_0_IRQHandler</name>
         <value>0x943b</value>
      </symbol>
      <symbol id="sm-f0b">
         <name>TA3_N_IRQHandler</name>
         <value>0x943b</value>
      </symbol>
      <symbol id="sm-f0c">
         <name>EUSCIA0_IRQHandler</name>
         <value>0x7593</value>
      </symbol>
      <symbol id="sm-f0d">
         <name>EUSCIA1_IRQHandler</name>
         <value>0x943b</value>
      </symbol>
      <symbol id="sm-f0e">
         <name>EUSCIA2_IRQHandler</name>
         <value>0x943b</value>
      </symbol>
      <symbol id="sm-f0f">
         <name>EUSCIA3_IRQHandler</name>
         <value>0x943b</value>
      </symbol>
      <symbol id="sm-f10">
         <name>EUSCIB0_IRQHandler</name>
         <value>0x943b</value>
      </symbol>
      <symbol id="sm-f11">
         <name>EUSCIB1_IRQHandler</name>
         <value>0x6b9d</value>
      </symbol>
      <symbol id="sm-f12">
         <name>EUSCIB2_IRQHandler</name>
         <value>0x943b</value>
      </symbol>
      <symbol id="sm-f13">
         <name>EUSCIB3_IRQHandler</name>
         <value>0x943b</value>
      </symbol>
      <symbol id="sm-f14">
         <name>ADC14_IRQHandler</name>
         <value>0x943b</value>
      </symbol>
      <symbol id="sm-f15">
         <name>T32_INT1_IRQHandler</name>
         <value>0x943b</value>
      </symbol>
      <symbol id="sm-f16">
         <name>T32_INT2_IRQHandler</name>
         <value>0x943b</value>
      </symbol>
      <symbol id="sm-f17">
         <name>T32_INTC_IRQHandler</name>
         <value>0x943b</value>
      </symbol>
      <symbol id="sm-f18">
         <name>AES256_IRQHandler</name>
         <value>0x943b</value>
      </symbol>
      <symbol id="sm-f19">
         <name>RTC_C_IRQHandler</name>
         <value>0x943b</value>
      </symbol>
      <symbol id="sm-f1a">
         <name>DMA_ERR_IRQHandler</name>
         <value>0x943b</value>
      </symbol>
      <symbol id="sm-f1b">
         <name>DMA_INT3_IRQHandler</name>
         <value>0x943b</value>
      </symbol>
      <symbol id="sm-f1c">
         <name>DMA_INT2_IRQHandler</name>
         <value>0x943b</value>
      </symbol>
      <symbol id="sm-f1d">
         <name>DMA_INT1_IRQHandler</name>
         <value>0x943b</value>
      </symbol>
      <symbol id="sm-f1e">
         <name>DMA_INT0_IRQHandler</name>
         <value>0x943b</value>
      </symbol>
      <symbol id="sm-f1f">
         <name>PORT1_IRQHandler</name>
         <value>0x943b</value>
      </symbol>
      <symbol id="sm-f20">
         <name>PORT2_IRQHandler</name>
         <value>0x943b</value>
      </symbol>
      <symbol id="sm-f21">
         <name>PORT3_IRQHandler</name>
         <value>0x943b</value>
      </symbol>
      <symbol id="sm-f22">
         <name>PORT4_IRQHandler</name>
         <value>0x7fff</value>
      </symbol>
      <symbol id="sm-f23">
         <name>PORT5_IRQHandler</name>
         <value>0x943b</value>
      </symbol>
      <symbol id="sm-f24">
         <name>PORT6_IRQHandler</name>
         <value>0x943b</value>
      </symbol>
   </symbol_table>
   <title>Link successful</title>
</link_info>
