******************************************************************************
                  TI ARM Linker PC v20.2.5                     
******************************************************************************
>> Linked Fri Dec 10 12:12:40 2021

OUTPUT FILE NAME:   <Maze.out>
ENTRY POINT SYMBOL: "_c_int00_noargs"  address: 000093f5


MEMORY CONFIGURATION

         name            origin    length      used     unused   attr    fill
----------------------  --------  ---------  --------  --------  ----  --------
  MAIN                  00000000   00040000  00009a14  000365ec  R  X
  INFO                  00200000   00004000  00000000  00004000  R  X
  SRAM_CODE             01000000   00010000  000008e6  0000f71a  RW X
  SRAM_DATA             20000000   00010000  000008e6  0000f71a  RW  


SEGMENT ALLOCATION MAP

run origin  load origin   length   init length attrs members
----------  ----------- ---------- ----------- ----- -------
00000000    00000000    00009a18   00009a18    r-x
  00000000    00000000    000000e4   000000e4    r-- .intvecs
  000000e4    000000e4    00009470   00009470    r-x .text
  00009554    00009554    00000418   00000418    r-- .const
  00009970    00009970    000000a8   000000a8    r-- .cinit
20000000    20000000    000006e6   00000000    rw-
  20000000    20000000    000000e8   00000000    rw- .vtable
  200000e8    200000e8    000003e8   00000000    rw- .data
  200004d0    200004d0    00000216   00000000    rw- .bss
2000fe00    2000fe00    00000200   00000000    rw-
  2000fe00    2000fe00    00000200   00000000    rw- .stack


SECTION ALLOCATION MAP

 output                                  attributes/
section   page    origin      length       input sections
--------  ----  ----------  ----------   ----------------
.intvecs   0    00000000    000000e4     
                  00000000    000000e4     startup_msp432p401r_ccs.obj (.intvecs:retain)

.text      0    000000e4    00009470     
                  000000e4    000015a8     flash.obj (.text)
                  0000168c    00000c5c     cs.obj (.text)
                  000022e8    00000a4e     rtsv7M4_T_le_v4SPD16_eabi.lib : _printfi.c.obj (.text:__TI_printfi)
                  00002d36    00000002                                   : div0.asm.obj (.text)
                  00002d38    00000a3c     FSM.obj (.text)
                  00003774    00000878     i2c.obj (.text)
                  00003fec    00000834     pcm.obj (.text)
                  00004820    00000798     timer_a.obj (.text)
                  00004fb8    00000590     Nokia5110_skeleton.obj (.text)
                  00005548    00000554     rtc_c.obj (.text)
                  00005a9c    00000528     Reflectance.obj (.text)
                  00005fc4    00000480     gpio.obj (.text)
                  00006444    00000448     uart.obj (.text)
                  0000688c    00000424     i2c_driver.obj (.text)
                  00006cb0    0000040c     interrupt.obj (.text)
                  000070bc    00000334     system_msp432p401r.obj (.text)
                  000073f0    0000029c     uart_driver.obj (.text)
                  0000768c    00000270     rtsv7M4_T_le_v4SPD16_eabi.lib : _printfi.c.obj (.text:_pconv_a)
                  000078fc    00000248     sysctl.obj (.text)
                  00007b44    000001d0     rtsv7M4_T_le_v4SPD16_eabi.lib : _printfi.c.obj (.text:_pconv_g)
                  00007d14    000001b6                                   : fd_add_t2.asm.obj (.text)
                  00007eca    00000002     --HOLE-- [fill = 0]
                  00007ecc    000001b4     main.obj (.text)
                  00008080    00000174     Bump.obj (.text)
                  000081f4    0000013c     rtsv7M4_T_le_v4SPD16_eabi.lib : _printfi.c.obj (.text:_pconv_e)
                  00008330    00000136                                   : fd_div_t2.asm.obj (.text)
                  00008466    00000002     --HOLE-- [fill = 0]
                  00008468    00000124                                   : _printfi.c.obj (.text:fcvt)
                  0000858c    00000110                                   : s_scalbn.c.obj (.text:scalbn)
                  0000869c    00000108     Motor_Skeleton.obj (.text)
                  000087a4    000000fc     rtsv7M4_T_le_v4SPD16_eabi.lib : fd_mul_t2.asm.obj (.text)
                  000088a0    000000f4     PWM.obj (.text)
                  00008994    000000d8     wdt_a.obj (.text)
                  00008a6c    000000b4     Clock_DL.obj (.text)
                  00008b20    000000b1     rtsv7M4_T_le_v4SPD16_eabi.lib : _printfi.c.obj (.text:_ltostr)
                  00008bd1    00000001     --HOLE-- [fill = 0]
                  00008bd2    0000009c                                   : memcpy_t2.asm.obj (.text)
                  00008c6e    00000096                                   : ull_div_t2.asm.obj (.text)
                  00008d04    00000086                                   : fd_cmp_t2.asm.obj (.text:__aeabi_cdcmple)
                  00008d8a    00000086                                   : fd_cmp_t2.asm.obj (.text:__aeabi_cdrcmple)
                  00008e10    0000007c     TimerA1_skeleton.obj (.text)
                  00008e8c    0000007a     rtsv7M4_T_le_v4SPD16_eabi.lib : memset_t2.asm.obj (.text)
                  00008f06    0000006e                                   : _printfi.c.obj (.text:_mcpy)
                  00008f74    00000068                                   : copy_decompress_lzss.c.obj (.text:decompress:lzss:__TI_decompress_lzss)
                  00008fdc    00000064                                   : s_frexp.c.obj (.text:frexp)
                  00009040    0000005a     Switch.obj (.text)
                  0000909a    00000056     rtsv7M4_T_le_v4SPD16_eabi.lib : _printfi.c.obj (.text:_pconv_f)
                  000090f0    00000054                                   : _ltoa.c.obj (.text:__TI_ltoa)
                  00009144    00000052                                   : _printfi.c.obj (.text:_ecpy)
                  00009196    00000002     --HOLE-- [fill = 0]
                  00009198    0000004c     PushButton.obj (.text)
                  000091e4    0000004c     rtsv7M4_T_le_v4SPD16_eabi.lib : atoi.c.obj (.text:atoi)
                  00009230    00000048                                   : fd_toi_t2.asm.obj (.text)
                  00009278    00000044                                   : autoinit.c.obj (.text:__TI_auto_init_nobinit_nopinit:__TI_auto_init_nobinit_nopinit)
                  000092bc    00000044                                   : fd_tou_t2.asm.obj (.text)
                  00009300    00000040                                   : sprintf.c.obj (.text:sprintf)
                  00009340    0000003e                                   : _printfi.c.obj (.text:_fcpy)
                  0000937e    0000003e     cpu.obj (.text)
                  000093bc    00000036     rtsv7M4_T_le_v4SPD16_eabi.lib : strncpy.c.obj (.text:strncpy)
                  000093f2    00000002     --HOLE-- [fill = 0]
                  000093f4    00000034                                   : boot_cortex_m.c.obj (.text:_c_int00_noargs:_c_int00_noargs)
                  00009428    0000002e                                   : i_tofd_t2.asm.obj (.text)
                  00009456    00000020                                   : u_tofd_t2.asm.obj (.text)
                  00009476    0000001c                                   : copy_zero_init.c.obj (.text:decompress:ZI:__TI_zero_init_nomemset:__TI_zero_init_nomemset)
                  00009492    0000001c                                   : memccpy.c.obj (.text:memccpy)
                  000094ae    0000001a                                   : s_copysign.c.obj (.text:copysign)
                  000094c8    00000018                                   : sprintf.c.obj (.text:_outs)
                  000094e0    00000016                                   : strchr.c.obj (.text:strchr)
                  000094f6    00000014                                   : strlen.c.obj (.text:strlen)
                  0000950a    00000012                                   : wcslen.c.obj (.text:wcslen)
                  0000951c    0000000e                                   : copy_decompress_none.c.obj (.text:decompress:none:__TI_decompress_none)
                  0000952a    0000000e     startup_msp432p401r_ccs.obj (.text)
                  00009538    0000000a     rtsv7M4_T_le_v4SPD16_eabi.lib : sprintf.c.obj (.text:_outc)
                  00009542    00000002     --HOLE-- [fill = 0]
                  00009544    00000008                                   : errno.c.obj (.text:__aeabi_errno_addr)
                  0000954c    00000004                                   : pre_init.c.obj (.text:_system_pre_init)
                  00009550    00000004                                   : exit.c.obj (.text:abort:abort)

.const     0    00009554    00000418     
                  00009554    000001e0     Nokia5110_skeleton.obj (.const:ASCII)
                  00009734    00000101     rtsv7M4_T_le_v4SPD16_eabi.lib : ctype.c.obj (.const:.string:_ctypes_)
                  00009835    00000003     --HOLE-- [fill = 0]
                  00009838    00000050     interrupt.obj (.const:g_pulRegs)
                  00009888    00000030     gpio.obj (.const:GPIO_PORT_TO_BASE)
                  000098b8    00000020     Reflectance.obj (.const:$P$T0$1)
                  000098d8    00000020     interrupt.obj (.const:g_pulPriority)
                  000098f8    0000001c     gpio.obj (.const:GPIO_PORT_TO_INT)
                  00009914    00000018     TimerA1_skeleton.obj (.const:$P$T0$1)
                  0000992c    00000018     main.obj (.const:$P$T0$1)
                  00009944    00000008     Nokia5110_skeleton.obj (.const:.string:Masks)
                  0000994c    00000008     interrupt.obj (.const:g_pulDisRegs)
                  00009954    00000008     interrupt.obj (.const:g_pulEnRegs)
                  0000995c    00000008     interrupt.obj (.const:g_pulPendRegs)
                  00009964    00000008     interrupt.obj (.const:g_pulUnpendRegs)

.cinit     0    00009970    000000a8     
                  00009970    00000072     (.cinit..data.load) [load image, compression = lzss]
                  000099e2    00000002     --HOLE-- [fill = 0]
                  000099e4    0000000c     (__TI_handler_table)
                  000099f0    00000008     (.cinit..bss.load) [load image, compression = zero_init]
                  000099f8    00000008     (.cinit..vtable.load) [load image, compression = zero_init]
                  00009a00    00000018     (__TI_cinit_table)

.init_array 
*          0    00000000    00000000     UNINITIALIZED

.binit     0    00000000    00000000     

.vtable    0    20000000    000000e8     UNINITIALIZED
                  20000000    000000e8     interrupt.obj (.vtable)

.data      0    200000e8    000003e8     UNINITIALIZED
                  200000e8    0000021f     uart_driver.obj (.data:test)
                  20000307    0000010f     uart_driver.obj (.data:pieceOfString$2)
                  20000416    00000001     i2c_driver.obj (.data)
                  20000417    00000001     --HOLE--
                  20000418    00000040     flash.obj (.data:__getBurstProgramRegs)
                  20000458    00000018     main.obj (.data)
                  20000470    00000018     PWM.obj (.data:upDownConfig)
                  20000488    00000014     i2c_driver.obj (.data:i2cConfig)
                  2000049c    00000010     PWM.obj (.data:compareConfig_PWM1)
                  200004ac    00000010     PWM.obj (.data:compareConfig_PWM2)
                  200004bc    00000008     uart_driver.obj (.data)
                  200004c4    00000004     PWM.obj (.data)
                  200004c8    00000004     rtsv7M4_T_le_v4SPD16_eabi.lib : errno.c.obj (.data)
                  200004cc    00000004     system_msp432p401r.obj (.data)

.bss       0    200004d0    00000216     UNINITIALIZED
                  200004d0    000001f8     (.common:Screen)
                  200006c8    00000008     cs.obj (.bss)
                  200006d0    00000004     (.common:BumpTask)
                  200006d4    00000004     (.common:TimerTask)
                  200006d8    00000004     (.common:g_ui32ByteCount)
                  200006dc    00000004     (.common:pData)
                  200006e0    00000002     (.common:LED_FSM)
                  200006e2    00000001     (.common:ReflectanceRead)
                  200006e3    00000001     (.common:bumpData)
                  200006e4    00000001     (.common:ui8DummyRead)
                  200006e5    00000001     (.common:ui8Status)

.stack     0    2000fe00    00000200     UNINITIALIZED
                  2000fe00    00000004     rtsv7M4_T_le_v4SPD16_eabi.lib : boot_cortex_m.c.obj (.stack)
                  2000fe04    000001fc     --HOLE--

__llvm_prf_cnts 
*          0    20000000    00000000     UNINITIALIZED

MODULE SUMMARY

       Module                        code    ro data   rw data
       ------                        ----    -------   -------
    .\
       flash.obj                     5544    0         128    
       cs.obj                        3164    0         16     
       Nokia5110_skeleton.obj        1424    488       1008   
       FSM.obj                       2620    0         0      
       uart_driver.obj               668     0         1644   
       i2c.obj                       2168    0         0      
       pcm.obj                       2100    0         0      
       timer_a.obj                   1944    0         0      
       interrupt.obj                 1036    144       464    
       rtc_c.obj                     1364    0         0      
       Reflectance.obj               1320    32        0      
       gpio.obj                      1152    76        0      
       i2c_driver.obj                1060    0         62     
       uart.obj                      1096    0         0      
       system_msp432p401r.obj        820     0         8      
       sysctl.obj                    584     0         0      
       main.obj                      436     24        56     
       Bump.obj                      372     0         8      
       PWM.obj                       244     0         120    
       Motor_Skeleton.obj            264     0         0      
       startup_msp432p401r_ccs.obj   14      228       0      
       wdt_a.obj                     216     0         0      
       Clock_DL.obj                  180     0         0      
       TimerA1_skeleton.obj          124     24        8      
       Switch.obj                    90      0         0      
       PushButton.obj                76      0         0      
       cpu.obj                       62      0         0      
    +--+-----------------------------+-------+---------+---------+
       Total:                        30142   1016      3522   
                                                              
    C:\ti\ccs1040\ccs\tools\compiler\ti-cgt-arm_20.2.5.LTS\lib\rtsv7M4_T_le_v4SPD16_eabi.lib
       _printfi.c.obj                4851    0         0      
       fd_add_t2.asm.obj             438     0         0      
       fd_div_t2.asm.obj             310     0         0      
       s_scalbn.c.obj                272     0         0      
       fd_cmp_t2.asm.obj             268     0         0      
       ctype.c.obj                   0       257       0      
       fd_mul_t2.asm.obj             252     0         0      
       memcpy_t2.asm.obj             156     0         0      
       ull_div_t2.asm.obj            150     0         0      
       memset_t2.asm.obj             122     0         0      
       copy_decompress_lzss.c.obj    104     0         0      
       s_frexp.c.obj                 100     0         0      
       sprintf.c.obj                 98      0         0      
       _ltoa.c.obj                   84      0         0      
       atoi.c.obj                    76      0         0      
       fd_toi_t2.asm.obj             72      0         0      
       autoinit.c.obj                68      0         0      
       fd_tou_t2.asm.obj             68      0         0      
       strncpy.c.obj                 54      0         0      
       boot_cortex_m.c.obj           52      0         0      
       i_tofd_t2.asm.obj             46      0         0      
       u_tofd_t2.asm.obj             32      0         0      
       copy_zero_init.c.obj          28      0         0      
       memccpy.c.obj                 28      0         0      
       s_copysign.c.obj              26      0         0      
       strchr.c.obj                  22      0         0      
       strlen.c.obj                  20      0         0      
       wcslen.c.obj                  18      0         0      
       errno.c.obj                   8       0         8      
       copy_decompress_none.c.obj    14      0         0      
       exit.c.obj                    4       0         0      
       pre_init.c.obj                4       0         0      
       div0.asm.obj                  2       0         0      
    +--+-----------------------------+-------+---------+---------+
       Total:                        7847    257       8      
                                                              
       Stack:                        0       0         1024   
       Linker Generated:             0       166       0      
    +--+-----------------------------+-------+---------+---------+
       Grand Total:                  37989   1439      4554   


LINKER GENERATED COPY TABLES

__TI_cinit_table @ 00009a00 records: 3, size/record: 8, table size: 24
	.data: load addr=00009970, load size=00000072 bytes, run addr=200000e8, run size=000003e8 bytes, compression=lzss
	.bss: load addr=000099f0, load size=00000008 bytes, run addr=200004d0, run size=00000216 bytes, compression=zero_init
	.vtable: load addr=000099f8, load size=00000008 bytes, run addr=20000000, run size=000000e8 bytes, compression=zero_init


LINKER GENERATED HANDLER TABLE

__TI_handler_table @ 000099e4 records: 3, size/record: 4, table size: 12
	index: 0, handler: __TI_zero_init
	index: 1, handler: __TI_decompress_lzss
	index: 2, handler: __TI_decompress_none


GLOBAL SYMBOLS: SORTED ALPHABETICALLY BY Name 

address   name                                           
-------   ----                                           
00009537  ADC14_IRQHandler                               
00009537  AES256_IRQHandler                              
200006d0  BumpTask                                       
00008081  Bump_Init                                      
0000818b  Bump_Interrupt_Init                            
0000808d  Bump_Read                                      
00009537  BusFault_Handler                               
00009551  C$$EXIT                                        
00009537  COMP_E0_IRQHandler                             
00009537  COMP_E1_IRQHandler                             
000093b3  CPU_basepriGet                                 
000093a5  CPU_basepriSet                                 
0000937f  CPU_cpsid                                      
00009395  CPU_cpsie                                      
0000938b  CPU_primask                                    
000093a1  CPU_wfi                                        
00009537  CS_IRQHandler                                  
0000225d  CS_clearInterruptFlag                          
00001c35  CS_disableClockRequest                         
00001d13  CS_disableDCOExternalResistor                  
00002145  CS_disableFaultCounter                         
0000220d  CS_disableInterrupt                            
00001c0d  CS_enableClockRequest                          
00001c7d  CS_enableDCOExternalResistor                   
00002119  CS_enableFaultCounter                          
000021e1  CS_enableInterrupt                             
000020ab  CS_getACLK                                     
0000206b  CS_getBCLK                                     
00001df1  CS_getDCOFrequency                             
0000223d  CS_getEnabledInterruptStatus                   
00002087  CS_getHSMCLK                                   
0000222f  CS_getInterruptStatus                          
000020f1  CS_getMCLK                                     
000020cf  CS_getSMCLK                                    
0000192d  CS_initClockSignal                             
00002289  CS_registerInterrupt                           
00002171  CS_resetFaultCounter                           
00001d31  CS_setDCOCenteredFrequency                     
00001ca5  CS_setDCOExternalResistorCalibration           
00001f09  CS_setDCOFrequency                             
000018f1  CS_setExternalClockSourceFrequency             
00001c57  CS_setReferenceOscillatorFrequency             
0000219d  CS_startFaultCounter                           
00001a31  CS_startHFXT                                   
00001a55  CS_startHFXTWithTimeout                        
00001b19  CS_startLFXT                                   
00001b3d  CS_startLFXTWithTimeout                        
00001d61  CS_tuneDCOFrequency                            
000022a1  CS_unregisterInterrupt                         
00008aff  Clock_Delay1ms                                 
00008ac7  Clock_Delay1us                                 
00008a83  Clock_Init                                     
00009537  DMA_ERR_IRQHandler                             
00009537  DMA_INT0_IRQHandler                            
00009537  DMA_INT1_IRQHandler                            
00009537  DMA_INT2_IRQHandler                            
00009537  DMA_INT3_IRQHandler                            
00009537  DebugMon_Handler                               
00009537  Default_Handler                                
000088a1  Duty_To_CCR                                    
000075a7  EUSCIA0_IRQHandler                             
000075a7  EUSCIA0_IRQHandler                             
00009537  EUSCIA1_IRQHandler                             
00009537  EUSCIA2_IRQHandler                             
00009537  EUSCIA3_IRQHandler                             
00009537  EUSCIB0_IRQHandler                             
00006bb1  EUSCIB1_IRQHandler                             
00006bb1  EUSCIB1_IRQHandler                             
00009537  EUSCIB2_IRQHandler                             
00009537  EUSCIB3_IRQHandler                             
00009537  FLCTL_IRQHandler                               
00009537  FPU_IRQHandler                                 
0000112b  FlashCtl_clearInterruptFlag                    
00000fef  FlashCtl_clearProgramVerification              
00001101  FlashCtl_disableInterrupt                      
00000661  FlashCtl_disableReadBuffering                  
00001059  FlashCtl_disableWordProgramming                
000010ed  FlashCtl_enableInterrupt                       
0000060d  FlashCtl_enableReadBuffering                   
00001029  FlashCtl_enableWordProgramming                 
00000c91  FlashCtl_eraseSector                           
0000111b  FlashCtl_getEnabledInterruptStatus             
00001115  FlashCtl_getInterruptStatus                    
0000028f  FlashCtl_getMemoryInfo                         
00000af1  FlashCtl_getReadMode                           
000010bf  FlashCtl_getWaitState                          
00000b1f  FlashCtl_initiateMassErase                     
00000db9  FlashCtl_initiateSectorErase                   
0000078d  FlashCtl_isSectorProtected                     
00001061  FlashCtl_isWordProgrammingEnabled              
00000b45  FlashCtl_performMassErase                      
00000e49  FlashCtl_programMemory                         
0000072d  FlashCtl_protectSector                         
0000113f  FlashCtl_registerInterrupt                     
00000fb5  FlashCtl_setProgramVerification                
00000a81  FlashCtl_setReadMode                           
00001081  FlashCtl_setWaitState                          
000006bd  FlashCtl_unprotectSector                       
00001153  FlashCtl_unregisterInterrupt                   
00000819  FlashCtl_verifyMemory                          
000062e7  GPIO_clearInterruptFlag                        
000062a7  GPIO_disableInterrupt                          
00006285  GPIO_enableInterrupt                           
0000633f  GPIO_getEnabledInterruptStatus                 
00006257  GPIO_getInputPinValue                          
000062c9  GPIO_getInterruptStatus                        
00006309  GPIO_interruptEdgeSelect                       
000063ff  GPIO_registerInterrupt                         
00005fff  GPIO_setAsInputPin                             
000061b3  GPIO_setAsInputPinWithPullDownResistor         
00006205  GPIO_setAsInputPinWithPullUpResistor           
00005fc5  GPIO_setAsOutputPin                            
000060c9  GPIO_setAsPeripheralModuleFunctionInputPin     
00006045  GPIO_setAsPeripheralModuleFunctionOutputPin    
000063bb  GPIO_setDriveStrengthHigh                      
000063dd  GPIO_setDriveStrengthLow                       
0000614d  GPIO_setOutputHighOnPin                        
0000616f  GPIO_setOutputLowOnPin                         
00006191  GPIO_toggleOutputOnPin                         
0000641f  GPIO_unregisterInterrupt                       
00008a6d  HFXT_Init                                      
00009537  HardFault_Handler                              
00003e9d  I2C_clearInterruptFlag                         
00003e87  I2C_disableInterrupt                           
00003827  I2C_disableModule                              
00003e51  I2C_disableMultiMasterMode                     
00003e71  I2C_enableInterrupt                            
00003811  I2C_enableModule                               
00003e2d  I2C_enableMultiMasterMode                      
00003ecb  I2C_getEnabledInterruptStatus                  
00003eb3  I2C_getInterruptStatus                         
00003ee1  I2C_getMode                                    
00003dd3  I2C_getReceiveBufferAddressForDMA              
00003de1  I2C_getTransmitBufferAddressForDMA             
00003775  I2C_initMaster                                 
000037d7  I2C_initSlave                                  
0000393b  I2C_isBusBusy                                  
00003e01  I2C_masterIsStartSent                          
00003def  I2C_masterIsStopSent                           
00003cff  I2C_masterReceiveMultiByteFinish               
00003d37  I2C_masterReceiveMultiByteFinishWithTimeout    
00003ceb  I2C_masterReceiveMultiByteNext                 
00003d95  I2C_masterReceiveMultiByteStop                 
00003da9  I2C_masterReceiveSingle                        
000038af  I2C_masterReceiveSingleByte                    
00003cd1  I2C_masterReceiveStart                         
00003b85  I2C_masterSendMultiByteFinish                  
00003be9  I2C_masterSendMultiByteFinishWithTimeout       
00003b0f  I2C_masterSendMultiByteNext                    
00003b3b  I2C_masterSendMultiByteNextWithTimeout         
00003a4f  I2C_masterSendMultiByteStart                   
00003aa9  I2C_masterSendMultiByteStartWithTimeout        
00003c67  I2C_masterSendMultiByteStop                    
00003c91  I2C_masterSendMultiByteStopWithTimeout         
0000394d  I2C_masterSendSingleByte                       
000039c3  I2C_masterSendSingleByteWithTimeout            
00003e19  I2C_masterSendStart                            
00003ef9  I2C_registerInterrupt                          
00003851  I2C_setMode                                    
0000383d  I2C_setSlaveAddress                            
0000386d  I2C_setTimeout                                 
00003927  I2C_slaveGetData                               
00003911  I2C_slavePutData                               
00003fc1  I2C_slaveSendNAK                               
00003f65  I2C_unregisterInterrupt                        
00002d39  InitializeFSM                                  
00009199  InitializePushButtonPortPins                   
0000906b  InitializeSwitch                               
00006e91  Interrupt_disableInterrupt                     
00006cc3  Interrupt_disableMaster                        
0000708d  Interrupt_disableSleepOnIsrExit                
00006e1f  Interrupt_enableInterrupt                      
00006cb3  Interrupt_enableMaster                         
0000707b  Interrupt_enableSleepOnIsrExit                 
00006df9  Interrupt_getPriority                          
00006d71  Interrupt_getPriorityGrouping                  
0000705b  Interrupt_getPriorityMask                      
00007075  Interrupt_getVectorTableAddress                
00006f03  Interrupt_isEnabled                            
00006f8d  Interrupt_pendInterrupt                        
00006cd3  Interrupt_registerInterrupt                    
00006da9  Interrupt_setPriority                          
00006d39  Interrupt_setPriorityGrouping                  
0000704b  Interrupt_setPriorityMask                      
00007065  Interrupt_setVectorTableAddress                
00006ffd  Interrupt_unpendInterrupt                      
00006d25  Interrupt_unregisterInterrupt                  
200006e0  LED_FSM                                        
20000468  LiftedUp                                       
00009944  Masks                                          
00009537  MemManage_Handler                              
000086f9  Motor_Backward                                 
000086cd  Motor_Forward                                  
0000869d  Motor_Init                                     
00008725  Motor_Left                                     
00008759  Motor_Right                                    
0000878d  Motor_Stop                                     
00009537  NMI_Handler                                    
00002d49  NextStateFunction                              
00005267  Nokia5110_Clear                                
000054c1  Nokia5110_ClearBuffer                          
000054f5  Nokia5110_ClrPxl                               
000054eb  Nokia5110_DisplayBuffer                        
00005293  Nokia5110_DrawFullImage                        
0000509b  Nokia5110_Init                                 
000050ff  Nokia5110_OutChar                              
0000517f  Nokia5110_OutSDec                              
0000513f  Nokia5110_OutString                            
00005161  Nokia5110_OutUDec                              
0000519d  Nokia5110_OutUFix1                             
000052d5  Nokia5110_PrintBMP                             
0000522b  Nokia5110_SetCursor                            
0000551b  Nokia5110_SetPxl                               
00003031  OutputFunction                                 
00009537  PCM_IRQHandler                                 
000047c3  PCM_clearInterruptFlag                         
00004799  PCM_disableInterrupt                           
00004771  PCM_disableRudeMode                            
00004785  PCM_enableInterrupt                            
0000475f  PCM_enableRudeMode                             
0000416f  PCM_getCoreVoltageLevel                        
000047b3  PCM_getEnabledInterruptStatus                  
000047ad  PCM_getInterruptStatus                         
00004115  PCM_getPowerMode                               
00004751  PCM_getPowerState                              
00004689  PCM_gotoLPM0                                   
000046a7  PCM_gotoLPM0InterruptSafe                      
000046c3  PCM_gotoLPM3                                   
00004735  PCM_gotoLPM3InterruptSafe                      
0000465d  PCM_gotoLPM4                                   
0000466d  PCM_gotoLPM4InterruptSafe                      
000047d7  PCM_registerInterrupt                          
000040e3  PCM_setCoreVoltageLevel                        
00004105  PCM_setCoreVoltageLevelNonBlocking             
000040f3  PCM_setCoreVoltageLevelWithTimeout             
00004315  PCM_setPowerMode                               
00004325  PCM_setPowerModeNonBlocking                    
00004335  PCM_setPowerModeWithTimeout                    
000045e7  PCM_setPowerState                              
00004609  PCM_setPowerStateNonBlocking                   
000045f7  PCM_setPowerStateWithTimeout                   
00004619  PCM_shutdownDevice                             
000047eb  PCM_unregisterInterrupt                        
00009537  PORT1_IRQHandler                               
00009537  PORT2_IRQHandler                               
00009537  PORT3_IRQHandler                               
000081c7  PORT4_IRQHandler                               
000081c7  PORT4_IRQHandler                               
00009537  PORT5_IRQHandler                               
00009537  PORT6_IRQHandler                               
00009537  PSS_IRQHandler                                 
00008953  PWM_Duty_Left                                  
0000892d  PWM_Duty_Right                                 
000088c3  PWM_Init                                       
00009537  PendSV_Handler                                 
00009537  RTC_C_IRQHandler                               
000059f5  RTC_C_clearInterruptFlag                       
00005807  RTC_C_convertBCDToBinary                       
0000581f  RTC_C_convertBinaryToBCD                       
0000574b  RTC_C_definePrescaleEvent                      
000058a1  RTC_C_disableInterrupt                         
0000583d  RTC_C_enableInterrupt                          
0000567d  RTC_C_getCalendarTime                          
00005971  RTC_C_getEnabledInterruptStatus                
0000590d  RTC_C_getInterruptStatus                       
0000578b  RTC_C_getPrescaleValue                         
00005567  RTC_C_holdClock                                
0000560b  RTC_C_initCalendar                             
00005a3b  RTC_C_registerInterrupt                        
000056e3  RTC_C_setCalendarAlarm                         
0000571b  RTC_C_setCalendarEvent                         
000055b5  RTC_C_setCalibrationData                       
00005585  RTC_C_setCalibrationFrequency                  
000057b7  RTC_C_setPrescaleValue                         
000055e1  RTC_C_setTemperatureCompensation               
00005549  RTC_C_startClock                               
00005a4f  RTC_C_unregisterInterrupt                      
00009041  ReadSwitchStatus                               
200006e2  ReflectanceRead                                
00005ead  Reflectance_Center                             
00005db7  Reflectance_End                                
00005a9d  Reflectance_Init                               
00005f13  Reflectance_Position                           
00005b01  Reflectance_Read                               
00005cdd  Reflectance_Start                              
0000952b  Reset_Handler                                  
00009537  SVC_Handler                                    
200004d0  Screen                                         
2000046c  StopSlowNormalLight                            
00007af3  SysCtl_disableGlitchFilter                     
0000797f  SysCtl_disableNMISource                        
00007a8b  SysCtl_disablePeripheralAtCPUHalt              
000079cd  SysCtl_disableSRAMBank                         
00007a51  SysCtl_disableSRAMBankRetention                
00007ae7  SysCtl_enableGlitchFilter                      
00007993  SysCtl_enableNMISource                         
00007a77  SysCtl_enablePeripheralAtCPUHalt               
000079b1  SysCtl_enableSRAMBank                          
00007a35  SysCtl_enableSRAMBankRetention                 
00007979  SysCtl_getFlashSize                            
000079a7  SysCtl_getNMISourceStatus                      
00007973  SysCtl_getSRAMSize                             
000078fd  SysCtl_getTLVInfo                              
00007aff  SysCtl_getTempCalibrationConstant              
00007a6d  SysCtl_rebootDevice                            
00007ac3  SysCtl_setWDTPasswordViolationResetType        
00007a9f  SysCtl_setWDTTimeoutResetType                  
00009537  SysTick_Handler                                
200004cc  SystemCoreClock                                
000070bd  SystemCoreClockUpdate                          
00007335  SystemInit                                     
00009537  T32_INT1_IRQHandler                            
00009537  T32_INT2_IRQHandler                            
00009537  T32_INTC_IRQHandler                            
00009537  TA0_0_IRQHandler                               
00009537  TA0_N_IRQHandler                               
00008e6f  TA1_0_IRQHandler                               
00008e6f  TA1_0_IRQHandler                               
00009537  TA1_N_IRQHandler                               
00009537  TA2_0_IRQHandler                               
00009537  TA2_N_IRQHandler                               
00009537  TA3_0_IRQHandler                               
00009537  TA3_N_IRQHandler                               
200004c4  TIMERA1_PERIOD                                 
00007ecd  Task                                           
00008e11  TimerA1_Init                                   
00008e51  TimerA1_Stop                                   
200006d4  TimerTask                                      
00004ceb  Timer_A_clearCaptureCompareInterrupt           
00004cd5  Timer_A_clearInterruptFlag                     
00004b53  Timer_A_clearTimer                             
0000497b  Timer_A_configureContinuousMode                
00004a09  Timer_A_configureUpDownMode                    
000049ab  Timer_A_configureUpMode                        
00004d79  Timer_A_disableCaptureCompareInterrupt         
00004d27  Timer_A_disableInterrupt                       
00004d4d  Timer_A_enableCaptureCompareInterrupt          
00004d13  Timer_A_enableInterrupt                        
00004c1f  Timer_A_generatePWM                            
00004bc5  Timer_A_getCaptureCompareCount                 
00004de1  Timer_A_getCaptureCompareEnabledInterruptStatus
00004da1  Timer_A_getCaptureCompareInterruptStatus       
00004b07  Timer_A_getCounterValue                        
00004dc9  Timer_A_getEnabledInterruptStatus              
00004d3b  Timer_A_getInterruptStatus                     
00004b97  Timer_A_getOutputForOutputModeOutBitValue      
00004b67  Timer_A_getSynchronizedCaptureCompareInput     
00004a67  Timer_A_initCapture                            
00004ab9  Timer_A_initCompare                            
00004e1d  Timer_A_registerInterrupt                      
00004ca9  Timer_A_setCompareValue                        
00004be7  Timer_A_setOutputForOutputModeOutBitValue      
00004965  Timer_A_startCounter                           
00004c95  Timer_A_stopTimer                              
00004eef  Timer_A_unregisterInterrupt                    
00006789  UART_clearInterruptFlag                        
000066cd  UART_disableInterrupt                          
000065af  UART_disableModule                             
0000669d  UART_enableInterrupt                           
00006599  UART_enableModule                              
00006721  UART_getEnabledInterruptStatus                 
000066fd  UART_getInterruptStatus                        
00006665  UART_getReceiveBufferAddressForDMA             
00006673  UART_getTransmitBufferAddressForDMA            
00006445  UART_initModule                                
000065c5  UART_queryStatusFlags                          
00006573  UART_receiveData                               
000067a9  UART_registerInterrupt                         
000065ed  UART_resetDormant                              
00006681  UART_selectDeglitchTime                        
000065d9  UART_setDormant                                
00006601  UART_transmitAddress                           
0000661f  UART_transmitBreak                             
00006549  UART_transmitData                              
00006821  UART_unregisterInterrupt                       
00009537  UsageFault_Handler                             
4000480c  WDTCTL_SYM                                     
00009537  WDT_A_IRQHandler                               
000089d5  WDT_A_clearTimer                               
00008995  WDT_A_holdTimer                                
00008a11  WDT_A_initIntervalTimer                        
000089f5  WDT_A_initWatchdogTimer                        
00008a45  WDT_A_registerInterrupt                        
00008a2d  WDT_A_setPasswordViolationReset                
00008a39  WDT_A_setTimeoutReset                          
000089b5  WDT_A_startTimer                               
00008a59  WDT_A_unregisterInterrupt                      
0000155f  __FlashCtl_remaskBurstDataPost                 
0000143d  __FlashCtl_remaskBurstDataPre                  
00001281  __FlashCtl_remaskData32Post                    
00001365  __FlashCtl_remaskData32Pre                     
00001163  __FlashCtl_remaskData8Post                     
000011e3  __FlashCtl_remaskData8Pre                      
20010000  __STACK_END                                    
00000200  __STACK_SIZE                                   
00009a00  __TI_CINIT_Base                                
00009a18  __TI_CINIT_Limit                               
000099e4  __TI_Handler_Table_Base                        
000099f0  __TI_Handler_Table_Limit                       
00009279  __TI_auto_init_nobinit_nopinit                 
00008f75  __TI_decompress_lzss                           
0000951d  __TI_decompress_none                           
000090f1  __TI_ltoa                                      
ffffffff  __TI_pprof_out_hndl                            
000022e9  __TI_printfi                                   
ffffffff  __TI_prof_data_size                            
ffffffff  __TI_prof_data_start                           
00000000  __TI_static_base__                             
00009477  __TI_zero_init_nomemset                        
00008d05  __aeabi_cdcmpeq                                
00008d05  __aeabi_cdcmple                                
00008d8b  __aeabi_cdrcmple                               
00009231  __aeabi_d2iz                                   
000092bd  __aeabi_d2uiz                                  
00007d1f  __aeabi_dadd                                   
00008331  __aeabi_ddiv                                   
000087a5  __aeabi_dmul                                   
00007d15  __aeabi_dsub                                   
00009545  __aeabi_errno_addr                             
00009429  __aeabi_i2d                                    
00002d37  __aeabi_idiv0                                  
00002d37  __aeabi_ldiv0                                  
00008e8d  __aeabi_memclr                                 
00008e8d  __aeabi_memclr4                                
00008e8d  __aeabi_memclr8                                
00008bd3  __aeabi_memcpy                                 
00008bd3  __aeabi_memcpy4                                
00008bd3  __aeabi_memcpy8                                
00008e8f  __aeabi_memset                                 
00008e8f  __aeabi_memset4                                
00008e8f  __aeabi_memset8                                
00009457  __aeabi_ui2d                                   
00008c6f  __aeabi_uldivmod                               
ffffffff  __binit__                                      
ffffffff  __c_args__                                     
UNDEFED   __mpu_init                                     
2000fe00  __stack                                        
20000000  __start___llvm_prf_cnts                        
20000000  __stop___llvm_prf_cnts                         
000093f5  _c_int00_noargs                                
00009734  _ctypes_                                       
UNDEFED   _system_post_cinit                             
0000954d  _system_pre_init                               
00009551  abort                                          
000091e5  atoi                                           
ffffffff  binit                                          
200006e3  bumpData                                       
20000416  burstMode                                      
2000049c  compareConfig_PWM1                             
200004ac  compareConfig_PWM2                             
000094af  copysign                                       
000094af  copysignl                                      
20000458  count                                          
00008af1  delay                                          
20000460  delaycounter                                   
200004c8  errno                                          
00008fdd  frexp                                          
00008fdd  frexpl                                         
20000000  g_pfnRAMVectors                                
200006d8  g_ui32ByteCount                                
20000488  i2cConfig                                      
0000688d  initI2C                                        
00000000  interruptVectors                               
2000045c  lastState                                      
0000858d  ldexp                                          
0000858d  ldexpl                                         
00007f21  main                                           
00009493  memccpy                                        
00008bd3  memcpy                                         
00008e95  memset                                         
200006dc  pData                                          
00006a85  readBurstI2C                                   
0000696f  readI2C                                        
00007603  receiveText                                    
0000858d  scalbn                                         
0000858d  scalbnl                                        
000075c3  sendText                                       
00009301  sprintf                                        
00007fc9  startWakeUpTimerA                              
00008039  stopWakeUpTimerA                               
000094e1  strchr                                         
000094f7  strlen                                         
000093bd  strncpy                                        
200000e8  test                                           
00007487  uartInit                                       
000073f1  uartReceive                                    
200006e4  ui8DummyRead                                   
200006e5  ui8Status                                      
20000470  upDownConfig                                   
0000950b  wcslen                                         
000068a3  writeI2C                                       


GLOBAL SYMBOLS: SORTED BY Symbol Address 

address   name                                           
-------   ----                                           
00000000  __TI_static_base__                             
00000000  interruptVectors                               
00000200  __STACK_SIZE                                   
0000028f  FlashCtl_getMemoryInfo                         
0000060d  FlashCtl_enableReadBuffering                   
00000661  FlashCtl_disableReadBuffering                  
000006bd  FlashCtl_unprotectSector                       
0000072d  FlashCtl_protectSector                         
0000078d  FlashCtl_isSectorProtected                     
00000819  FlashCtl_verifyMemory                          
00000a81  FlashCtl_setReadMode                           
00000af1  FlashCtl_getReadMode                           
00000b1f  FlashCtl_initiateMassErase                     
00000b45  FlashCtl_performMassErase                      
00000c91  FlashCtl_eraseSector                           
00000db9  FlashCtl_initiateSectorErase                   
00000e49  FlashCtl_programMemory                         
00000fb5  FlashCtl_setProgramVerification                
00000fef  FlashCtl_clearProgramVerification              
00001029  FlashCtl_enableWordProgramming                 
00001059  FlashCtl_disableWordProgramming                
00001061  FlashCtl_isWordProgrammingEnabled              
00001081  FlashCtl_setWaitState                          
000010bf  FlashCtl_getWaitState                          
000010ed  FlashCtl_enableInterrupt                       
00001101  FlashCtl_disableInterrupt                      
00001115  FlashCtl_getInterruptStatus                    
0000111b  FlashCtl_getEnabledInterruptStatus             
0000112b  FlashCtl_clearInterruptFlag                    
0000113f  FlashCtl_registerInterrupt                     
00001153  FlashCtl_unregisterInterrupt                   
00001163  __FlashCtl_remaskData8Post                     
000011e3  __FlashCtl_remaskData8Pre                      
00001281  __FlashCtl_remaskData32Post                    
00001365  __FlashCtl_remaskData32Pre                     
0000143d  __FlashCtl_remaskBurstDataPre                  
0000155f  __FlashCtl_remaskBurstDataPost                 
000018f1  CS_setExternalClockSourceFrequency             
0000192d  CS_initClockSignal                             
00001a31  CS_startHFXT                                   
00001a55  CS_startHFXTWithTimeout                        
00001b19  CS_startLFXT                                   
00001b3d  CS_startLFXTWithTimeout                        
00001c0d  CS_enableClockRequest                          
00001c35  CS_disableClockRequest                         
00001c57  CS_setReferenceOscillatorFrequency             
00001c7d  CS_enableDCOExternalResistor                   
00001ca5  CS_setDCOExternalResistorCalibration           
00001d13  CS_disableDCOExternalResistor                  
00001d31  CS_setDCOCenteredFrequency                     
00001d61  CS_tuneDCOFrequency                            
00001df1  CS_getDCOFrequency                             
00001f09  CS_setDCOFrequency                             
0000206b  CS_getBCLK                                     
00002087  CS_getHSMCLK                                   
000020ab  CS_getACLK                                     
000020cf  CS_getSMCLK                                    
000020f1  CS_getMCLK                                     
00002119  CS_enableFaultCounter                          
00002145  CS_disableFaultCounter                         
00002171  CS_resetFaultCounter                           
0000219d  CS_startFaultCounter                           
000021e1  CS_enableInterrupt                             
0000220d  CS_disableInterrupt                            
0000222f  CS_getInterruptStatus                          
0000223d  CS_getEnabledInterruptStatus                   
0000225d  CS_clearInterruptFlag                          
00002289  CS_registerInterrupt                           
000022a1  CS_unregisterInterrupt                         
000022e9  __TI_printfi                                   
00002d37  __aeabi_idiv0                                  
00002d37  __aeabi_ldiv0                                  
00002d39  InitializeFSM                                  
00002d49  NextStateFunction                              
00003031  OutputFunction                                 
00003775  I2C_initMaster                                 
000037d7  I2C_initSlave                                  
00003811  I2C_enableModule                               
00003827  I2C_disableModule                              
0000383d  I2C_setSlaveAddress                            
00003851  I2C_setMode                                    
0000386d  I2C_setTimeout                                 
000038af  I2C_masterReceiveSingleByte                    
00003911  I2C_slavePutData                               
00003927  I2C_slaveGetData                               
0000393b  I2C_isBusBusy                                  
0000394d  I2C_masterSendSingleByte                       
000039c3  I2C_masterSendSingleByteWithTimeout            
00003a4f  I2C_masterSendMultiByteStart                   
00003aa9  I2C_masterSendMultiByteStartWithTimeout        
00003b0f  I2C_masterSendMultiByteNext                    
00003b3b  I2C_masterSendMultiByteNextWithTimeout         
00003b85  I2C_masterSendMultiByteFinish                  
00003be9  I2C_masterSendMultiByteFinishWithTimeout       
00003c67  I2C_masterSendMultiByteStop                    
00003c91  I2C_masterSendMultiByteStopWithTimeout         
00003cd1  I2C_masterReceiveStart                         
00003ceb  I2C_masterReceiveMultiByteNext                 
00003cff  I2C_masterReceiveMultiByteFinish               
00003d37  I2C_masterReceiveMultiByteFinishWithTimeout    
00003d95  I2C_masterReceiveMultiByteStop                 
00003da9  I2C_masterReceiveSingle                        
00003dd3  I2C_getReceiveBufferAddressForDMA              
00003de1  I2C_getTransmitBufferAddressForDMA             
00003def  I2C_masterIsStopSent                           
00003e01  I2C_masterIsStartSent                          
00003e19  I2C_masterSendStart                            
00003e2d  I2C_enableMultiMasterMode                      
00003e51  I2C_disableMultiMasterMode                     
00003e71  I2C_enableInterrupt                            
00003e87  I2C_disableInterrupt                           
00003e9d  I2C_clearInterruptFlag                         
00003eb3  I2C_getInterruptStatus                         
00003ecb  I2C_getEnabledInterruptStatus                  
00003ee1  I2C_getMode                                    
00003ef9  I2C_registerInterrupt                          
00003f65  I2C_unregisterInterrupt                        
00003fc1  I2C_slaveSendNAK                               
000040e3  PCM_setCoreVoltageLevel                        
000040f3  PCM_setCoreVoltageLevelWithTimeout             
00004105  PCM_setCoreVoltageLevelNonBlocking             
00004115  PCM_getPowerMode                               
0000416f  PCM_getCoreVoltageLevel                        
00004315  PCM_setPowerMode                               
00004325  PCM_setPowerModeNonBlocking                    
00004335  PCM_setPowerModeWithTimeout                    
000045e7  PCM_setPowerState                              
000045f7  PCM_setPowerStateWithTimeout                   
00004609  PCM_setPowerStateNonBlocking                   
00004619  PCM_shutdownDevice                             
0000465d  PCM_gotoLPM4                                   
0000466d  PCM_gotoLPM4InterruptSafe                      
00004689  PCM_gotoLPM0                                   
000046a7  PCM_gotoLPM0InterruptSafe                      
000046c3  PCM_gotoLPM3                                   
00004735  PCM_gotoLPM3InterruptSafe                      
00004751  PCM_getPowerState                              
0000475f  PCM_enableRudeMode                             
00004771  PCM_disableRudeMode                            
00004785  PCM_enableInterrupt                            
00004799  PCM_disableInterrupt                           
000047ad  PCM_getInterruptStatus                         
000047b3  PCM_getEnabledInterruptStatus                  
000047c3  PCM_clearInterruptFlag                         
000047d7  PCM_registerInterrupt                          
000047eb  PCM_unregisterInterrupt                        
00004965  Timer_A_startCounter                           
0000497b  Timer_A_configureContinuousMode                
000049ab  Timer_A_configureUpMode                        
00004a09  Timer_A_configureUpDownMode                    
00004a67  Timer_A_initCapture                            
00004ab9  Timer_A_initCompare                            
00004b07  Timer_A_getCounterValue                        
00004b53  Timer_A_clearTimer                             
00004b67  Timer_A_getSynchronizedCaptureCompareInput     
00004b97  Timer_A_getOutputForOutputModeOutBitValue      
00004bc5  Timer_A_getCaptureCompareCount                 
00004be7  Timer_A_setOutputForOutputModeOutBitValue      
00004c1f  Timer_A_generatePWM                            
00004c95  Timer_A_stopTimer                              
00004ca9  Timer_A_setCompareValue                        
00004cd5  Timer_A_clearInterruptFlag                     
00004ceb  Timer_A_clearCaptureCompareInterrupt           
00004d13  Timer_A_enableInterrupt                        
00004d27  Timer_A_disableInterrupt                       
00004d3b  Timer_A_getInterruptStatus                     
00004d4d  Timer_A_enableCaptureCompareInterrupt          
00004d79  Timer_A_disableCaptureCompareInterrupt         
00004da1  Timer_A_getCaptureCompareInterruptStatus       
00004dc9  Timer_A_getEnabledInterruptStatus              
00004de1  Timer_A_getCaptureCompareEnabledInterruptStatus
00004e1d  Timer_A_registerInterrupt                      
00004eef  Timer_A_unregisterInterrupt                    
0000509b  Nokia5110_Init                                 
000050ff  Nokia5110_OutChar                              
0000513f  Nokia5110_OutString                            
00005161  Nokia5110_OutUDec                              
0000517f  Nokia5110_OutSDec                              
0000519d  Nokia5110_OutUFix1                             
0000522b  Nokia5110_SetCursor                            
00005267  Nokia5110_Clear                                
00005293  Nokia5110_DrawFullImage                        
000052d5  Nokia5110_PrintBMP                             
000054c1  Nokia5110_ClearBuffer                          
000054eb  Nokia5110_DisplayBuffer                        
000054f5  Nokia5110_ClrPxl                               
0000551b  Nokia5110_SetPxl                               
00005549  RTC_C_startClock                               
00005567  RTC_C_holdClock                                
00005585  RTC_C_setCalibrationFrequency                  
000055b5  RTC_C_setCalibrationData                       
000055e1  RTC_C_setTemperatureCompensation               
0000560b  RTC_C_initCalendar                             
0000567d  RTC_C_getCalendarTime                          
000056e3  RTC_C_setCalendarAlarm                         
0000571b  RTC_C_setCalendarEvent                         
0000574b  RTC_C_definePrescaleEvent                      
0000578b  RTC_C_getPrescaleValue                         
000057b7  RTC_C_setPrescaleValue                         
00005807  RTC_C_convertBCDToBinary                       
0000581f  RTC_C_convertBinaryToBCD                       
0000583d  RTC_C_enableInterrupt                          
000058a1  RTC_C_disableInterrupt                         
0000590d  RTC_C_getInterruptStatus                       
00005971  RTC_C_getEnabledInterruptStatus                
000059f5  RTC_C_clearInterruptFlag                       
00005a3b  RTC_C_registerInterrupt                        
00005a4f  RTC_C_unregisterInterrupt                      
00005a9d  Reflectance_Init                               
00005b01  Reflectance_Read                               
00005cdd  Reflectance_Start                              
00005db7  Reflectance_End                                
00005ead  Reflectance_Center                             
00005f13  Reflectance_Position                           
00005fc5  GPIO_setAsOutputPin                            
00005fff  GPIO_setAsInputPin                             
00006045  GPIO_setAsPeripheralModuleFunctionOutputPin    
000060c9  GPIO_setAsPeripheralModuleFunctionInputPin     
0000614d  GPIO_setOutputHighOnPin                        
0000616f  GPIO_setOutputLowOnPin                         
00006191  GPIO_toggleOutputOnPin                         
000061b3  GPIO_setAsInputPinWithPullDownResistor         
00006205  GPIO_setAsInputPinWithPullUpResistor           
00006257  GPIO_getInputPinValue                          
00006285  GPIO_enableInterrupt                           
000062a7  GPIO_disableInterrupt                          
000062c9  GPIO_getInterruptStatus                        
000062e7  GPIO_clearInterruptFlag                        
00006309  GPIO_interruptEdgeSelect                       
0000633f  GPIO_getEnabledInterruptStatus                 
000063bb  GPIO_setDriveStrengthHigh                      
000063dd  GPIO_setDriveStrengthLow                       
000063ff  GPIO_registerInterrupt                         
0000641f  GPIO_unregisterInterrupt                       
00006445  UART_initModule                                
00006549  UART_transmitData                              
00006573  UART_receiveData                               
00006599  UART_enableModule                              
000065af  UART_disableModule                             
000065c5  UART_queryStatusFlags                          
000065d9  UART_setDormant                                
000065ed  UART_resetDormant                              
00006601  UART_transmitAddress                           
0000661f  UART_transmitBreak                             
00006665  UART_getReceiveBufferAddressForDMA             
00006673  UART_getTransmitBufferAddressForDMA            
00006681  UART_selectDeglitchTime                        
0000669d  UART_enableInterrupt                           
000066cd  UART_disableInterrupt                          
000066fd  UART_getInterruptStatus                        
00006721  UART_getEnabledInterruptStatus                 
00006789  UART_clearInterruptFlag                        
000067a9  UART_registerInterrupt                         
00006821  UART_unregisterInterrupt                       
0000688d  initI2C                                        
000068a3  writeI2C                                       
0000696f  readI2C                                        
00006a85  readBurstI2C                                   
00006bb1  EUSCIB1_IRQHandler                             
00006bb1  EUSCIB1_IRQHandler                             
00006cb3  Interrupt_enableMaster                         
00006cc3  Interrupt_disableMaster                        
00006cd3  Interrupt_registerInterrupt                    
00006d25  Interrupt_unregisterInterrupt                  
00006d39  Interrupt_setPriorityGrouping                  
00006d71  Interrupt_getPriorityGrouping                  
00006da9  Interrupt_setPriority                          
00006df9  Interrupt_getPriority                          
00006e1f  Interrupt_enableInterrupt                      
00006e91  Interrupt_disableInterrupt                     
00006f03  Interrupt_isEnabled                            
00006f8d  Interrupt_pendInterrupt                        
00006ffd  Interrupt_unpendInterrupt                      
0000704b  Interrupt_setPriorityMask                      
0000705b  Interrupt_getPriorityMask                      
00007065  Interrupt_setVectorTableAddress                
00007075  Interrupt_getVectorTableAddress                
0000707b  Interrupt_enableSleepOnIsrExit                 
0000708d  Interrupt_disableSleepOnIsrExit                
000070bd  SystemCoreClockUpdate                          
00007335  SystemInit                                     
000073f1  uartReceive                                    
00007487  uartInit                                       
000075a7  EUSCIA0_IRQHandler                             
000075a7  EUSCIA0_IRQHandler                             
000075c3  sendText                                       
00007603  receiveText                                    
000078fd  SysCtl_getTLVInfo                              
00007973  SysCtl_getSRAMSize                             
00007979  SysCtl_getFlashSize                            
0000797f  SysCtl_disableNMISource                        
00007993  SysCtl_enableNMISource                         
000079a7  SysCtl_getNMISourceStatus                      
000079b1  SysCtl_enableSRAMBank                          
000079cd  SysCtl_disableSRAMBank                         
00007a35  SysCtl_enableSRAMBankRetention                 
00007a51  SysCtl_disableSRAMBankRetention                
00007a6d  SysCtl_rebootDevice                            
00007a77  SysCtl_enablePeripheralAtCPUHalt               
00007a8b  SysCtl_disablePeripheralAtCPUHalt              
00007a9f  SysCtl_setWDTTimeoutResetType                  
00007ac3  SysCtl_setWDTPasswordViolationResetType        
00007ae7  SysCtl_enableGlitchFilter                      
00007af3  SysCtl_disableGlitchFilter                     
00007aff  SysCtl_getTempCalibrationConstant              
00007d15  __aeabi_dsub                                   
00007d1f  __aeabi_dadd                                   
00007ecd  Task                                           
00007f21  main                                           
00007fc9  startWakeUpTimerA                              
00008039  stopWakeUpTimerA                               
00008081  Bump_Init                                      
0000808d  Bump_Read                                      
0000818b  Bump_Interrupt_Init                            
000081c7  PORT4_IRQHandler                               
000081c7  PORT4_IRQHandler                               
00008331  __aeabi_ddiv                                   
0000858d  ldexp                                          
0000858d  ldexpl                                         
0000858d  scalbn                                         
0000858d  scalbnl                                        
0000869d  Motor_Init                                     
000086cd  Motor_Forward                                  
000086f9  Motor_Backward                                 
00008725  Motor_Left                                     
00008759  Motor_Right                                    
0000878d  Motor_Stop                                     
000087a5  __aeabi_dmul                                   
000088a1  Duty_To_CCR                                    
000088c3  PWM_Init                                       
0000892d  PWM_Duty_Right                                 
00008953  PWM_Duty_Left                                  
00008995  WDT_A_holdTimer                                
000089b5  WDT_A_startTimer                               
000089d5  WDT_A_clearTimer                               
000089f5  WDT_A_initWatchdogTimer                        
00008a11  WDT_A_initIntervalTimer                        
00008a2d  WDT_A_setPasswordViolationReset                
00008a39  WDT_A_setTimeoutReset                          
00008a45  WDT_A_registerInterrupt                        
00008a59  WDT_A_unregisterInterrupt                      
00008a6d  HFXT_Init                                      
00008a83  Clock_Init                                     
00008ac7  Clock_Delay1us                                 
00008af1  delay                                          
00008aff  Clock_Delay1ms                                 
00008bd3  __aeabi_memcpy                                 
00008bd3  __aeabi_memcpy4                                
00008bd3  __aeabi_memcpy8                                
00008bd3  memcpy                                         
00008c6f  __aeabi_uldivmod                               
00008d05  __aeabi_cdcmpeq                                
00008d05  __aeabi_cdcmple                                
00008d8b  __aeabi_cdrcmple                               
00008e11  TimerA1_Init                                   
00008e51  TimerA1_Stop                                   
00008e6f  TA1_0_IRQHandler                               
00008e6f  TA1_0_IRQHandler                               
00008e8d  __aeabi_memclr                                 
00008e8d  __aeabi_memclr4                                
00008e8d  __aeabi_memclr8                                
00008e8f  __aeabi_memset                                 
00008e8f  __aeabi_memset4                                
00008e8f  __aeabi_memset8                                
00008e95  memset                                         
00008f75  __TI_decompress_lzss                           
00008fdd  frexp                                          
00008fdd  frexpl                                         
00009041  ReadSwitchStatus                               
0000906b  InitializeSwitch                               
000090f1  __TI_ltoa                                      
00009199  InitializePushButtonPortPins                   
000091e5  atoi                                           
00009231  __aeabi_d2iz                                   
00009279  __TI_auto_init_nobinit_nopinit                 
000092bd  __aeabi_d2uiz                                  
00009301  sprintf                                        
0000937f  CPU_cpsid                                      
0000938b  CPU_primask                                    
00009395  CPU_cpsie                                      
000093a1  CPU_wfi                                        
000093a5  CPU_basepriSet                                 
000093b3  CPU_basepriGet                                 
000093bd  strncpy                                        
000093f5  _c_int00_noargs                                
00009429  __aeabi_i2d                                    
00009457  __aeabi_ui2d                                   
00009477  __TI_zero_init_nomemset                        
00009493  memccpy                                        
000094af  copysign                                       
000094af  copysignl                                      
000094e1  strchr                                         
000094f7  strlen                                         
0000950b  wcslen                                         
0000951d  __TI_decompress_none                           
0000952b  Reset_Handler                                  
00009537  ADC14_IRQHandler                               
00009537  AES256_IRQHandler                              
00009537  BusFault_Handler                               
00009537  COMP_E0_IRQHandler                             
00009537  COMP_E1_IRQHandler                             
00009537  CS_IRQHandler                                  
00009537  DMA_ERR_IRQHandler                             
00009537  DMA_INT0_IRQHandler                            
00009537  DMA_INT1_IRQHandler                            
00009537  DMA_INT2_IRQHandler                            
00009537  DMA_INT3_IRQHandler                            
00009537  DebugMon_Handler                               
00009537  Default_Handler                                
00009537  EUSCIA1_IRQHandler                             
00009537  EUSCIA2_IRQHandler                             
00009537  EUSCIA3_IRQHandler                             
00009537  EUSCIB0_IRQHandler                             
00009537  EUSCIB2_IRQHandler                             
00009537  EUSCIB3_IRQHandler                             
00009537  FLCTL_IRQHandler                               
00009537  FPU_IRQHandler                                 
00009537  HardFault_Handler                              
00009537  MemManage_Handler                              
00009537  NMI_Handler                                    
00009537  PCM_IRQHandler                                 
00009537  PORT1_IRQHandler                               
00009537  PORT2_IRQHandler                               
00009537  PORT3_IRQHandler                               
00009537  PORT5_IRQHandler                               
00009537  PORT6_IRQHandler                               
00009537  PSS_IRQHandler                                 
00009537  PendSV_Handler                                 
00009537  RTC_C_IRQHandler                               
00009537  SVC_Handler                                    
00009537  SysTick_Handler                                
00009537  T32_INT1_IRQHandler                            
00009537  T32_INT2_IRQHandler                            
00009537  T32_INTC_IRQHandler                            
00009537  TA0_0_IRQHandler                               
00009537  TA0_N_IRQHandler                               
00009537  TA1_N_IRQHandler                               
00009537  TA2_0_IRQHandler                               
00009537  TA2_N_IRQHandler                               
00009537  TA3_0_IRQHandler                               
00009537  TA3_N_IRQHandler                               
00009537  UsageFault_Handler                             
00009537  WDT_A_IRQHandler                               
00009545  __aeabi_errno_addr                             
0000954d  _system_pre_init                               
00009551  C$$EXIT                                        
00009551  abort                                          
00009734  _ctypes_                                       
00009944  Masks                                          
000099e4  __TI_Handler_Table_Base                        
000099f0  __TI_Handler_Table_Limit                       
00009a00  __TI_CINIT_Base                                
00009a18  __TI_CINIT_Limit                               
20000000  __start___llvm_prf_cnts                        
20000000  __stop___llvm_prf_cnts                         
20000000  g_pfnRAMVectors                                
200000e8  test                                           
20000416  burstMode                                      
20000458  count                                          
2000045c  lastState                                      
20000460  delaycounter                                   
20000468  LiftedUp                                       
2000046c  StopSlowNormalLight                            
20000470  upDownConfig                                   
20000488  i2cConfig                                      
2000049c  compareConfig_PWM1                             
200004ac  compareConfig_PWM2                             
200004c4  TIMERA1_PERIOD                                 
200004c8  errno                                          
200004cc  SystemCoreClock                                
200004d0  Screen                                         
200006d0  BumpTask                                       
200006d4  TimerTask                                      
200006d8  g_ui32ByteCount                                
200006dc  pData                                          
200006e0  LED_FSM                                        
200006e2  ReflectanceRead                                
200006e3  bumpData                                       
200006e4  ui8DummyRead                                   
200006e5  ui8Status                                      
2000fe00  __stack                                        
20010000  __STACK_END                                    
4000480c  WDTCTL_SYM                                     
ffffffff  __TI_pprof_out_hndl                            
ffffffff  __TI_prof_data_size                            
ffffffff  __TI_prof_data_start                           
ffffffff  __binit__                                      
ffffffff  __c_args__                                     
ffffffff  binit                                          
UNDEFED   __mpu_init                                     
UNDEFED   _system_post_cinit                             

[491 symbols]
