******************************************************************************
                  TI ARM Linker PC v20.2.5                     
******************************************************************************
>> Linked Sun Dec 12 11:06:02 2021

OUTPUT FILE NAME:   <WorkingMaze.out>
ENTRY POINT SYMBOL: "_c_int00_noargs"  address: 000093ed


MEMORY CONFIGURATION

         name            origin    length      used     unused   attr    fill
----------------------  --------  ---------  --------  --------  ----  --------
  MAIN                  00000000   00040000  00009a0c  000365f4  R  X
  INFO                  00200000   00004000  00000000  00004000  R  X
  SRAM_CODE             01000000   00010000  000008e6  0000f71a  RW X
  SRAM_DATA             20000000   00010000  000008e6  0000f71a  RW  


SEGMENT ALLOCATION MAP

run origin  load origin   length   init length attrs members
----------  ----------- ---------- ----------- ----- -------
00000000    00000000    00009a10   00009a10    r-x
  00000000    00000000    000000e4   000000e4    r-- .intvecs
  000000e4    000000e4    00009468   00009468    r-x .text
  0000954c    0000954c    00000418   00000418    r-- .const
  00009968    00009968    000000a8   000000a8    r-- .cinit
20000000    20000000    000006e6   00000000    rw-
  20000000    20000000    000000e8   00000000    rw- .vtable
  200000e8    200000e8    000003e8   00000000    rw- .data
  200004d0    200004d0    00000216   00000000    rw- .bss
2000fe00    2000fe00    00000200   00000000    rw-
  2000fe00    2000fe00    00000200   00000000    rw- .stack


SECTION ALLOCATION MAP

 output                                  attributes/
section   page    origin      length       input sections
--------  ----  ----------  ----------   ----------------
.intvecs   0    00000000    000000e4     
                  00000000    000000e4     startup_msp432p401r_ccs.obj (.intvecs:retain)

.text      0    000000e4    00009468     
                  000000e4    000015a8     flash.obj (.text)
                  0000168c    00000c5c     cs.obj (.text)
                  000022e8    00000a4e     rtsv7M4_T_le_v4SPD16_eabi.lib : _printfi.c.obj (.text:__TI_printfi)
                  00002d36    00000002                                   : div0.asm.obj (.text)
                  00002d38    00000a34     FSM.obj (.text)
                  0000376c    00000878     i2c.obj (.text)
                  00003fe4    00000834     pcm.obj (.text)
                  00004818    00000798     timer_a.obj (.text)
                  00004fb0    00000590     Nokia5110_skeleton.obj (.text)
                  00005540    00000554     rtc_c.obj (.text)
                  00005a94    00000528     Reflectance.obj (.text)
                  00005fbc    00000480     gpio.obj (.text)
                  0000643c    00000448     uart.obj (.text)
                  00006884    00000424     i2c_driver.obj (.text)
                  00006ca8    0000040c     interrupt.obj (.text)
                  000070b4    00000334     system_msp432p401r.obj (.text)
                  000073e8    0000029c     uart_driver.obj (.text)
                  00007684    00000270     rtsv7M4_T_le_v4SPD16_eabi.lib : _printfi.c.obj (.text:_pconv_a)
                  000078f4    00000248     sysctl.obj (.text)
                  00007b3c    000001d0     rtsv7M4_T_le_v4SPD16_eabi.lib : _printfi.c.obj (.text:_pconv_g)
                  00007d0c    000001b6                                   : fd_add_t2.asm.obj (.text)
                  00007ec2    00000002     --HOLE-- [fill = 0]
                  00007ec4    000001b4     main.obj (.text)
                  00008078    00000174     Bump.obj (.text)
                  000081ec    0000013c     rtsv7M4_T_le_v4SPD16_eabi.lib : _printfi.c.obj (.text:_pconv_e)
                  00008328    00000136                                   : fd_div_t2.asm.obj (.text)
                  0000845e    00000002     --HOLE-- [fill = 0]
                  00008460    00000124                                   : _printfi.c.obj (.text:fcvt)
                  00008584    00000110                                   : s_scalbn.c.obj (.text:scalbn)
                  00008694    00000108     Motor_Skeleton.obj (.text)
                  0000879c    000000fc     rtsv7M4_T_le_v4SPD16_eabi.lib : fd_mul_t2.asm.obj (.text)
                  00008898    000000f4     PWM.obj (.text)
                  0000898c    000000d8     wdt_a.obj (.text)
                  00008a64    000000b4     Clock_DL.obj (.text)
                  00008b18    000000b1     rtsv7M4_T_le_v4SPD16_eabi.lib : _printfi.c.obj (.text:_ltostr)
                  00008bc9    00000001     --HOLE-- [fill = 0]
                  00008bca    0000009c                                   : memcpy_t2.asm.obj (.text)
                  00008c66    00000096                                   : ull_div_t2.asm.obj (.text)
                  00008cfc    00000086                                   : fd_cmp_t2.asm.obj (.text:__aeabi_cdcmple)
                  00008d82    00000086                                   : fd_cmp_t2.asm.obj (.text:__aeabi_cdrcmple)
                  00008e08    0000007c     TimerA1_skeleton.obj (.text)
                  00008e84    0000007a     rtsv7M4_T_le_v4SPD16_eabi.lib : memset_t2.asm.obj (.text)
                  00008efe    0000006e                                   : _printfi.c.obj (.text:_mcpy)
                  00008f6c    00000068                                   : copy_decompress_lzss.c.obj (.text:decompress:lzss:__TI_decompress_lzss)
                  00008fd4    00000064                                   : s_frexp.c.obj (.text:frexp)
                  00009038    0000005a     Switch.obj (.text)
                  00009092    00000056     rtsv7M4_T_le_v4SPD16_eabi.lib : _printfi.c.obj (.text:_pconv_f)
                  000090e8    00000054                                   : _ltoa.c.obj (.text:__TI_ltoa)
                  0000913c    00000052                                   : _printfi.c.obj (.text:_ecpy)
                  0000918e    00000002     --HOLE-- [fill = 0]
                  00009190    0000004c     PushButton.obj (.text)
                  000091dc    0000004c     rtsv7M4_T_le_v4SPD16_eabi.lib : atoi.c.obj (.text:atoi)
                  00009228    00000048                                   : fd_toi_t2.asm.obj (.text)
                  00009270    00000044                                   : autoinit.c.obj (.text:__TI_auto_init_nobinit_nopinit:__TI_auto_init_nobinit_nopinit)
                  000092b4    00000044                                   : fd_tou_t2.asm.obj (.text)
                  000092f8    00000040                                   : sprintf.c.obj (.text:sprintf)
                  00009338    0000003e                                   : _printfi.c.obj (.text:_fcpy)
                  00009376    0000003e     cpu.obj (.text)
                  000093b4    00000036     rtsv7M4_T_le_v4SPD16_eabi.lib : strncpy.c.obj (.text:strncpy)
                  000093ea    00000002     --HOLE-- [fill = 0]
                  000093ec    00000034                                   : boot_cortex_m.c.obj (.text:_c_int00_noargs:_c_int00_noargs)
                  00009420    0000002e                                   : i_tofd_t2.asm.obj (.text)
                  0000944e    00000020                                   : u_tofd_t2.asm.obj (.text)
                  0000946e    0000001c                                   : copy_zero_init.c.obj (.text:decompress:ZI:__TI_zero_init_nomemset:__TI_zero_init_nomemset)
                  0000948a    0000001c                                   : memccpy.c.obj (.text:memccpy)
                  000094a6    0000001a                                   : s_copysign.c.obj (.text:copysign)
                  000094c0    00000018                                   : sprintf.c.obj (.text:_outs)
                  000094d8    00000016                                   : strchr.c.obj (.text:strchr)
                  000094ee    00000014                                   : strlen.c.obj (.text:strlen)
                  00009502    00000012                                   : wcslen.c.obj (.text:wcslen)
                  00009514    0000000e                                   : copy_decompress_none.c.obj (.text:decompress:none:__TI_decompress_none)
                  00009522    0000000e     startup_msp432p401r_ccs.obj (.text)
                  00009530    0000000a     rtsv7M4_T_le_v4SPD16_eabi.lib : sprintf.c.obj (.text:_outc)
                  0000953a    00000002     --HOLE-- [fill = 0]
                  0000953c    00000008                                   : errno.c.obj (.text:__aeabi_errno_addr)
                  00009544    00000004                                   : pre_init.c.obj (.text:_system_pre_init)
                  00009548    00000004                                   : exit.c.obj (.text:abort:abort)

.const     0    0000954c    00000418     
                  0000954c    000001e0     Nokia5110_skeleton.obj (.const:ASCII)
                  0000972c    00000101     rtsv7M4_T_le_v4SPD16_eabi.lib : ctype.c.obj (.const:.string:_ctypes_)
                  0000982d    00000003     --HOLE-- [fill = 0]
                  00009830    00000050     interrupt.obj (.const:g_pulRegs)
                  00009880    00000030     gpio.obj (.const:GPIO_PORT_TO_BASE)
                  000098b0    00000020     Reflectance.obj (.const:$P$T0$1)
                  000098d0    00000020     interrupt.obj (.const:g_pulPriority)
                  000098f0    0000001c     gpio.obj (.const:GPIO_PORT_TO_INT)
                  0000990c    00000018     TimerA1_skeleton.obj (.const:$P$T0$1)
                  00009924    00000018     main.obj (.const:$P$T0$1)
                  0000993c    00000008     Nokia5110_skeleton.obj (.const:.string:Masks)
                  00009944    00000008     interrupt.obj (.const:g_pulDisRegs)
                  0000994c    00000008     interrupt.obj (.const:g_pulEnRegs)
                  00009954    00000008     interrupt.obj (.const:g_pulPendRegs)
                  0000995c    00000008     interrupt.obj (.const:g_pulUnpendRegs)

.cinit     0    00009968    000000a8     
                  00009968    00000072     (.cinit..data.load) [load image, compression = lzss]
                  000099da    00000002     --HOLE-- [fill = 0]
                  000099dc    0000000c     (__TI_handler_table)
                  000099e8    00000008     (.cinit..bss.load) [load image, compression = zero_init]
                  000099f0    00000008     (.cinit..vtable.load) [load image, compression = zero_init]
                  000099f8    00000018     (__TI_cinit_table)

.init_array 
*          0    00000000    00000000     UNINITIALIZED

.binit     0    00000000    00000000     

.vtable    0    20000000    000000e8     UNINITIALIZED
                  20000000    000000e8     interrupt.obj (.vtable)

.data      0    200000e8    000003e8     UNINITIALIZED
                  200000e8    0000021f     uart_driver.obj (.data:test)
                  20000307    0000010f     uart_driver.obj (.data:pieceOfString$2)
                  20000416    00000001     i2c_driver.obj (.data)
                  20000417    00000001     --HOLE--
                  20000418    00000040     flash.obj (.data:__getBurstProgramRegs)
                  20000458    00000018     main.obj (.data)
                  20000470    00000018     PWM.obj (.data:upDownConfig)
                  20000488    00000014     i2c_driver.obj (.data:i2cConfig)
                  2000049c    00000010     PWM.obj (.data:compareConfig_PWM1)
                  200004ac    00000010     PWM.obj (.data:compareConfig_PWM2)
                  200004bc    00000008     uart_driver.obj (.data)
                  200004c4    00000004     PWM.obj (.data)
                  200004c8    00000004     rtsv7M4_T_le_v4SPD16_eabi.lib : errno.c.obj (.data)
                  200004cc    00000004     system_msp432p401r.obj (.data)

.bss       0    200004d0    00000216     UNINITIALIZED
                  200004d0    000001f8     (.common:Screen)
                  200006c8    00000008     cs.obj (.bss)
                  200006d0    00000004     (.common:BumpTask)
                  200006d4    00000004     (.common:TimerTask)
                  200006d8    00000004     (.common:g_ui32ByteCount)
                  200006dc    00000004     (.common:pData)
                  200006e0    00000002     (.common:LED_FSM)
                  200006e2    00000001     (.common:ReflectanceRead)
                  200006e3    00000001     (.common:bumpData)
                  200006e4    00000001     (.common:ui8DummyRead)
                  200006e5    00000001     (.common:ui8Status)

.stack     0    2000fe00    00000200     UNINITIALIZED
                  2000fe00    00000004     rtsv7M4_T_le_v4SPD16_eabi.lib : boot_cortex_m.c.obj (.stack)
                  2000fe04    000001fc     --HOLE--

__llvm_prf_cnts 
*          0    20000000    00000000     UNINITIALIZED

MODULE SUMMARY

       Module                        code    ro data   rw data
       ------                        ----    -------   -------
    .\
       flash.obj                     5544    0         128    
       cs.obj                        3164    0         16     
       Nokia5110_skeleton.obj        1424    488       1008   
       FSM.obj                       2612    0         0      
       uart_driver.obj               668     0         1644   
       i2c.obj                       2168    0         0      
       pcm.obj                       2100    0         0      
       timer_a.obj                   1944    0         0      
       interrupt.obj                 1036    144       464    
       rtc_c.obj                     1364    0         0      
       Reflectance.obj               1320    32        0      
       gpio.obj                      1152    76        0      
       i2c_driver.obj                1060    0         62     
       uart.obj                      1096    0         0      
       system_msp432p401r.obj        820     0         8      
       sysctl.obj                    584     0         0      
       main.obj                      436     24        56     
       Bump.obj                      372     0         8      
       PWM.obj                       244     0         120    
       Motor_Skeleton.obj            264     0         0      
       startup_msp432p401r_ccs.obj   14      228       0      
       wdt_a.obj                     216     0         0      
       Clock_DL.obj                  180     0         0      
       TimerA1_skeleton.obj          124     24        8      
       Switch.obj                    90      0         0      
       PushButton.obj                76      0         0      
       cpu.obj                       62      0         0      
    +--+-----------------------------+-------+---------+---------+
       Total:                        30134   1016      3522   
                                                              
    C:\ti\ccs1040\ccs\tools\compiler\ti-cgt-arm_20.2.5.LTS\lib\rtsv7M4_T_le_v4SPD16_eabi.lib
       _printfi.c.obj                4851    0         0      
       fd_add_t2.asm.obj             438     0         0      
       fd_div_t2.asm.obj             310     0         0      
       s_scalbn.c.obj                272     0         0      
       fd_cmp_t2.asm.obj             268     0         0      
       ctype.c.obj                   0       257       0      
       fd_mul_t2.asm.obj             252     0         0      
       memcpy_t2.asm.obj             156     0         0      
       ull_div_t2.asm.obj            150     0         0      
       memset_t2.asm.obj             122     0         0      
       copy_decompress_lzss.c.obj    104     0         0      
       s_frexp.c.obj                 100     0         0      
       sprintf.c.obj                 98      0         0      
       _ltoa.c.obj                   84      0         0      
       atoi.c.obj                    76      0         0      
       fd_toi_t2.asm.obj             72      0         0      
       autoinit.c.obj                68      0         0      
       fd_tou_t2.asm.obj             68      0         0      
       strncpy.c.obj                 54      0         0      
       boot_cortex_m.c.obj           52      0         0      
       i_tofd_t2.asm.obj             46      0         0      
       u_tofd_t2.asm.obj             32      0         0      
       copy_zero_init.c.obj          28      0         0      
       memccpy.c.obj                 28      0         0      
       s_copysign.c.obj              26      0         0      
       strchr.c.obj                  22      0         0      
       strlen.c.obj                  20      0         0      
       wcslen.c.obj                  18      0         0      
       errno.c.obj                   8       0         8      
       copy_decompress_none.c.obj    14      0         0      
       exit.c.obj                    4       0         0      
       pre_init.c.obj                4       0         0      
       div0.asm.obj                  2       0         0      
    +--+-----------------------------+-------+---------+---------+
       Total:                        7847    257       8      
                                                              
       Stack:                        0       0         1024   
       Linker Generated:             0       166       0      
    +--+-----------------------------+-------+---------+---------+
       Grand Total:                  37981   1439      4554   


LINKER GENERATED COPY TABLES

__TI_cinit_table @ 000099f8 records: 3, size/record: 8, table size: 24
	.data: load addr=00009968, load size=00000072 bytes, run addr=200000e8, run size=000003e8 bytes, compression=lzss
	.bss: load addr=000099e8, load size=00000008 bytes, run addr=200004d0, run size=00000216 bytes, compression=zero_init
	.vtable: load addr=000099f0, load size=00000008 bytes, run addr=20000000, run size=000000e8 bytes, compression=zero_init


LINKER GENERATED HANDLER TABLE

__TI_handler_table @ 000099dc records: 3, size/record: 4, table size: 12
	index: 0, handler: __TI_zero_init
	index: 1, handler: __TI_decompress_lzss
	index: 2, handler: __TI_decompress_none


GLOBAL SYMBOLS: SORTED ALPHABETICALLY BY Name 

address   name                                           
-------   ----                                           
0000952f  ADC14_IRQHandler                               
0000952f  AES256_IRQHandler                              
200006d0  BumpTask                                       
00008079  Bump_Init                                      
00008183  Bump_Interrupt_Init                            
00008085  Bump_Read                                      
0000952f  BusFault_Handler                               
00009549  C$$EXIT                                        
0000952f  COMP_E0_IRQHandler                             
0000952f  COMP_E1_IRQHandler                             
000093ab  CPU_basepriGet                                 
0000939d  CPU_basepriSet                                 
00009377  CPU_cpsid                                      
0000938d  CPU_cpsie                                      
00009383  CPU_primask                                    
00009399  CPU_wfi                                        
0000952f  CS_IRQHandler                                  
0000225d  CS_clearInterruptFlag                          
00001c35  CS_disableClockRequest                         
00001d13  CS_disableDCOExternalResistor                  
00002145  CS_disableFaultCounter                         
0000220d  CS_disableInterrupt                            
00001c0d  CS_enableClockRequest                          
00001c7d  CS_enableDCOExternalResistor                   
00002119  CS_enableFaultCounter                          
000021e1  CS_enableInterrupt                             
000020ab  CS_getACLK                                     
0000206b  CS_getBCLK                                     
00001df1  CS_getDCOFrequency                             
0000223d  CS_getEnabledInterruptStatus                   
00002087  CS_getHSMCLK                                   
0000222f  CS_getInterruptStatus                          
000020f1  CS_getMCLK                                     
000020cf  CS_getSMCLK                                    
0000192d  CS_initClockSignal                             
00002289  CS_registerInterrupt                           
00002171  CS_resetFaultCounter                           
00001d31  CS_setDCOCenteredFrequency                     
00001ca5  CS_setDCOExternalResistorCalibration           
00001f09  CS_setDCOFrequency                             
000018f1  CS_setExternalClockSourceFrequency             
00001c57  CS_setReferenceOscillatorFrequency             
0000219d  CS_startFaultCounter                           
00001a31  CS_startHFXT                                   
00001a55  CS_startHFXTWithTimeout                        
00001b19  CS_startLFXT                                   
00001b3d  CS_startLFXTWithTimeout                        
00001d61  CS_tuneDCOFrequency                            
000022a1  CS_unregisterInterrupt                         
00008af7  Clock_Delay1ms                                 
00008abf  Clock_Delay1us                                 
00008a7b  Clock_Init                                     
0000952f  DMA_ERR_IRQHandler                             
0000952f  DMA_INT0_IRQHandler                            
0000952f  DMA_INT1_IRQHandler                            
0000952f  DMA_INT2_IRQHandler                            
0000952f  DMA_INT3_IRQHandler                            
0000952f  DebugMon_Handler                               
0000952f  Default_Handler                                
00008899  Duty_To_CCR                                    
0000759f  EUSCIA0_IRQHandler                             
0000759f  EUSCIA0_IRQHandler                             
0000952f  EUSCIA1_IRQHandler                             
0000952f  EUSCIA2_IRQHandler                             
0000952f  EUSCIA3_IRQHandler                             
0000952f  EUSCIB0_IRQHandler                             
00006ba9  EUSCIB1_IRQHandler                             
00006ba9  EUSCIB1_IRQHandler                             
0000952f  EUSCIB2_IRQHandler                             
0000952f  EUSCIB3_IRQHandler                             
0000952f  FLCTL_IRQHandler                               
0000952f  FPU_IRQHandler                                 
0000112b  FlashCtl_clearInterruptFlag                    
00000fef  FlashCtl_clearProgramVerification              
00001101  FlashCtl_disableInterrupt                      
00000661  FlashCtl_disableReadBuffering                  
00001059  FlashCtl_disableWordProgramming                
000010ed  FlashCtl_enableInterrupt                       
0000060d  FlashCtl_enableReadBuffering                   
00001029  FlashCtl_enableWordProgramming                 
00000c91  FlashCtl_eraseSector                           
0000111b  FlashCtl_getEnabledInterruptStatus             
00001115  FlashCtl_getInterruptStatus                    
0000028f  FlashCtl_getMemoryInfo                         
00000af1  FlashCtl_getReadMode                           
000010bf  FlashCtl_getWaitState                          
00000b1f  FlashCtl_initiateMassErase                     
00000db9  FlashCtl_initiateSectorErase                   
0000078d  FlashCtl_isSectorProtected                     
00001061  FlashCtl_isWordProgrammingEnabled              
00000b45  FlashCtl_performMassErase                      
00000e49  FlashCtl_programMemory                         
0000072d  FlashCtl_protectSector                         
0000113f  FlashCtl_registerInterrupt                     
00000fb5  FlashCtl_setProgramVerification                
00000a81  FlashCtl_setReadMode                           
00001081  FlashCtl_setWaitState                          
000006bd  FlashCtl_unprotectSector                       
00001153  FlashCtl_unregisterInterrupt                   
00000819  FlashCtl_verifyMemory                          
000062df  GPIO_clearInterruptFlag                        
0000629f  GPIO_disableInterrupt                          
0000627d  GPIO_enableInterrupt                           
00006337  GPIO_getEnabledInterruptStatus                 
0000624f  GPIO_getInputPinValue                          
000062c1  GPIO_getInterruptStatus                        
00006301  GPIO_interruptEdgeSelect                       
000063f7  GPIO_registerInterrupt                         
00005ff7  GPIO_setAsInputPin                             
000061ab  GPIO_setAsInputPinWithPullDownResistor         
000061fd  GPIO_setAsInputPinWithPullUpResistor           
00005fbd  GPIO_setAsOutputPin                            
000060c1  GPIO_setAsPeripheralModuleFunctionInputPin     
0000603d  GPIO_setAsPeripheralModuleFunctionOutputPin    
000063b3  GPIO_setDriveStrengthHigh                      
000063d5  GPIO_setDriveStrengthLow                       
00006145  GPIO_setOutputHighOnPin                        
00006167  GPIO_setOutputLowOnPin                         
00006189  GPIO_toggleOutputOnPin                         
00006417  GPIO_unregisterInterrupt                       
00008a65  HFXT_Init                                      
0000952f  HardFault_Handler                              
00003e95  I2C_clearInterruptFlag                         
00003e7f  I2C_disableInterrupt                           
0000381f  I2C_disableModule                              
00003e49  I2C_disableMultiMasterMode                     
00003e69  I2C_enableInterrupt                            
00003809  I2C_enableModule                               
00003e25  I2C_enableMultiMasterMode                      
00003ec3  I2C_getEnabledInterruptStatus                  
00003eab  I2C_getInterruptStatus                         
00003ed9  I2C_getMode                                    
00003dcb  I2C_getReceiveBufferAddressForDMA              
00003dd9  I2C_getTransmitBufferAddressForDMA             
0000376d  I2C_initMaster                                 
000037cf  I2C_initSlave                                  
00003933  I2C_isBusBusy                                  
00003df9  I2C_masterIsStartSent                          
00003de7  I2C_masterIsStopSent                           
00003cf7  I2C_masterReceiveMultiByteFinish               
00003d2f  I2C_masterReceiveMultiByteFinishWithTimeout    
00003ce3  I2C_masterReceiveMultiByteNext                 
00003d8d  I2C_masterReceiveMultiByteStop                 
00003da1  I2C_masterReceiveSingle                        
000038a7  I2C_masterReceiveSingleByte                    
00003cc9  I2C_masterReceiveStart                         
00003b7d  I2C_masterSendMultiByteFinish                  
00003be1  I2C_masterSendMultiByteFinishWithTimeout       
00003b07  I2C_masterSendMultiByteNext                    
00003b33  I2C_masterSendMultiByteNextWithTimeout         
00003a47  I2C_masterSendMultiByteStart                   
00003aa1  I2C_masterSendMultiByteStartWithTimeout        
00003c5f  I2C_masterSendMultiByteStop                    
00003c89  I2C_masterSendMultiByteStopWithTimeout         
00003945  I2C_masterSendSingleByte                       
000039bb  I2C_masterSendSingleByteWithTimeout            
00003e11  I2C_masterSendStart                            
00003ef1  I2C_registerInterrupt                          
00003849  I2C_setMode                                    
00003835  I2C_setSlaveAddress                            
00003865  I2C_setTimeout                                 
0000391f  I2C_slaveGetData                               
00003909  I2C_slavePutData                               
00003fb9  I2C_slaveSendNAK                               
00003f5d  I2C_unregisterInterrupt                        
00002d39  InitializeFSM                                  
00009191  InitializePushButtonPortPins                   
00009063  InitializeSwitch                               
00006e89  Interrupt_disableInterrupt                     
00006cbb  Interrupt_disableMaster                        
00007085  Interrupt_disableSleepOnIsrExit                
00006e17  Interrupt_enableInterrupt                      
00006cab  Interrupt_enableMaster                         
00007073  Interrupt_enableSleepOnIsrExit                 
00006df1  Interrupt_getPriority                          
00006d69  Interrupt_getPriorityGrouping                  
00007053  Interrupt_getPriorityMask                      
0000706d  Interrupt_getVectorTableAddress                
00006efb  Interrupt_isEnabled                            
00006f85  Interrupt_pendInterrupt                        
00006ccb  Interrupt_registerInterrupt                    
00006da1  Interrupt_setPriority                          
00006d31  Interrupt_setPriorityGrouping                  
00007043  Interrupt_setPriorityMask                      
0000705d  Interrupt_setVectorTableAddress                
00006ff5  Interrupt_unpendInterrupt                      
00006d1d  Interrupt_unregisterInterrupt                  
200006e0  LED_FSM                                        
20000468  LiftedUp                                       
0000993c  Masks                                          
0000952f  MemManage_Handler                              
000086f1  Motor_Backward                                 
000086c5  Motor_Forward                                  
00008695  Motor_Init                                     
0000871d  Motor_Left                                     
00008751  Motor_Right                                    
00008785  Motor_Stop                                     
0000952f  NMI_Handler                                    
00002d49  NextStateFunction                              
0000525f  Nokia5110_Clear                                
000054b9  Nokia5110_ClearBuffer                          
000054ed  Nokia5110_ClrPxl                               
000054e3  Nokia5110_DisplayBuffer                        
0000528b  Nokia5110_DrawFullImage                        
00005093  Nokia5110_Init                                 
000050f7  Nokia5110_OutChar                              
00005177  Nokia5110_OutSDec                              
00005137  Nokia5110_OutString                            
00005159  Nokia5110_OutUDec                              
00005195  Nokia5110_OutUFix1                             
000052cd  Nokia5110_PrintBMP                             
00005223  Nokia5110_SetCursor                            
00005513  Nokia5110_SetPxl                               
00003031  OutputFunction                                 
0000952f  PCM_IRQHandler                                 
000047bb  PCM_clearInterruptFlag                         
00004791  PCM_disableInterrupt                           
00004769  PCM_disableRudeMode                            
0000477d  PCM_enableInterrupt                            
00004757  PCM_enableRudeMode                             
00004167  PCM_getCoreVoltageLevel                        
000047ab  PCM_getEnabledInterruptStatus                  
000047a5  PCM_getInterruptStatus                         
0000410d  PCM_getPowerMode                               
00004749  PCM_getPowerState                              
00004681  PCM_gotoLPM0                                   
0000469f  PCM_gotoLPM0InterruptSafe                      
000046bb  PCM_gotoLPM3                                   
0000472d  PCM_gotoLPM3InterruptSafe                      
00004655  PCM_gotoLPM4                                   
00004665  PCM_gotoLPM4InterruptSafe                      
000047cf  PCM_registerInterrupt                          
000040db  PCM_setCoreVoltageLevel                        
000040fd  PCM_setCoreVoltageLevelNonBlocking             
000040eb  PCM_setCoreVoltageLevelWithTimeout             
0000430d  PCM_setPowerMode                               
0000431d  PCM_setPowerModeNonBlocking                    
0000432d  PCM_setPowerModeWithTimeout                    
000045df  PCM_setPowerState                              
00004601  PCM_setPowerStateNonBlocking                   
000045ef  PCM_setPowerStateWithTimeout                   
00004611  PCM_shutdownDevice                             
000047e3  PCM_unregisterInterrupt                        
0000952f  PORT1_IRQHandler                               
0000952f  PORT2_IRQHandler                               
0000952f  PORT3_IRQHandler                               
000081bf  PORT4_IRQHandler                               
000081bf  PORT4_IRQHandler                               
0000952f  PORT5_IRQHandler                               
0000952f  PORT6_IRQHandler                               
0000952f  PSS_IRQHandler                                 
0000894b  PWM_Duty_Left                                  
00008925  PWM_Duty_Right                                 
000088bb  PWM_Init                                       
0000952f  PendSV_Handler                                 
0000952f  RTC_C_IRQHandler                               
000059ed  RTC_C_clearInterruptFlag                       
000057ff  RTC_C_convertBCDToBinary                       
00005817  RTC_C_convertBinaryToBCD                       
00005743  RTC_C_definePrescaleEvent                      
00005899  RTC_C_disableInterrupt                         
00005835  RTC_C_enableInterrupt                          
00005675  RTC_C_getCalendarTime                          
00005969  RTC_C_getEnabledInterruptStatus                
00005905  RTC_C_getInterruptStatus                       
00005783  RTC_C_getPrescaleValue                         
0000555f  RTC_C_holdClock                                
00005603  RTC_C_initCalendar                             
00005a33  RTC_C_registerInterrupt                        
000056db  RTC_C_setCalendarAlarm                         
00005713  RTC_C_setCalendarEvent                         
000055ad  RTC_C_setCalibrationData                       
0000557d  RTC_C_setCalibrationFrequency                  
000057af  RTC_C_setPrescaleValue                         
000055d9  RTC_C_setTemperatureCompensation               
00005541  RTC_C_startClock                               
00005a47  RTC_C_unregisterInterrupt                      
00009039  ReadSwitchStatus                               
200006e2  ReflectanceRead                                
00005ea5  Reflectance_Center                             
00005daf  Reflectance_End                                
00005a95  Reflectance_Init                               
00005f0b  Reflectance_Position                           
00005af9  Reflectance_Read                               
00005cd5  Reflectance_Start                              
00009523  Reset_Handler                                  
0000952f  SVC_Handler                                    
200004d0  Screen                                         
2000046c  StopSlowNormalLight                            
00007aeb  SysCtl_disableGlitchFilter                     
00007977  SysCtl_disableNMISource                        
00007a83  SysCtl_disablePeripheralAtCPUHalt              
000079c5  SysCtl_disableSRAMBank                         
00007a49  SysCtl_disableSRAMBankRetention                
00007adf  SysCtl_enableGlitchFilter                      
0000798b  SysCtl_enableNMISource                         
00007a6f  SysCtl_enablePeripheralAtCPUHalt               
000079a9  SysCtl_enableSRAMBank                          
00007a2d  SysCtl_enableSRAMBankRetention                 
00007971  SysCtl_getFlashSize                            
0000799f  SysCtl_getNMISourceStatus                      
0000796b  SysCtl_getSRAMSize                             
000078f5  SysCtl_getTLVInfo                              
00007af7  SysCtl_getTempCalibrationConstant              
00007a65  SysCtl_rebootDevice                            
00007abb  SysCtl_setWDTPasswordViolationResetType        
00007a97  SysCtl_setWDTTimeoutResetType                  
0000952f  SysTick_Handler                                
200004cc  SystemCoreClock                                
000070b5  SystemCoreClockUpdate                          
0000732d  SystemInit                                     
0000952f  T32_INT1_IRQHandler                            
0000952f  T32_INT2_IRQHandler                            
0000952f  T32_INTC_IRQHandler                            
0000952f  TA0_0_IRQHandler                               
0000952f  TA0_N_IRQHandler                               
00008e67  TA1_0_IRQHandler                               
00008e67  TA1_0_IRQHandler                               
0000952f  TA1_N_IRQHandler                               
0000952f  TA2_0_IRQHandler                               
0000952f  TA2_N_IRQHandler                               
0000952f  TA3_0_IRQHandler                               
0000952f  TA3_N_IRQHandler                               
200004c4  TIMERA1_PERIOD                                 
00007ec5  Task                                           
00008e09  TimerA1_Init                                   
00008e49  TimerA1_Stop                                   
200006d4  TimerTask                                      
00004ce3  Timer_A_clearCaptureCompareInterrupt           
00004ccd  Timer_A_clearInterruptFlag                     
00004b4b  Timer_A_clearTimer                             
00004973  Timer_A_configureContinuousMode                
00004a01  Timer_A_configureUpDownMode                    
000049a3  Timer_A_configureUpMode                        
00004d71  Timer_A_disableCaptureCompareInterrupt         
00004d1f  Timer_A_disableInterrupt                       
00004d45  Timer_A_enableCaptureCompareInterrupt          
00004d0b  Timer_A_enableInterrupt                        
00004c17  Timer_A_generatePWM                            
00004bbd  Timer_A_getCaptureCompareCount                 
00004dd9  Timer_A_getCaptureCompareEnabledInterruptStatus
00004d99  Timer_A_getCaptureCompareInterruptStatus       
00004aff  Timer_A_getCounterValue                        
00004dc1  Timer_A_getEnabledInterruptStatus              
00004d33  Timer_A_getInterruptStatus                     
00004b8f  Timer_A_getOutputForOutputModeOutBitValue      
00004b5f  Timer_A_getSynchronizedCaptureCompareInput     
00004a5f  Timer_A_initCapture                            
00004ab1  Timer_A_initCompare                            
00004e15  Timer_A_registerInterrupt                      
00004ca1  Timer_A_setCompareValue                        
00004bdf  Timer_A_setOutputForOutputModeOutBitValue      
0000495d  Timer_A_startCounter                           
00004c8d  Timer_A_stopTimer                              
00004ee7  Timer_A_unregisterInterrupt                    
00006781  UART_clearInterruptFlag                        
000066c5  UART_disableInterrupt                          
000065a7  UART_disableModule                             
00006695  UART_enableInterrupt                           
00006591  UART_enableModule                              
00006719  UART_getEnabledInterruptStatus                 
000066f5  UART_getInterruptStatus                        
0000665d  UART_getReceiveBufferAddressForDMA             
0000666b  UART_getTransmitBufferAddressForDMA            
0000643d  UART_initModule                                
000065bd  UART_queryStatusFlags                          
0000656b  UART_receiveData                               
000067a1  UART_registerInterrupt                         
000065e5  UART_resetDormant                              
00006679  UART_selectDeglitchTime                        
000065d1  UART_setDormant                                
000065f9  UART_transmitAddress                           
00006617  UART_transmitBreak                             
00006541  UART_transmitData                              
00006819  UART_unregisterInterrupt                       
0000952f  UsageFault_Handler                             
4000480c  WDTCTL_SYM                                     
0000952f  WDT_A_IRQHandler                               
000089cd  WDT_A_clearTimer                               
0000898d  WDT_A_holdTimer                                
00008a09  WDT_A_initIntervalTimer                        
000089ed  WDT_A_initWatchdogTimer                        
00008a3d  WDT_A_registerInterrupt                        
00008a25  WDT_A_setPasswordViolationReset                
00008a31  WDT_A_setTimeoutReset                          
000089ad  WDT_A_startTimer                               
00008a51  WDT_A_unregisterInterrupt                      
0000155f  __FlashCtl_remaskBurstDataPost                 
0000143d  __FlashCtl_remaskBurstDataPre                  
00001281  __FlashCtl_remaskData32Post                    
00001365  __FlashCtl_remaskData32Pre                     
00001163  __FlashCtl_remaskData8Post                     
000011e3  __FlashCtl_remaskData8Pre                      
20010000  __STACK_END                                    
00000200  __STACK_SIZE                                   
000099f8  __TI_CINIT_Base                                
00009a10  __TI_CINIT_Limit                               
000099dc  __TI_Handler_Table_Base                        
000099e8  __TI_Handler_Table_Limit                       
00009271  __TI_auto_init_nobinit_nopinit                 
00008f6d  __TI_decompress_lzss                           
00009515  __TI_decompress_none                           
000090e9  __TI_ltoa                                      
ffffffff  __TI_pprof_out_hndl                            
000022e9  __TI_printfi                                   
ffffffff  __TI_prof_data_size                            
ffffffff  __TI_prof_data_start                           
00000000  __TI_static_base__                             
0000946f  __TI_zero_init_nomemset                        
00008cfd  __aeabi_cdcmpeq                                
00008cfd  __aeabi_cdcmple                                
00008d83  __aeabi_cdrcmple                               
00009229  __aeabi_d2iz                                   
000092b5  __aeabi_d2uiz                                  
00007d17  __aeabi_dadd                                   
00008329  __aeabi_ddiv                                   
0000879d  __aeabi_dmul                                   
00007d0d  __aeabi_dsub                                   
0000953d  __aeabi_errno_addr                             
00009421  __aeabi_i2d                                    
00002d37  __aeabi_idiv0                                  
00002d37  __aeabi_ldiv0                                  
00008e85  __aeabi_memclr                                 
00008e85  __aeabi_memclr4                                
00008e85  __aeabi_memclr8                                
00008bcb  __aeabi_memcpy                                 
00008bcb  __aeabi_memcpy4                                
00008bcb  __aeabi_memcpy8                                
00008e87  __aeabi_memset                                 
00008e87  __aeabi_memset4                                
00008e87  __aeabi_memset8                                
0000944f  __aeabi_ui2d                                   
00008c67  __aeabi_uldivmod                               
ffffffff  __binit__                                      
ffffffff  __c_args__                                     
UNDEFED   __mpu_init                                     
2000fe00  __stack                                        
20000000  __start___llvm_prf_cnts                        
20000000  __stop___llvm_prf_cnts                         
000093ed  _c_int00_noargs                                
0000972c  _ctypes_                                       
UNDEFED   _system_post_cinit                             
00009545  _system_pre_init                               
00009549  abort                                          
000091dd  atoi                                           
ffffffff  binit                                          
200006e3  bumpData                                       
20000416  burstMode                                      
2000049c  compareConfig_PWM1                             
200004ac  compareConfig_PWM2                             
000094a7  copysign                                       
000094a7  copysignl                                      
20000458  count                                          
00008ae9  delay                                          
20000460  delaycounter                                   
200004c8  errno                                          
00008fd5  frexp                                          
00008fd5  frexpl                                         
20000000  g_pfnRAMVectors                                
200006d8  g_ui32ByteCount                                
20000488  i2cConfig                                      
00006885  initI2C                                        
00000000  interruptVectors                               
2000045c  lastState                                      
00008585  ldexp                                          
00008585  ldexpl                                         
00007f19  main                                           
0000948b  memccpy                                        
00008bcb  memcpy                                         
00008e8d  memset                                         
200006dc  pData                                          
00006a7d  readBurstI2C                                   
00006967  readI2C                                        
000075fb  receiveText                                    
00008585  scalbn                                         
00008585  scalbnl                                        
000075bb  sendText                                       
000092f9  sprintf                                        
00007fc1  startWakeUpTimerA                              
00008031  stopWakeUpTimerA                               
000094d9  strchr                                         
000094ef  strlen                                         
000093b5  strncpy                                        
200000e8  test                                           
0000747f  uartInit                                       
000073e9  uartReceive                                    
200006e4  ui8DummyRead                                   
200006e5  ui8Status                                      
20000470  upDownConfig                                   
00009503  wcslen                                         
0000689b  writeI2C                                       


GLOBAL SYMBOLS: SORTED BY Symbol Address 

address   name                                           
-------   ----                                           
00000000  __TI_static_base__                             
00000000  interruptVectors                               
00000200  __STACK_SIZE                                   
0000028f  FlashCtl_getMemoryInfo                         
0000060d  FlashCtl_enableReadBuffering                   
00000661  FlashCtl_disableReadBuffering                  
000006bd  FlashCtl_unprotectSector                       
0000072d  FlashCtl_protectSector                         
0000078d  FlashCtl_isSectorProtected                     
00000819  FlashCtl_verifyMemory                          
00000a81  FlashCtl_setReadMode                           
00000af1  FlashCtl_getReadMode                           
00000b1f  FlashCtl_initiateMassErase                     
00000b45  FlashCtl_performMassErase                      
00000c91  FlashCtl_eraseSector                           
00000db9  FlashCtl_initiateSectorErase                   
00000e49  FlashCtl_programMemory                         
00000fb5  FlashCtl_setProgramVerification                
00000fef  FlashCtl_clearProgramVerification              
00001029  FlashCtl_enableWordProgramming                 
00001059  FlashCtl_disableWordProgramming                
00001061  FlashCtl_isWordProgrammingEnabled              
00001081  FlashCtl_setWaitState                          
000010bf  FlashCtl_getWaitState                          
000010ed  FlashCtl_enableInterrupt                       
00001101  FlashCtl_disableInterrupt                      
00001115  FlashCtl_getInterruptStatus                    
0000111b  FlashCtl_getEnabledInterruptStatus             
0000112b  FlashCtl_clearInterruptFlag                    
0000113f  FlashCtl_registerInterrupt                     
00001153  FlashCtl_unregisterInterrupt                   
00001163  __FlashCtl_remaskData8Post                     
000011e3  __FlashCtl_remaskData8Pre                      
00001281  __FlashCtl_remaskData32Post                    
00001365  __FlashCtl_remaskData32Pre                     
0000143d  __FlashCtl_remaskBurstDataPre                  
0000155f  __FlashCtl_remaskBurstDataPost                 
000018f1  CS_setExternalClockSourceFrequency             
0000192d  CS_initClockSignal                             
00001a31  CS_startHFXT                                   
00001a55  CS_startHFXTWithTimeout                        
00001b19  CS_startLFXT                                   
00001b3d  CS_startLFXTWithTimeout                        
00001c0d  CS_enableClockRequest                          
00001c35  CS_disableClockRequest                         
00001c57  CS_setReferenceOscillatorFrequency             
00001c7d  CS_enableDCOExternalResistor                   
00001ca5  CS_setDCOExternalResistorCalibration           
00001d13  CS_disableDCOExternalResistor                  
00001d31  CS_setDCOCenteredFrequency                     
00001d61  CS_tuneDCOFrequency                            
00001df1  CS_getDCOFrequency                             
00001f09  CS_setDCOFrequency                             
0000206b  CS_getBCLK                                     
00002087  CS_getHSMCLK                                   
000020ab  CS_getACLK                                     
000020cf  CS_getSMCLK                                    
000020f1  CS_getMCLK                                     
00002119  CS_enableFaultCounter                          
00002145  CS_disableFaultCounter                         
00002171  CS_resetFaultCounter                           
0000219d  CS_startFaultCounter                           
000021e1  CS_enableInterrupt                             
0000220d  CS_disableInterrupt                            
0000222f  CS_getInterruptStatus                          
0000223d  CS_getEnabledInterruptStatus                   
0000225d  CS_clearInterruptFlag                          
00002289  CS_registerInterrupt                           
000022a1  CS_unregisterInterrupt                         
000022e9  __TI_printfi                                   
00002d37  __aeabi_idiv0                                  
00002d37  __aeabi_ldiv0                                  
00002d39  InitializeFSM                                  
00002d49  NextStateFunction                              
00003031  OutputFunction                                 
0000376d  I2C_initMaster                                 
000037cf  I2C_initSlave                                  
00003809  I2C_enableModule                               
0000381f  I2C_disableModule                              
00003835  I2C_setSlaveAddress                            
00003849  I2C_setMode                                    
00003865  I2C_setTimeout                                 
000038a7  I2C_masterReceiveSingleByte                    
00003909  I2C_slavePutData                               
0000391f  I2C_slaveGetData                               
00003933  I2C_isBusBusy                                  
00003945  I2C_masterSendSingleByte                       
000039bb  I2C_masterSendSingleByteWithTimeout            
00003a47  I2C_masterSendMultiByteStart                   
00003aa1  I2C_masterSendMultiByteStartWithTimeout        
00003b07  I2C_masterSendMultiByteNext                    
00003b33  I2C_masterSendMultiByteNextWithTimeout         
00003b7d  I2C_masterSendMultiByteFinish                  
00003be1  I2C_masterSendMultiByteFinishWithTimeout       
00003c5f  I2C_masterSendMultiByteStop                    
00003c89  I2C_masterSendMultiByteStopWithTimeout         
00003cc9  I2C_masterReceiveStart                         
00003ce3  I2C_masterReceiveMultiByteNext                 
00003cf7  I2C_masterReceiveMultiByteFinish               
00003d2f  I2C_masterReceiveMultiByteFinishWithTimeout    
00003d8d  I2C_masterReceiveMultiByteStop                 
00003da1  I2C_masterReceiveSingle                        
00003dcb  I2C_getReceiveBufferAddressForDMA              
00003dd9  I2C_getTransmitBufferAddressForDMA             
00003de7  I2C_masterIsStopSent                           
00003df9  I2C_masterIsStartSent                          
00003e11  I2C_masterSendStart                            
00003e25  I2C_enableMultiMasterMode                      
00003e49  I2C_disableMultiMasterMode                     
00003e69  I2C_enableInterrupt                            
00003e7f  I2C_disableInterrupt                           
00003e95  I2C_clearInterruptFlag                         
00003eab  I2C_getInterruptStatus                         
00003ec3  I2C_getEnabledInterruptStatus                  
00003ed9  I2C_getMode                                    
00003ef1  I2C_registerInterrupt                          
00003f5d  I2C_unregisterInterrupt                        
00003fb9  I2C_slaveSendNAK                               
000040db  PCM_setCoreVoltageLevel                        
000040eb  PCM_setCoreVoltageLevelWithTimeout             
000040fd  PCM_setCoreVoltageLevelNonBlocking             
0000410d  PCM_getPowerMode                               
00004167  PCM_getCoreVoltageLevel                        
0000430d  PCM_setPowerMode                               
0000431d  PCM_setPowerModeNonBlocking                    
0000432d  PCM_setPowerModeWithTimeout                    
000045df  PCM_setPowerState                              
000045ef  PCM_setPowerStateWithTimeout                   
00004601  PCM_setPowerStateNonBlocking                   
00004611  PCM_shutdownDevice                             
00004655  PCM_gotoLPM4                                   
00004665  PCM_gotoLPM4InterruptSafe                      
00004681  PCM_gotoLPM0                                   
0000469f  PCM_gotoLPM0InterruptSafe                      
000046bb  PCM_gotoLPM3                                   
0000472d  PCM_gotoLPM3InterruptSafe                      
00004749  PCM_getPowerState                              
00004757  PCM_enableRudeMode                             
00004769  PCM_disableRudeMode                            
0000477d  PCM_enableInterrupt                            
00004791  PCM_disableInterrupt                           
000047a5  PCM_getInterruptStatus                         
000047ab  PCM_getEnabledInterruptStatus                  
000047bb  PCM_clearInterruptFlag                         
000047cf  PCM_registerInterrupt                          
000047e3  PCM_unregisterInterrupt                        
0000495d  Timer_A_startCounter                           
00004973  Timer_A_configureContinuousMode                
000049a3  Timer_A_configureUpMode                        
00004a01  Timer_A_configureUpDownMode                    
00004a5f  Timer_A_initCapture                            
00004ab1  Timer_A_initCompare                            
00004aff  Timer_A_getCounterValue                        
00004b4b  Timer_A_clearTimer                             
00004b5f  Timer_A_getSynchronizedCaptureCompareInput     
00004b8f  Timer_A_getOutputForOutputModeOutBitValue      
00004bbd  Timer_A_getCaptureCompareCount                 
00004bdf  Timer_A_setOutputForOutputModeOutBitValue      
00004c17  Timer_A_generatePWM                            
00004c8d  Timer_A_stopTimer                              
00004ca1  Timer_A_setCompareValue                        
00004ccd  Timer_A_clearInterruptFlag                     
00004ce3  Timer_A_clearCaptureCompareInterrupt           
00004d0b  Timer_A_enableInterrupt                        
00004d1f  Timer_A_disableInterrupt                       
00004d33  Timer_A_getInterruptStatus                     
00004d45  Timer_A_enableCaptureCompareInterrupt          
00004d71  Timer_A_disableCaptureCompareInterrupt         
00004d99  Timer_A_getCaptureCompareInterruptStatus       
00004dc1  Timer_A_getEnabledInterruptStatus              
00004dd9  Timer_A_getCaptureCompareEnabledInterruptStatus
00004e15  Timer_A_registerInterrupt                      
00004ee7  Timer_A_unregisterInterrupt                    
00005093  Nokia5110_Init                                 
000050f7  Nokia5110_OutChar                              
00005137  Nokia5110_OutString                            
00005159  Nokia5110_OutUDec                              
00005177  Nokia5110_OutSDec                              
00005195  Nokia5110_OutUFix1                             
00005223  Nokia5110_SetCursor                            
0000525f  Nokia5110_Clear                                
0000528b  Nokia5110_DrawFullImage                        
000052cd  Nokia5110_PrintBMP                             
000054b9  Nokia5110_ClearBuffer                          
000054e3  Nokia5110_DisplayBuffer                        
000054ed  Nokia5110_ClrPxl                               
00005513  Nokia5110_SetPxl                               
00005541  RTC_C_startClock                               
0000555f  RTC_C_holdClock                                
0000557d  RTC_C_setCalibrationFrequency                  
000055ad  RTC_C_setCalibrationData                       
000055d9  RTC_C_setTemperatureCompensation               
00005603  RTC_C_initCalendar                             
00005675  RTC_C_getCalendarTime                          
000056db  RTC_C_setCalendarAlarm                         
00005713  RTC_C_setCalendarEvent                         
00005743  RTC_C_definePrescaleEvent                      
00005783  RTC_C_getPrescaleValue                         
000057af  RTC_C_setPrescaleValue                         
000057ff  RTC_C_convertBCDToBinary                       
00005817  RTC_C_convertBinaryToBCD                       
00005835  RTC_C_enableInterrupt                          
00005899  RTC_C_disableInterrupt                         
00005905  RTC_C_getInterruptStatus                       
00005969  RTC_C_getEnabledInterruptStatus                
000059ed  RTC_C_clearInterruptFlag                       
00005a33  RTC_C_registerInterrupt                        
00005a47  RTC_C_unregisterInterrupt                      
00005a95  Reflectance_Init                               
00005af9  Reflectance_Read                               
00005cd5  Reflectance_Start                              
00005daf  Reflectance_End                                
00005ea5  Reflectance_Center                             
00005f0b  Reflectance_Position                           
00005fbd  GPIO_setAsOutputPin                            
00005ff7  GPIO_setAsInputPin                             
0000603d  GPIO_setAsPeripheralModuleFunctionOutputPin    
000060c1  GPIO_setAsPeripheralModuleFunctionInputPin     
00006145  GPIO_setOutputHighOnPin                        
00006167  GPIO_setOutputLowOnPin                         
00006189  GPIO_toggleOutputOnPin                         
000061ab  GPIO_setAsInputPinWithPullDownResistor         
000061fd  GPIO_setAsInputPinWithPullUpResistor           
0000624f  GPIO_getInputPinValue                          
0000627d  GPIO_enableInterrupt                           
0000629f  GPIO_disableInterrupt                          
000062c1  GPIO_getInterruptStatus                        
000062df  GPIO_clearInterruptFlag                        
00006301  GPIO_interruptEdgeSelect                       
00006337  GPIO_getEnabledInterruptStatus                 
000063b3  GPIO_setDriveStrengthHigh                      
000063d5  GPIO_setDriveStrengthLow                       
000063f7  GPIO_registerInterrupt                         
00006417  GPIO_unregisterInterrupt                       
0000643d  UART_initModule                                
00006541  UART_transmitData                              
0000656b  UART_receiveData                               
00006591  UART_enableModule                              
000065a7  UART_disableModule                             
000065bd  UART_queryStatusFlags                          
000065d1  UART_setDormant                                
000065e5  UART_resetDormant                              
000065f9  UART_transmitAddress                           
00006617  UART_transmitBreak                             
0000665d  UART_getReceiveBufferAddressForDMA             
0000666b  UART_getTransmitBufferAddressForDMA            
00006679  UART_selectDeglitchTime                        
00006695  UART_enableInterrupt                           
000066c5  UART_disableInterrupt                          
000066f5  UART_getInterruptStatus                        
00006719  UART_getEnabledInterruptStatus                 
00006781  UART_clearInterruptFlag                        
000067a1  UART_registerInterrupt                         
00006819  UART_unregisterInterrupt                       
00006885  initI2C                                        
0000689b  writeI2C                                       
00006967  readI2C                                        
00006a7d  readBurstI2C                                   
00006ba9  EUSCIB1_IRQHandler                             
00006ba9  EUSCIB1_IRQHandler                             
00006cab  Interrupt_enableMaster                         
00006cbb  Interrupt_disableMaster                        
00006ccb  Interrupt_registerInterrupt                    
00006d1d  Interrupt_unregisterInterrupt                  
00006d31  Interrupt_setPriorityGrouping                  
00006d69  Interrupt_getPriorityGrouping                  
00006da1  Interrupt_setPriority                          
00006df1  Interrupt_getPriority                          
00006e17  Interrupt_enableInterrupt                      
00006e89  Interrupt_disableInterrupt                     
00006efb  Interrupt_isEnabled                            
00006f85  Interrupt_pendInterrupt                        
00006ff5  Interrupt_unpendInterrupt                      
00007043  Interrupt_setPriorityMask                      
00007053  Interrupt_getPriorityMask                      
0000705d  Interrupt_setVectorTableAddress                
0000706d  Interrupt_getVectorTableAddress                
00007073  Interrupt_enableSleepOnIsrExit                 
00007085  Interrupt_disableSleepOnIsrExit                
000070b5  SystemCoreClockUpdate                          
0000732d  SystemInit                                     
000073e9  uartReceive                                    
0000747f  uartInit                                       
0000759f  EUSCIA0_IRQHandler                             
0000759f  EUSCIA0_IRQHandler                             
000075bb  sendText                                       
000075fb  receiveText                                    
000078f5  SysCtl_getTLVInfo                              
0000796b  SysCtl_getSRAMSize                             
00007971  SysCtl_getFlashSize                            
00007977  SysCtl_disableNMISource                        
0000798b  SysCtl_enableNMISource                         
0000799f  SysCtl_getNMISourceStatus                      
000079a9  SysCtl_enableSRAMBank                          
000079c5  SysCtl_disableSRAMBank                         
00007a2d  SysCtl_enableSRAMBankRetention                 
00007a49  SysCtl_disableSRAMBankRetention                
00007a65  SysCtl_rebootDevice                            
00007a6f  SysCtl_enablePeripheralAtCPUHalt               
00007a83  SysCtl_disablePeripheralAtCPUHalt              
00007a97  SysCtl_setWDTTimeoutResetType                  
00007abb  SysCtl_setWDTPasswordViolationResetType        
00007adf  SysCtl_enableGlitchFilter                      
00007aeb  SysCtl_disableGlitchFilter                     
00007af7  SysCtl_getTempCalibrationConstant              
00007d0d  __aeabi_dsub                                   
00007d17  __aeabi_dadd                                   
00007ec5  Task                                           
00007f19  main                                           
00007fc1  startWakeUpTimerA                              
00008031  stopWakeUpTimerA                               
00008079  Bump_Init                                      
00008085  Bump_Read                                      
00008183  Bump_Interrupt_Init                            
000081bf  PORT4_IRQHandler                               
000081bf  PORT4_IRQHandler                               
00008329  __aeabi_ddiv                                   
00008585  ldexp                                          
00008585  ldexpl                                         
00008585  scalbn                                         
00008585  scalbnl                                        
00008695  Motor_Init                                     
000086c5  Motor_Forward                                  
000086f1  Motor_Backward                                 
0000871d  Motor_Left                                     
00008751  Motor_Right                                    
00008785  Motor_Stop                                     
0000879d  __aeabi_dmul                                   
00008899  Duty_To_CCR                                    
000088bb  PWM_Init                                       
00008925  PWM_Duty_Right                                 
0000894b  PWM_Duty_Left                                  
0000898d  WDT_A_holdTimer                                
000089ad  WDT_A_startTimer                               
000089cd  WDT_A_clearTimer                               
000089ed  WDT_A_initWatchdogTimer                        
00008a09  WDT_A_initIntervalTimer                        
00008a25  WDT_A_setPasswordViolationReset                
00008a31  WDT_A_setTimeoutReset                          
00008a3d  WDT_A_registerInterrupt                        
00008a51  WDT_A_unregisterInterrupt                      
00008a65  HFXT_Init                                      
00008a7b  Clock_Init                                     
00008abf  Clock_Delay1us                                 
00008ae9  delay                                          
00008af7  Clock_Delay1ms                                 
00008bcb  __aeabi_memcpy                                 
00008bcb  __aeabi_memcpy4                                
00008bcb  __aeabi_memcpy8                                
00008bcb  memcpy                                         
00008c67  __aeabi_uldivmod                               
00008cfd  __aeabi_cdcmpeq                                
00008cfd  __aeabi_cdcmple                                
00008d83  __aeabi_cdrcmple                               
00008e09  TimerA1_Init                                   
00008e49  TimerA1_Stop                                   
00008e67  TA1_0_IRQHandler                               
00008e67  TA1_0_IRQHandler                               
00008e85  __aeabi_memclr                                 
00008e85  __aeabi_memclr4                                
00008e85  __aeabi_memclr8                                
00008e87  __aeabi_memset                                 
00008e87  __aeabi_memset4                                
00008e87  __aeabi_memset8                                
00008e8d  memset                                         
00008f6d  __TI_decompress_lzss                           
00008fd5  frexp                                          
00008fd5  frexpl                                         
00009039  ReadSwitchStatus                               
00009063  InitializeSwitch                               
000090e9  __TI_ltoa                                      
00009191  InitializePushButtonPortPins                   
000091dd  atoi                                           
00009229  __aeabi_d2iz                                   
00009271  __TI_auto_init_nobinit_nopinit                 
000092b5  __aeabi_d2uiz                                  
000092f9  sprintf                                        
00009377  CPU_cpsid                                      
00009383  CPU_primask                                    
0000938d  CPU_cpsie                                      
00009399  CPU_wfi                                        
0000939d  CPU_basepriSet                                 
000093ab  CPU_basepriGet                                 
000093b5  strncpy                                        
000093ed  _c_int00_noargs                                
00009421  __aeabi_i2d                                    
0000944f  __aeabi_ui2d                                   
0000946f  __TI_zero_init_nomemset                        
0000948b  memccpy                                        
000094a7  copysign                                       
000094a7  copysignl                                      
000094d9  strchr                                         
000094ef  strlen                                         
00009503  wcslen                                         
00009515  __TI_decompress_none                           
00009523  Reset_Handler                                  
0000952f  ADC14_IRQHandler                               
0000952f  AES256_IRQHandler                              
0000952f  BusFault_Handler                               
0000952f  COMP_E0_IRQHandler                             
0000952f  COMP_E1_IRQHandler                             
0000952f  CS_IRQHandler                                  
0000952f  DMA_ERR_IRQHandler                             
0000952f  DMA_INT0_IRQHandler                            
0000952f  DMA_INT1_IRQHandler                            
0000952f  DMA_INT2_IRQHandler                            
0000952f  DMA_INT3_IRQHandler                            
0000952f  DebugMon_Handler                               
0000952f  Default_Handler                                
0000952f  EUSCIA1_IRQHandler                             
0000952f  EUSCIA2_IRQHandler                             
0000952f  EUSCIA3_IRQHandler                             
0000952f  EUSCIB0_IRQHandler                             
0000952f  EUSCIB2_IRQHandler                             
0000952f  EUSCIB3_IRQHandler                             
0000952f  FLCTL_IRQHandler                               
0000952f  FPU_IRQHandler                                 
0000952f  HardFault_Handler                              
0000952f  MemManage_Handler                              
0000952f  NMI_Handler                                    
0000952f  PCM_IRQHandler                                 
0000952f  PORT1_IRQHandler                               
0000952f  PORT2_IRQHandler                               
0000952f  PORT3_IRQHandler                               
0000952f  PORT5_IRQHandler                               
0000952f  PORT6_IRQHandler                               
0000952f  PSS_IRQHandler                                 
0000952f  PendSV_Handler                                 
0000952f  RTC_C_IRQHandler                               
0000952f  SVC_Handler                                    
0000952f  SysTick_Handler                                
0000952f  T32_INT1_IRQHandler                            
0000952f  T32_INT2_IRQHandler                            
0000952f  T32_INTC_IRQHandler                            
0000952f  TA0_0_IRQHandler                               
0000952f  TA0_N_IRQHandler                               
0000952f  TA1_N_IRQHandler                               
0000952f  TA2_0_IRQHandler                               
0000952f  TA2_N_IRQHandler                               
0000952f  TA3_0_IRQHandler                               
0000952f  TA3_N_IRQHandler                               
0000952f  UsageFault_Handler                             
0000952f  WDT_A_IRQHandler                               
0000953d  __aeabi_errno_addr                             
00009545  _system_pre_init                               
00009549  C$$EXIT                                        
00009549  abort                                          
0000972c  _ctypes_                                       
0000993c  Masks                                          
000099dc  __TI_Handler_Table_Base                        
000099e8  __TI_Handler_Table_Limit                       
000099f8  __TI_CINIT_Base                                
00009a10  __TI_CINIT_Limit                               
20000000  __start___llvm_prf_cnts                        
20000000  __stop___llvm_prf_cnts                         
20000000  g_pfnRAMVectors                                
200000e8  test                                           
20000416  burstMode                                      
20000458  count                                          
2000045c  lastState                                      
20000460  delaycounter                                   
20000468  LiftedUp                                       
2000046c  StopSlowNormalLight                            
20000470  upDownConfig                                   
20000488  i2cConfig                                      
2000049c  compareConfig_PWM1                             
200004ac  compareConfig_PWM2                             
200004c4  TIMERA1_PERIOD                                 
200004c8  errno                                          
200004cc  SystemCoreClock                                
200004d0  Screen                                         
200006d0  BumpTask                                       
200006d4  TimerTask                                      
200006d8  g_ui32ByteCount                                
200006dc  pData                                          
200006e0  LED_FSM                                        
200006e2  ReflectanceRead                                
200006e3  bumpData                                       
200006e4  ui8DummyRead                                   
200006e5  ui8Status                                      
2000fe00  __stack                                        
20010000  __STACK_END                                    
4000480c  WDTCTL_SYM                                     
ffffffff  __TI_pprof_out_hndl                            
ffffffff  __TI_prof_data_size                            
ffffffff  __TI_prof_data_start                           
ffffffff  __binit__                                      
ffffffff  __c_args__                                     
ffffffff  binit                                          
UNDEFED   __mpu_init                                     
UNDEFED   _system_post_cinit                             

[491 symbols]
